Archive member included to satisfy reference by file (symbol)

c:\Users\v.tsaregorodtsev\Documents\vch\VCH_BLE\StdPeriphDriver\libISP583.a(ISP583.o)
                              ./StdPeriphDriver/CH58x_flash.o (FLASH_EEPROM_CMD)
c:\Users\v.tsaregorodtsev\Documents\vch\VCH_BLE\LIB\libCH58xBLE.a(message.o)
                              ./HAL/MCU.o (tmos_msg_deallocate)
c:\Users\v.tsaregorodtsev\Documents\vch\VCH_BLE\LIB\libCH58xBLE.a(tmos.o)
                              ./Profile/devinfoservice.o (tmos_memcpy)
c:\Users\v.tsaregorodtsev\Documents\vch\VCH_BLE\LIB\libCH58xBLE.a(tmos_hw.o)
                              ./HAL/RTC.o (TMOS_TimerInit)
c:\Users\v.tsaregorodtsev\Documents\vch\VCH_BLE\LIB\libCH58xBLE.a(tmos_snv.o)
                              c:\Users\v.tsaregorodtsev\Documents\vch\VCH_BLE\LIB\libCH58xBLE.a(tmos.o) (tmos_snv_init)
c:\Users\v.tsaregorodtsev\Documents\vch\VCH_BLE\LIB\libCH58xBLE.a(att.o)
                              ./APP/peripheral.o (ATT_GetMTU)
c:\Users\v.tsaregorodtsev\Documents\vch\VCH_BLE\LIB\libCH58xBLE.a(att_client.o)
                              c:\Users\v.tsaregorodtsev\Documents\vch\VCH_BLE\LIB\libCH58xBLE.a(att.o) (ATT_HandleValueConfirmation)
c:\Users\v.tsaregorodtsev\Documents\vch\VCH_BLE\LIB\libCH58xBLE.a(gap.o)
                              ./APP/peripheral.o (GAP_SetParamValue)
c:\Users\v.tsaregorodtsev\Documents\vch\VCH_BLE\LIB\libCH58xBLE.a(gap_central.o)
                              c:\Users\v.tsaregorodtsev\Documents\vch\VCH_BLE\LIB\libCH58xBLE.a(gap.o) (gapProcessPeriodicAdvertisingSyncEstablishedEvt)
c:\Users\v.tsaregorodtsev\Documents\vch\VCH_BLE\LIB\libCH58xBLE.a(gap_peripheral.o)
                              c:\Users\v.tsaregorodtsev\Documents\vch\VCH_BLE\LIB\libCH58xBLE.a(gap.o) (GAP_PeripheralParamInit)
c:\Users\v.tsaregorodtsev\Documents\vch\VCH_BLE\LIB\libCH58xBLE.a(gapgattserver.o)
                              ./APP/peripheral.o (GGS_SetParameter)
c:\Users\v.tsaregorodtsev\Documents\vch\VCH_BLE\LIB\libCH58xBLE.a(gatt.o)
                              ./APP/peripheral.o (GATT_ExchangeMTU)
c:\Users\v.tsaregorodtsev\Documents\vch\VCH_BLE\LIB\libCH58xBLE.a(gatt_uuid.o)
                              c:\Users\v.tsaregorodtsev\Documents\vch\VCH_BLE\LIB\libCH58xBLE.a(gatt.o) (serviceChangedUUID)
c:\Users\v.tsaregorodtsev\Documents\vch\VCH_BLE\LIB\libCH58xBLE.a(gattclientapp.o)
                              c:\Users\v.tsaregorodtsev\Documents\vch\VCH_BLE\LIB\libCH58xBLE.a(gatt.o) (gattGetClientStatus)
c:\Users\v.tsaregorodtsev\Documents\vch\VCH_BLE\LIB\libCH58xBLE.a(gattservapp.o)
                              ./APP/ble_uart_service/ble_uart_service_16bit.o (GATTServApp_ReadCharCfg)
c:\Users\v.tsaregorodtsev\Documents\vch\VCH_BLE\LIB\libCH58xBLE.a(l2cap.o)
                              c:\Users\v.tsaregorodtsev\Documents\vch\VCH_BLE\LIB\libCH58xBLE.a(att.o) (L2CAP_GetMTU)
c:\Users\v.tsaregorodtsev\Documents\vch\VCH_BLE\LIB\libCH58xBLE.a(l2cap_input.o)
                              c:\Users\v.tsaregorodtsev\Documents\vch\VCH_BLE\LIB\libCH58xBLE.a(l2cap.o) (l2capProcessRxData)
c:\Users\v.tsaregorodtsev\Documents\vch\VCH_BLE\LIB\libCH58xBLE.a(l2cap_output.o)
                              c:\Users\v.tsaregorodtsev\Documents\vch\VCH_BLE\LIB\libCH58xBLE.a(l2cap_input.o) (l2capNotifyData)
c:\Users\v.tsaregorodtsev\Documents\vch\VCH_BLE\LIB\libCH58xBLE.a(l2cap_sdu.o)
                              c:\Users\v.tsaregorodtsev\Documents\vch\VCH_BLE\LIB\libCH58xBLE.a(l2cap_input.o) (l2capBuildDisconnectRsp)
c:\Users\v.tsaregorodtsev\Documents\vch\VCH_BLE\LIB\libCH58xBLE.a(linkdb.o)
                              c:\Users\v.tsaregorodtsev\Documents\vch\VCH_BLE\LIB\libCH58xBLE.a(l2cap.o) (linkDB_Init)
c:\Users\v.tsaregorodtsev\Documents\vch\VCH_BLE\LIB\libCH58xBLE.a(sm.o)
                              c:\Users\v.tsaregorodtsev\Documents\vch\VCH_BLE\LIB\libCH58xBLE.a(gap.o) (smFreePairingParams)
c:\Users\v.tsaregorodtsev\Documents\vch\VCH_BLE\LIB\libCH58xBLE.a(sm_initiator.o)
                              c:\Users\v.tsaregorodtsev\Documents\vch\VCH_BLE\LIB\libCH58xBLE.a(sm.o) (smInitiatorSendNextKeyInfo)
c:\Users\v.tsaregorodtsev\Documents\vch\VCH_BLE\LIB\libCH58xBLE.a(sm_pdu.o)
                              c:\Users\v.tsaregorodtsev\Documents\vch\VCH_BLE\LIB\libCH58xBLE.a(sm.o) (smpBuildPairingReq)
c:\Users\v.tsaregorodtsev\Documents\vch\VCH_BLE\LIB\libCH58xBLE.a(sm_responding.o)
                              c:\Users\v.tsaregorodtsev\Documents\vch\VCH_BLE\LIB\libCH58xBLE.a(sm.o) (smResponderSendNextKeyInfo)
c:\Users\v.tsaregorodtsev\Documents\vch\VCH_BLE\LIB\libCH58xBLE.a(sm_toolbox.o)
                              c:\Users\v.tsaregorodtsev\Documents\vch\VCH_BLE\LIB\libCH58xBLE.a(sm.o) (sm_ah)
c:\Users\v.tsaregorodtsev\Documents\vch\VCH_BLE\LIB\libCH58xBLE.a(host_input.o)
                              c:\Users\v.tsaregorodtsev\Documents\vch\VCH_BLE\LIB\libCH58xBLE.a(gap.o) (gBleHostPara)
c:\Users\v.tsaregorodtsev\Documents\vch\VCH_BLE\LIB\libCH58xBLE.a(host_output.o)
[...]
Memory Configuration

Name             Origin             Length             Attributes
FLASH            0x0000000000000000 0x0000000000070000 xr
RAM              0x0000000020000000 0x0000000000008000 xrw
*default*        0x0000000000000000 0xffffffffffffffff

Linker script and memory map

LOAD ./StdPeriphDriver/CH58x_adc.o
LOAD ./StdPeriphDriver/CH58x_clk.o
LOAD ./StdPeriphDriver/CH58x_flash.o
LOAD ./StdPeriphDriver/CH58x_gpio.o
LOAD ./StdPeriphDriver/CH58x_i2c.o
LOAD ./StdPeriphDriver/CH58x_pwm.o
LOAD ./StdPeriphDriver/CH58x_pwr.o
LOAD ./StdPeriphDriver/CH58x_spi0.o
LOAD ./StdPeriphDriver/CH58x_spi1.o
LOAD ./StdPeriphDriver/CH58x_sys.o
LOAD ./StdPeriphDriver/CH58x_timer0.o
LOAD ./StdPeriphDriver/CH58x_timer1.o
LOAD ./StdPeriphDriver/CH58x_timer2.o
LOAD ./StdPeriphDriver/CH58x_timer3.o
LOAD ./StdPeriphDriver/CH58x_uart0.o
LOAD ./StdPeriphDriver/CH58x_uart1.o
LOAD ./StdPeriphDriver/CH58x_uart2.o
LOAD ./StdPeriphDriver/CH58x_uart3.o
LOAD ./StdPeriphDriver/CH58x_usb2dev.o
LOAD ./StdPeriphDriver/CH58x_usb2hostBase.o
LOAD ./StdPeriphDriver/CH58x_usb2hostClass.o
LOAD ./StdPeriphDriver/CH58x_usbdev.o
LOAD ./StdPeriphDriver/CH58x_usbhostBase.o
LOAD ./StdPeriphDriver/CH58x_usbhostClass.o
LOAD ./Startup/startup_CH583.o
LOAD ./RVMSIS/core_riscv.o
LOAD ./Profile/devinfoservice.o
LOAD ./HAL/MCU.o
LOAD ./HAL/RTC.o
LOAD ./HAL/SLEEP.o
LOAD ./APP/ble_uart_service/ble_uart_processing.o
LOAD ./APP/ble_uart_service/ble_uart_service_16bit.o
LOAD ./APP/app_drv_fifo/app_drv_fifo.o
LOAD ./APP/PCB/indication.o
LOAD ./APP/PCB/timedelay.o
LOAD ./APP/app_uart.o
LOAD ./APP/peripheral.o
LOAD ./APP/peripheral_main.o
LOAD c:\Users\v.tsaregorodtsev\Documents\vch\VCH_BLE\StdPeriphDriver\libISP583.a
LOAD c:\Users\v.tsaregorodtsev\Documents\vch\VCH_BLE\LIB\libCH58xBLE.a
LOAD c:/mounriver/mounriver_studio2/resources/app/resources/win32/components/wch/toolchain/risc-v embedded gcc/bin/../lib/gcc/riscv-none-embed/8.2.0/../../../../riscv-none-embed/lib/rv32imac/ilp32\libm.a
LOAD c:/mounriver/mounriver_studio2/resources/app/resources/win32/components/wch/toolchain/risc-v embedded gcc/bin/../lib/gcc/riscv-none-embed/8.2.0/rv32imac/ilp32\libgcc.a
LOAD c:/mounriver/mounriver_studio2/resources/app/resources/win32/components/wch/toolchain/risc-v embedded gcc/bin/../lib/gcc/riscv-none-embed/8.2.0/../../../../riscv-none-embed/lib/rv32imac/ilp32\libg_nano.a
LOAD c:/mounriver/mounriver_studio2/resources/app/resources/win32/components/wch/toolchain/risc-v embedded gcc/bin/../lib/gcc/riscv-none-embed/8.2.0/../../../../riscv-none-embed/lib/rv32imac/ilp32\libc_nano.a
LOAD c:/mounriver/mounriver_studio2/resources/app/resources/win32/components/wch/toolchain/risc-v embedded gcc/bin/../lib/gcc/riscv-none-embed/8.2.0/rv32imac/ilp32\libgcc.a
START GROUP
LOAD c:/mounriver/mounriver_studio2/resources/app/resources/win32/components/wch/toolchain/risc-v embedded gcc/bin/../lib/gcc/riscv-none-embed/8.2.0/rv32imac/ilp32\libgcc.a
LOAD c:/mounriver/mounriver_studio2/resources/app/resources/win32/components/wch/toolchain/risc-v embedded gcc/bin/../lib/gcc/riscv-none-embed/8.2.0/../../../../riscv-none-embed/lib/rv32imac/ilp32\libc_nano.a
LOAD c:/mounriver/mounriver_studio2/resources/app/resources/win32/components/wch/toolchain/risc-v embedded gcc/bin/../lib/gcc/riscv-none-embed/8.2.0/../../../../riscv-none-embed/lib/rv32imac/ilp32\libnosys.a
END GROUP
START GROUP
LOAD c:/mounriver/mounriver_studio2/resources/app/resources/win32/components/wch/toolchain/risc-v embedded gcc/bin/../lib/gcc/riscv-none-embed/8.2.0/rv32imac/ilp32\libgcc.a
LOAD c:/mounriver/mounriver_studio2/resources/app/resources/win32/components/wch/toolchain/risc-v embedded gcc/bin/../lib/gcc/riscv-none-embed/8.2.0/../../../../riscv-none-embed/lib/rv32imac/ilp32\libc_nano.a
LOAD c:/mounriver/mounriver_studio2/resources/app/resources/win32/components/wch/toolchain/risc-v embedded gcc/bin/../lib/gcc/riscv-none-embed/8.2.0/../../../../riscv-none-embed/lib/rv32imac/ilp32\libnosys.a
END GROUP
                0x0000000000000200                __stack_size = 0x200
                [!provide]                        PROVIDE (_stack_size = __stack_size)

.init           0x0000000000000000        0x4
                0x0000000000000000                _sinit = .
                0x0000000000000000                . = ALIGN (0x4)
 *(SORT_NONE(.init))
 .init          0x0000000000000000        0x4 ./Startup/startup_CH583.o
                0x0000000000000000                _start
                0x0000000000000004                . = ALIGN (0x4)
                0x0000000000000004                _einit = .

.highcodelalign
                0x0000000000000004        0x0
                0x0000000000000004                . = ALIGN (0x4)
                0x0000000000000004                PROVIDE (_highcode_lma = .)

.highcode       0x0000000020000000     0x2788 load address 0x0000000000000004
                0x0000000020000000                . = ALIGN (0x4)
                0x0000000020000000                PROVIDE (_highcode_vma_start = .)
 *(.vector)
 .vector        0x0000000020000000       0x90 ./Startup/startup_CH583.o
 *(SORT_NONE(.vector_handler))
 .vector_handler
                0x0000000020000090        0x2 ./Startup/startup_CH583.o
                0x0000000020000090                GPIOB_IRQHandler
                0x0000000020000090                GPIOA_IRQHandler
                0x0000000020000090                NMI_Handler
                0x0000000020000090                UART0_IRQHandler
                0x0000000020000090                BB_IRQHandler
                0x0000000020000090                Break_Point_Handler
                0x0000000020000090                TMR0_IRQHandler
                0x0000000020000090                Ecall_M_Mode_Handler
                0x0000000020000090                UART2_IRQHandler
                0x0000000020000090                PWMX_IRQHandler
                0x0000000020000090                ADC_IRQHandler
                0x0000000020000090                TMR2_IRQHandler
                0x0000000020000090                USB_IRQHandler
                0x0000000020000090                I2C_IRQHandler
                0x0000000020000090                USB2_IRQHandler
                0x0000000020000090                LLE_IRQHandler
                0x0000000020000090                WDOG_BAT_IRQHandler
                0x0000000020000090                Ecall_U_Mode_Handler
                0x0000000020000090                TMR3_IRQHandler
                0x0000000020000090                SW_Handler
                0x0000000020000090                SPI0_IRQHandler
                0x0000000020000090                UART3_IRQHandler
                0x0000000020000090                TMR1_IRQHandler
 *(.highcode)
 .highcode      0x0000000020000092       0x18 ./StdPeriphDriver/CH58x_clk.o
                0x0000000020000092                RTC_GetCycle32k
 .highcode      0x00000000200000aa      0x6a4 ./StdPeriphDriver/CH58x_pwr.o
                0x00000000200000aa                LowPower_Idle
                0x00000000200000ea                LowPower_Halt
                0x00000000200002b0                LowPower_Sleep
                0x0000000020000518                LowPower_Shutdown
 .highcode      0x000000002000074e      0x4ec ./StdPeriphDriver/CH58x_sys.o
                0x000000002000074e                SetSysClock
                0x0000000020000ad4                SYS_ResetExecute
                0x0000000020000b46                HardFault_Handler
                0x0000000020000c04                mDelayuS
                0x0000000020000c12                mDelaymS
 .highcode      0x0000000020000c3a       0x16 ./HAL/RTC.o
                0x0000000020000c3a                RTC_IRQHandler
 .highcode      0x0000000020000c50       0xae ./APP/app_uart.o
                0x0000000020000c50                UART1_IRQHandler
 .highcode      0x0000000020000cfe       0x10 ./APP/peripheral_main.o
                0x0000000020000cfe                Main_Circulation
 .highcode      0x0000000020000d0e      0x426 c:\Users\v.tsaregorodtsev\Documents\vch\VCH_BLE\StdPeriphDriver\libISP583.a(ISP583.o)
                0x0000000020000d0e                FLASH_ROM_BEG
                0x0000000020000d20                FLASH_ROM_END
                0x0000000020000d2e                FLASH_ROM_IN
                0x0000000020000d3c                FLASH_ROM_OUT
                0x0000000020000d4a                FLASH_ROM_ADDR
                0x0000000020000d92                FLASH_ROM_WAIT
                0x0000000020000dca                FLASH_EEPROM_CMD
 .highcode      0x0000000020001134      0x40c c:\Users\v.tsaregorodtsev\Documents\vch\VCH_BLE\LIB\libCH58xBLE.a(tmos.o)
                0x0000000020001134                tmos_memcpy
                0x0000000020001154                tmos_memcpy_word
                0x000000002000116c                tmos_memset
                0x000000002000117e                tmos_strlen
                0x0000000020001192                tmos_memdup
                0x00000000200011c4                tmos_memcmp
                0x00000000200011f2                tmos_revmemcpy
                0x000000002000120e                tmos_isbufset
                0x0000000020001230                tmos_proces_system_time
                0x0000000020001364                TMOS_SystemProcess
 .highcode      0x0000000020001540       0x50 c:\Users\v.tsaregorodtsev\Documents\vch\VCH_BLE\LIB\libCH58xBLE.a(tmos_hw.o)
                0x000000002000158a                TMOS_TimerIRQHandler
 .highcode      0x0000000020001590       0x4e c:\Users\v.tsaregorodtsev\Documents\vch\VCH_BLE\LIB\libCH58xBLE.a(ll_whitelist.o)
                0x0000000020001590                LL_WhitelistLookup
 .highcode      0x00000000200015de      0x1b2 c:\Users\v.tsaregorodtsev\Documents\vch\VCH_BLE\LIB\libCH58xBLE.a(aes.o)
                0x00000000200015de                AES_DevAESEnc
 .highcode      0x0000000020001790      0x14a c:\Users\v.tsaregorodtsev\Documents\vch\VCH_BLE\LIB\libCH58xBLE.a(bb.o)
                0x0000000020001790                BB_IRQLibHandler
                0x0000000020001890                BB_IRQLibFunction
 .highcode      0x00000000200018da      0x368 c:\Users\v.tsaregorodtsev\Documents\vch\VCH_BLE\LIB\libCH58xBLE.a(ip.o)
                0x00000000200018da                ll_rx_wait_finish
                0x0000000020001914                ble_ll_chkcrc
                0x00000000200019b2                ll_tx_wait_finish
                0x0000000020001aaa                BLE_CheckHoppingMap
 .highcode      0x0000000020001c42      0x254 c:\Users\v.tsaregorodtsev\Documents\vch\VCH_BLE\LIB\libCH58xBLE.a(lle.o)
                0x0000000020001c42                LLE_IRQLibHandler
                0x0000000020001e4c                LLE_IRQLibFunction
 .highcode      0x0000000020001e96       0x32 c:\Users\v.tsaregorodtsev\Documents\vch\VCH_BLE\LIB\libCH58xBLE.a(rfend.o)
                0x0000000020001e96                RFEND_WaitTune
 .highcode      0x0000000020001ec8      0x19e c:\Users\v.tsaregorodtsev\Documents\vch\VCH_BLE\LIB\libCH58xBLE.a(memory.o)
                0x0000000020001ec8                tmos_memory_allocate
                0x0000000020001f8e                tmos_memory_free
 .highcode      0x0000000020002066      0x2da c:\Users\v.tsaregorodtsev\Documents\vch\VCH_BLE\LIB\libCH58xBLE.a(ll_connect.o)
                0x0000000020002066                ll_connect_send_data
                0x0000000020002192                ll_connect_recv_data
                0x000000002000226e                ll_connect_event_continue
                0x0000000020002334                ll_wait_connect_event
 .highcode      0x0000000020002340      0x310 c:\Users\v.tsaregorodtsev\Documents\vch\VCH_BLE\LIB\libCH58xBLE.a(ll_hop.o)
                0x0000000020002340                LL_HopGetChannel
                0x00000000200023e6                LL_HopGetChannel2
 .highcode      0x0000000020002650      0x138 c:\Users\v.tsaregorodtsev\Documents\vch\VCH_BLE\LIB\libCH58xBLE.a(ll_resolvinglist.o)
                0x0000000020002650                ll_resolvinglist_checkRPA
                0x00000000200026bc                LL_ResolvinglistPeerIdentifyAddressGetIrk
                0x0000000020002710                LL_ResolvinglistPeerRpaAddressGetIrk
                0x000000002000274c                LL_ResolvinglistLocalRpaAddressGetIrk
 *(.highcode.*)
                0x0000000020002788                . = ALIGN (0x4)
                0x0000000020002788                PROVIDE (_highcode_vma_end = .)

.text           0x000000000000278c    0x24030
                0x000000000000278c                . = ALIGN (0x4)
 *(SORT_NONE(.handle_reset))
 .handle_reset  0x000000000000278c       0xda ./Startup/startup_CH583.o
                0x000000000000278c                handle_reset
 *(.text)
 .text          0x0000000000002866       0xa8 c:/mounriver/mounriver_studio2/resources/app/resources/win32/components/wch/toolchain/risc-v embedded gcc/bin/../lib/gcc/riscv-none-embed/8.2.0/../../../../riscv-none-embed/lib/rv32imac/ilp32\libg_nano.a(lib_a-memset.o)
                0x0000000000002866                memset
 *(.text.*)
 .text.ADC_InterTSSampInit
                0x000000000000290e       0x28 ./StdPeriphDriver/CH58x_adc.o
                0x000000000000290e                ADC_InterTSSampInit
 .text.HSECFG_Current
                0x0000000000002936       0x68 ./StdPeriphDriver/CH58x_clk.o
                0x0000000000002936                HSECFG_Current
 .text.HSECFG_Capacitance
                0x000000000000299e       0x6c ./StdPeriphDriver/CH58x_clk.o
                0x000000000000299e                HSECFG_Capacitance
 .text.LSECFG_Current
                0x0000000000002a0a       0x68 ./StdPeriphDriver/CH58x_clk.o
                0x0000000000002a0a                LSECFG_Current
 .text.RTC_InitTime
                0x0000000000002a72      0x204 ./StdPeriphDriver/CH58x_clk.o
                0x0000000000002a72                RTC_InitTime
 .text.Calibration_LSI
                0x0000000000002c76      0x8de ./StdPeriphDriver/CH58x_clk.o
                0x0000000000002c76                Calibration_LSI
 .text.GPIOA_ModeCfg
                0x0000000000003554       0xa6 ./StdPeriphDriver/CH58x_gpio.o
                0x0000000000003554                GPIOA_ModeCfg
 .text.GPIOB_ModeCfg
                0x00000000000035fa       0xa6 ./StdPeriphDriver/CH58x_gpio.o
                0x00000000000035fa                GPIOB_ModeCfg
 .text.PWR_PeriphWakeUpCfg
                0x00000000000036a0      0x160 ./StdPeriphDriver/CH58x_pwr.o
                0x00000000000036a0                PWR_PeriphWakeUpCfg
 .text.GetSysClock
                0x0000000000003800       0x42 ./StdPeriphDriver/CH58x_sys.o
                0x0000000000003800                GetSysClock
 .text.SYS_DisableAllIrq
                0x0000000000003842       0x20 ./StdPeriphDriver/CH58x_sys.o
                0x0000000000003842                SYS_DisableAllIrq
 .text.SYS_RecoverIrq
                0x0000000000003862       0x14 ./StdPeriphDriver/CH58x_sys.o
                0x0000000000003862                SYS_RecoverIrq
 .text.SYS_GetSysTickCnt
                0x0000000000003876        0xa ./StdPeriphDriver/CH58x_sys.o
                0x0000000000003876                SYS_GetSysTickCnt
 .text._write   0x0000000000003880       0x28 ./StdPeriphDriver/CH58x_sys.o
                0x0000000000003880                _write
 .text._sbrk    0x00000000000038a8       0x34 ./StdPeriphDriver/CH58x_sys.o
                0x00000000000038a8                _sbrk
 .text.UART1_BaudRateCfg
                0x00000000000038dc       0x30 ./StdPeriphDriver/CH58x_uart1.o
                0x00000000000038dc                UART1_BaudRateCfg
 .text.UART1_DefInit
                0x000000000000390c       0x32 ./StdPeriphDriver/CH58x_uart1.o
                0x000000000000390c                UART1_DefInit
 .text.UART1_INTCfg
                0x000000000000393e       0x2a ./StdPeriphDriver/CH58x_uart1.o
                0x000000000000393e                UART1_INTCfg
 .text.devInfo_ReadAttrCB
                0x0000000000003968      0x196 ./Profile/devinfoservice.o
 .text.DevInfo_AddService
                0x0000000000003afe       0x18 ./Profile/devinfoservice.o
                0x0000000000003afe                DevInfo_AddService
 .text.Lib_Calibration_LSI
                0x0000000000003b16        0x6 ./HAL/MCU.o
                0x0000000000003b16                Lib_Calibration_LSI
 .text.Lib_Read_Flash
                0x0000000000003b1c       0x1c ./HAL/MCU.o
                0x0000000000003b1c                Lib_Read_Flash
 .text.Lib_Write_Flash
                0x0000000000003b38       0x40 ./HAL/MCU.o
                0x0000000000003b38                Lib_Write_Flash
 .text.HAL_GetInterTempValue
                0x0000000000003b78       0x72 ./HAL/MCU.o
                0x0000000000003b78                HAL_GetInterTempValue
 .text.HAL_ProcessEvent
                0x0000000000003bea       0x7e ./HAL/MCU.o
                0x0000000000003bea                HAL_ProcessEvent
 .text.CH58X_BLEInit
                0x0000000000003c68      0x138 ./HAL/MCU.o
                0x0000000000003c68                CH58X_BLEInit
 .text.HAL_Init
                0x0000000000003da0       0x32 ./HAL/MCU.o
                0x0000000000003da0                HAL_Init
 .text.RTC_SetTignTime
                0x0000000000003dd2       0x5a ./HAL/RTC.o
                0x0000000000003dd2                RTC_SetTignTime
 .text.HAL_TimeInit
                0x0000000000003e2c       0xe0 ./HAL/RTC.o
                0x0000000000003e2c                HAL_TimeInit
 .text.CH58X_LowPower
                0x0000000000003f0c       0xd4 ./HAL/SLEEP.o
                0x0000000000003f0c                CH58X_LowPower
 .text.HAL_SleepInit
                0x0000000000003fe0       0xc6 ./HAL/SLEEP.o
                0x0000000000003fe0                HAL_SleepInit
 .text.ble_uart_ForwardUartToBle
                0x00000000000040a6       0x80 ./APP/ble_uart_service/ble_uart_processing.o
                0x00000000000040a6                ble_uart_ForwardUartToBle
 .text.ble_uart_WriteAttrCB
                0x0000000000004126       0xa0 ./APP/ble_uart_service/ble_uart_service_16bit.o
 .text.ble_uart_ReadAttrCB
                0x00000000000041c6       0x8a ./APP/ble_uart_service/ble_uart_service_16bit.o
 .text.ble_uart_HandleConnStatusCB
                0x0000000000004250       0x3e ./APP/ble_uart_service/ble_uart_service_16bit.o
 .text.ble_uart_add_service
                0x000000000000428e       0x5a ./APP/ble_uart_service/ble_uart_service_16bit.o
                0x000000000000428e                ble_uart_add_service
 .text.ble_uart_notify_is_ready
                0x00000000000042e8       0x18 ./APP/ble_uart_service/ble_uart_service_16bit.o
                0x00000000000042e8                ble_uart_notify_is_ready
 .text.ble_uart_notify
                0x0000000000004300       0x46 ./APP/ble_uart_service/ble_uart_service_16bit.o
                0x0000000000004300                ble_uart_notify
 .text.app_drv_fifo_length
                0x0000000000004346       0x12 ./APP/app_drv_fifo/app_drv_fifo.o
                0x0000000000004346                app_drv_fifo_length
 .text.app_drv_fifo_init
                0x0000000000004358       0x26 ./APP/app_drv_fifo/app_drv_fifo.o
                0x0000000000004358                app_drv_fifo_init
 .text.app_drv_fifo_flush
                0x000000000000437e        0x6 ./APP/app_drv_fifo/app_drv_fifo.o
                0x000000000000437e                app_drv_fifo_flush
 .text.app_drv_fifo_write
                0x0000000000004384       0x72 ./APP/app_drv_fifo/app_drv_fifo.o
                0x0000000000004384                app_drv_fifo_write
 .text.app_drv_fifo_write_from_same_addr
                0x00000000000043f6       0x60 ./APP/app_drv_fifo/app_drv_fifo.o
                0x00000000000043f6                app_drv_fifo_write_from_same_addr
 .text.app_drv_fifo_read
                0x0000000000004456       0x62 ./APP/app_drv_fifo/app_drv_fifo.o
                0x0000000000004456                app_drv_fifo_read
 .text.app_drv_fifo_read_to_same_addr
                0x00000000000044b8       0x4e ./APP/app_drv_fifo/app_drv_fifo.o
                0x00000000000044b8                app_drv_fifo_read_to_same_addr
 .text.blink_indication
                0x0000000000004506       0x4e ./APP/PCB/indication.o
                0x0000000000004506                blink_indication
 .text.LED_GPIO_init
                0x0000000000004554       0x38 ./APP/PCB/indication.o
                0x0000000000004554                LED_GPIO_init
 .text.sysytem_initSystick
                0x000000000000458c       0x26 ./APP/PCB/timedelay.o
                0x000000000000458c                sysytem_initSystick
 .text.TimeDelayMs
                0x00000000000045b2       0x10 ./APP/PCB/timedelay.o
                0x00000000000045b2                TimeDelayMs
 .text.SysTick_Handler
                0x00000000000045c2       0x16 ./APP/PCB/timedelay.o
                0x00000000000045c2                SysTick_Handler
 .text.app_uart_process
                0x00000000000045d8       0x44 ./APP/app_uart.o
                0x00000000000045d8                app_uart_process
 .text.app_uart_init
                0x000000000000461c       0x78 ./APP/app_uart.o
                0x000000000000461c                app_uart_init
 .text.on_bleuartServiceEvt
                0x0000000000004694       0x28 ./APP/app_uart.o
                0x0000000000004694                on_bleuartServiceEvt
 .text.peripheralParamUpdateCB
                0x00000000000046bc       0x22 ./APP/peripheral.o
 .text.peripheralRssiCB
                0x00000000000046de       0x12 ./APP/peripheral.o
 .text.Peripheral_LinkTerminated
                0x00000000000046f0       0x44 ./APP/peripheral.o
 .text.peripheralStateNotificationCB
                0x0000000000004734      0x10c ./APP/peripheral.o
 .text.Peripheral_ProcessEvent
                0x0000000000004840      0x1d6 ./APP/peripheral.o
                0x0000000000004840                Peripheral_ProcessEvent
 .text.Peripheral_Init
                0x0000000000004a16      0x140 ./APP/peripheral.o
                0x0000000000004a16                Peripheral_Init
 .text.startup.main
                0x0000000000004b56       0x78 ./APP/peripheral_main.o
                0x0000000000004b56                main
 .text.tmos_msg_enqueue
                0x0000000000004bce       0x1e c:\Users\v.tsaregorodtsev\Documents\vch\VCH_BLE\LIB\libCH58xBLE.a(message.o)
                0x0000000000004bce                tmos_msg_enqueue
 .text.tmos_msg_deallocate
                0x0000000000004bec       0x2c c:\Users\v.tsaregorodtsev\Documents\vch\VCH_BLE\LIB\libCH58xBLE.a(message.o)
                0x0000000000004bec                tmos_msg_deallocate
 .text.tmos_msg_allocate
                0x0000000000004c18       0x46 c:\Users\v.tsaregorodtsev\Documents\vch\VCH_BLE\LIB\libCH58xBLE.a(message.o)
                0x0000000000004c18                tmos_msg_allocate
 .text.tmos_msg_receive
                0x0000000000004c5e       0x68 c:\Users\v.tsaregorodtsev\Documents\vch\VCH_BLE\LIB\libCH58xBLE.a(message.o)
                0x0000000000004c5e                tmos_msg_receive
 .text.tmos_msg_send
                0x0000000000004cc6       0x5c c:\Users\v.tsaregorodtsev\Documents\vch\VCH_BLE\LIB\libCH58xBLE.a(message.o)
                0x0000000000004cc6                tmos_msg_send
 .text.tmos_msg_init
                0x0000000000004d22        0x6 c:\Users\v.tsaregorodtsev\Documents\vch\VCH_BLE\LIB\libCH58xBLE.a(message.o)
                0x0000000000004d22                tmos_msg_init
 .text.tmosFindTask
                0x0000000000004d28       0x20 c:\Users\v.tsaregorodtsev\Documents\vch\VCH_BLE\LIB\libCH58xBLE.a(tmos.o)
 .text.TMOS_CB_PeriodicProcessEvent
                0x0000000000004d48       0x82 c:\Users\v.tsaregorodtsev\Documents\vch\VCH_BLE\LIB\libCH58xBLE.a(tmos.o)
                0x0000000000004d48                TMOS_CB_PeriodicProcessEvent
 .text.TMOS_CB_ProcessEvent
                0x0000000000004dca       0x7c c:\Users\v.tsaregorodtsev\Documents\vch\VCH_BLE\LIB\libCH58xBLE.a(tmos.o)
                0x0000000000004dca                TMOS_CB_ProcessEvent
 .text.tmos_rand
                0x0000000000004e46       0x4e c:\Users\v.tsaregorodtsev\Documents\vch\VCH_BLE\LIB\libCH58xBLE.a(tmos.o)
                0x0000000000004e46                tmos_rand
 .text.tmos_start_periodic_callback_task
                0x0000000000004e94       0xda c:\Users\v.tsaregorodtsev\Documents\vch\VCH_BLE\LIB\libCH58xBLE.a(tmos.o)
                0x0000000000004e94                tmos_start_periodic_callback_task
 .text.tmos_set_event
                0x0000000000004f6e       0x2a c:\Users\v.tsaregorodtsev\Documents\vch\VCH_BLE\LIB\libCH58xBLE.a(tmos.o)
                0x0000000000004f6e                tmos_set_event
 .text.tmos_clear_event
                0x0000000000004f98       0x2e c:\Users\v.tsaregorodtsev\Documents\vch\VCH_BLE\LIB\libCH58xBLE.a(tmos.o)
                0x0000000000004f98                tmos_clear_event
 .text.tmos_update_callback_timer
                0x0000000000004fc6       0xba c:\Users\v.tsaregorodtsev\Documents\vch\VCH_BLE\LIB\libCH58xBLE.a(tmos.o)
                0x0000000000004fc6                tmos_update_callback_timer
 .text.tmos_update_periodic_callback_timer
                0x0000000000005080       0x5a c:\Users\v.tsaregorodtsev\Documents\vch\VCH_BLE\LIB\libCH58xBLE.a(tmos.o)
                0x0000000000005080                tmos_update_periodic_callback_timer
 .text.tmos_start_task
                0x00000000000050da      0x126 c:\Users\v.tsaregorodtsev\Documents\vch\VCH_BLE\LIB\libCH58xBLE.a(tmos.o)
                0x00000000000050da                tmos_start_task
 .text.tmos_start_callback_task
                0x0000000000005200       0x96 c:\Users\v.tsaregorodtsev\Documents\vch\VCH_BLE\LIB\libCH58xBLE.a(tmos.o)
                0x0000000000005200                tmos_start_callback_task
 .text.tmos_start_reload_task
                0x0000000000005296       0x56 c:\Users\v.tsaregorodtsev\Documents\vch\VCH_BLE\LIB\libCH58xBLE.a(tmos.o)
                0x0000000000005296                tmos_start_reload_task
 .text.tmos_stop_task
                0x00000000000052ec       0x48 c:\Users\v.tsaregorodtsev\Documents\vch\VCH_BLE\LIB\libCH58xBLE.a(tmos.o)
                0x00000000000052ec                tmos_stop_task
 .text.tmos_stop_callback_task
                0x0000000000005334       0x56 c:\Users\v.tsaregorodtsev\Documents\vch\VCH_BLE\LIB\libCH58xBLE.a(tmos.o)
                0x0000000000005334                tmos_stop_callback_task
 .text.tmos_get_task_timer
                0x000000000000538a       0x5e c:\Users\v.tsaregorodtsev\Documents\vch\VCH_BLE\LIB\libCH58xBLE.a(tmos.o)
                0x000000000000538a                tmos_get_task_timer
 .text.TMOS_TimerRegister
                0x00000000000053e8       0x1a c:\Users\v.tsaregorodtsev\Documents\vch\VCH_BLE\LIB\libCH58xBLE.a(tmos.o)
                0x00000000000053e8                TMOS_TimerRegister
 .text.TMOS_ProcessRegister
                0x0000000000005402       0x16 c:\Users\v.tsaregorodtsev\Documents\vch\VCH_BLE\LIB\libCH58xBLE.a(tmos.o)
                0x0000000000005402                TMOS_ProcessRegister
 .text.TMOS_Init
                0x0000000000005418      0x10e c:\Users\v.tsaregorodtsev\Documents\vch\VCH_BLE\LIB\libCH58xBLE.a(tmos.o)
                0x0000000000005418                TMOS_Init
 .text.TMOS_ProcessEventRegister
                0x0000000000005526       0x38 c:\Users\v.tsaregorodtsev\Documents\vch\VCH_BLE\LIB\libCH58xBLE.a(tmos.o)
                0x0000000000005526                TMOS_ProcessEventRegister
 .text.BLE_LibInit
                0x000000000000555e      0x178 c:\Users\v.tsaregorodtsev\Documents\vch\VCH_BLE\LIB\libCH58xBLE.a(tmos.o)
                0x000000000000555e                BLE_LibInit
 .text.clockGetTickValve
                0x00000000000056d6       0x7e c:\Users\v.tsaregorodtsev\Documents\vch\VCH_BLE\LIB\libCH58xBLE.a(tmos_hw.o)
 .text.ll_get_sca_divisor
                0x0000000000005754       0x40 c:\Users\v.tsaregorodtsev\Documents\vch\VCH_BLE\LIB\libCH58xBLE.a(tmos_hw.o)
                0x0000000000005754                ll_get_sca_divisor
 .text.ll_get_sca_own
                0x0000000000005794       0x46 c:\Users\v.tsaregorodtsev\Documents\vch\VCH_BLE\LIB\libCH58xBLE.a(tmos_hw.o)
                0x0000000000005794                ll_get_sca_own
 .text.ble_ll_common_rand8
                0x00000000000057da       0x24 c:\Users\v.tsaregorodtsev\Documents\vch\VCH_BLE\LIB\libCH58xBLE.a(tmos_hw.o)
                0x00000000000057da                ble_ll_common_rand8
 .text.ble_ll_common_rand16
                0x00000000000057fe       0x24 c:\Users\v.tsaregorodtsev\Documents\vch\VCH_BLE\LIB\libCH58xBLE.a(tmos_hw.o)
                0x00000000000057fe                ble_ll_common_rand16
 .text.ble_ll_common_rand32
                0x0000000000005822       0x20 c:\Users\v.tsaregorodtsev\Documents\vch\VCH_BLE\LIB\libCH58xBLE.a(tmos_hw.o)
                0x0000000000005822                ble_ll_common_rand32
 .text.TMOS_TempSample
                0x0000000000005842       0x62 c:\Users\v.tsaregorodtsev\Documents\vch\VCH_BLE\LIB\libCH58xBLE.a(tmos_hw.o)
                0x0000000000005842                TMOS_TempSample
 .text.TMOS_TimerInit
                0x00000000000058a4      0x14e c:\Users\v.tsaregorodtsev\Documents\vch\VCH_BLE\LIB\libCH58xBLE.a(tmos_hw.o)
                0x00000000000058a4                TMOS_TimerInit
 .text.tmos_snv_init
                0x00000000000059f2       0xc0 c:\Users\v.tsaregorodtsev\Documents\vch\VCH_BLE\LIB\libCH58xBLE.a(tmos_snv.o)
                0x00000000000059f2                tmos_snv_init
 .text.tmos_snv_read
                0x0000000000005ab2      0x292 c:\Users\v.tsaregorodtsev\Documents\vch\VCH_BLE\LIB\libCH58xBLE.a(tmos_snv.o)
                0x0000000000005ab2                tmos_snv_read
 .text.tmos_snv_notify
                0x0000000000005d44       0x5a c:\Users\v.tsaregorodtsev\Documents\vch\VCH_BLE\LIB\libCH58xBLE.a(tmos_snv.o)
                0x0000000000005d44                tmos_snv_notify
 .text.tmos_snv_write
                0x0000000000005d9e      0x2ce c:\Users\v.tsaregorodtsev\Documents\vch\VCH_BLE\LIB\libCH58xBLE.a(tmos_snv.o)
                0x0000000000005d9e                tmos_snv_write
 .text.tmos_snv_compact
                0x000000000000606c        0x4 c:\Users\v.tsaregorodtsev\Documents\vch\VCH_BLE\LIB\libCH58xBLE.a(tmos_snv.o)
                0x000000000000606c                tmos_snv_compact
 .text.ATT_BuildErrorRsp
                0x0000000000006070       0x26 c:\Users\v.tsaregorodtsev\Documents\vch\VCH_BLE\LIB\libCH58xBLE.a(att.o)
                0x0000000000006070                ATT_BuildErrorRsp
 .text.ATT_ParamInit
                0x0000000000006096        0xa c:\Users\v.tsaregorodtsev\Documents\vch\VCH_BLE\LIB\libCH58xBLE.a(att.o)
                0x0000000000006096                ATT_ParamInit
 .text.ATT_ConvertUUIDto128
                0x00000000000060a0       0x46 c:\Users\v.tsaregorodtsev\Documents\vch\VCH_BLE\LIB\libCH58xBLE.a(att.o)
                0x00000000000060a0                ATT_ConvertUUIDto128
 .text.ATT_CompareUUID
                0x00000000000060e6       0x66 c:\Users\v.tsaregorodtsev\Documents\vch\VCH_BLE\LIB\libCH58xBLE.a(att.o)
                0x00000000000060e6                ATT_CompareUUID
 .text.ATT_RegisterClient
                0x000000000000614c        0x6 c:\Users\v.tsaregorodtsev\Documents\vch\VCH_BLE\LIB\libCH58xBLE.a(att.o)
                0x000000000000614c                ATT_RegisterClient
 .text.ATT_RegisterServer
                0x0000000000006152        0x6 c:\Users\v.tsaregorodtsev\Documents\vch\VCH_BLE\LIB\libCH58xBLE.a(att.o)
                0x0000000000006152                ATT_RegisterServer
 .text.ATT_ParsePacket
                0x0000000000006158       0x94 c:\Users\v.tsaregorodtsev\Documents\vch\VCH_BLE\LIB\libCH58xBLE.a(att.o)
                0x0000000000006158                ATT_ParsePacket
 .text.ATT_UpdateMTU
                0x00000000000061ec       0x3c c:\Users\v.tsaregorodtsev\Documents\vch\VCH_BLE\LIB\libCH58xBLE.a(att.o)
                0x00000000000061ec                ATT_UpdateMTU
 .text.ATT_GetMTU
                0x0000000000006228       0x1e c:\Users\v.tsaregorodtsev\Documents\vch\VCH_BLE\LIB\libCH58xBLE.a(att.o)
                0x0000000000006228                ATT_GetMTU
 .text.ATT_ParseErrorRsp
                0x0000000000006246       0x2e c:\Users\v.tsaregorodtsev\Documents\vch\VCH_BLE\LIB\libCH58xBLE.a(att.o)
                0x0000000000006246                ATT_ParseErrorRsp
 .text.attSendMsg
                0x0000000000006274       0xb6 c:\Users\v.tsaregorodtsev\Documents\vch\VCH_BLE\LIB\libCH58xBLE.a(att.o)
                0x0000000000006274                attSendMsg
 .text.attSendRspMsg
                0x000000000000632a       0x46 c:\Users\v.tsaregorodtsev\Documents\vch\VCH_BLE\LIB\libCH58xBLE.a(att.o)
                0x000000000000632a                attSendRspMsg
 .text.ATT_ErrorRsp
                0x0000000000006370       0x10 c:\Users\v.tsaregorodtsev\Documents\vch\VCH_BLE\LIB\libCH58xBLE.a(att.o)
                0x0000000000006370                ATT_ErrorRsp
 .text.ATT_BuildExchangeMTUReq
                0x0000000000006380       0x16 c:\Users\v.tsaregorodtsev\Documents\vch\VCH_BLE\LIB\libCH58xBLE.a(att_client.o)
                0x0000000000006380                ATT_BuildExchangeMTUReq
 .text.ATT_BuildFindInfoReq
                0x0000000000006396       0x28 c:\Users\v.tsaregorodtsev\Documents\vch\VCH_BLE\LIB\libCH58xBLE.a(att_client.o)
                0x0000000000006396                ATT_BuildFindInfoReq
 .text.ATT_BuildFindByTypeValueReq
                0x00000000000063be       0x40 c:\Users\v.tsaregorodtsev\Documents\vch\VCH_BLE\LIB\libCH58xBLE.a(att_client.o)
                0x00000000000063be                ATT_BuildFindByTypeValueReq
 .text.ATT_BuildReadBlobReq
                0x00000000000063fe       0x28 c:\Users\v.tsaregorodtsev\Documents\vch\VCH_BLE\LIB\libCH58xBLE.a(att_client.o)
                0x00000000000063fe                ATT_BuildReadBlobReq
 .text.ATT_BuildPrepareWriteReq
                0x0000000000006426       0x30 c:\Users\v.tsaregorodtsev\Documents\vch\VCH_BLE\LIB\libCH58xBLE.a(att_client.o)
                0x0000000000006426                ATT_BuildPrepareWriteReq
 .text.ATT_BuildExecuteWriteReq
                0x0000000000006456        0xc c:\Users\v.tsaregorodtsev\Documents\vch\VCH_BLE\LIB\libCH58xBLE.a(att_client.o)
                0x0000000000006456                ATT_BuildExecuteWriteReq
 .text.ATT_BuildReadByTypeReq
                0x0000000000006462       0x4a c:\Users\v.tsaregorodtsev\Documents\vch\VCH_BLE\LIB\libCH58xBLE.a(att_client.o)
                0x0000000000006462                ATT_BuildReadByTypeReq
 .text.ATT_ParseExchangeMTURsp
                0x00000000000064ac       0x1e c:\Users\v.tsaregorodtsev\Documents\vch\VCH_BLE\LIB\libCH58xBLE.a(att_client.o)
                0x00000000000064ac                ATT_ParseExchangeMTURsp
 .text.ATT_ExchangeMTUReq
                0x00000000000064ca       0x46 c:\Users\v.tsaregorodtsev\Documents\vch\VCH_BLE\LIB\libCH58xBLE.a(att_client.o)
                0x00000000000064ca                ATT_ExchangeMTUReq
 .text.ATT_FindInfoReq
                0x0000000000006510       0x10 c:\Users\v.tsaregorodtsev\Documents\vch\VCH_BLE\LIB\libCH58xBLE.a(att_client.o)
                0x0000000000006510                ATT_FindInfoReq
 .text.ATT_FindByTypeValueReq
                0x0000000000006520       0x3e c:\Users\v.tsaregorodtsev\Documents\vch\VCH_BLE\LIB\libCH58xBLE.a(att_client.o)
                0x0000000000006520                ATT_FindByTypeValueReq
 .text.ATT_ReadByTypeReq
                0x000000000000655e       0x24 c:\Users\v.tsaregorodtsev\Documents\vch\VCH_BLE\LIB\libCH58xBLE.a(att_client.o)
                0x000000000000655e                ATT_ReadByTypeReq
 .text.ATT_ReadBlobReq
                0x0000000000006582       0x10 c:\Users\v.tsaregorodtsev\Documents\vch\VCH_BLE\LIB\libCH58xBLE.a(att_client.o)
                0x0000000000006582                ATT_ReadBlobReq
 .text.ATT_ReadByGrpTypeReq
                0x0000000000006592       0x24 c:\Users\v.tsaregorodtsev\Documents\vch\VCH_BLE\LIB\libCH58xBLE.a(att_client.o)
                0x0000000000006592                ATT_ReadByGrpTypeReq
 .text.ATT_PrepareWriteReq
                0x00000000000065b6       0x2e c:\Users\v.tsaregorodtsev\Documents\vch\VCH_BLE\LIB\libCH58xBLE.a(att_client.o)
                0x00000000000065b6                ATT_PrepareWriteReq
 .text.ATT_ParseExecuteWriteRsp
                0x00000000000065e4        0xa c:\Users\v.tsaregorodtsev\Documents\vch\VCH_BLE\LIB\libCH58xBLE.a(att_client.o)
                0x00000000000065e4                ATT_ParseExecuteWriteRsp
 .text.ATT_ExecuteWriteReq
                0x00000000000065ee       0x10 c:\Users\v.tsaregorodtsev\Documents\vch\VCH_BLE\LIB\libCH58xBLE.a(att_client.o)
                0x00000000000065ee                ATT_ExecuteWriteReq
 .text.ATT_ParseHandleValueInd
                0x00000000000065fe       0x34 c:\Users\v.tsaregorodtsev\Documents\vch\VCH_BLE\LIB\libCH58xBLE.a(att_client.o)
                0x00000000000065fe                ATT_ParseHandleValueInd
 .text.disconnectNext
                0x0000000000006632       0x22 c:\Users\v.tsaregorodtsev\Documents\vch\VCH_BLE\LIB\libCH58xBLE.a(gap.o)
 .text.GAP_ParamInit
                0x0000000000006654       0xec c:\Users\v.tsaregorodtsev\Documents\vch\VCH_BLE\LIB\libCH58xBLE.a(gap.o)
                0x0000000000006654                GAP_ParamInit
 .text.sendTerminateEvent
                0x0000000000006740       0x58 c:\Users\v.tsaregorodtsev\Documents\vch\VCH_BLE\LIB\libCH58xBLE.a(gap.o)
                0x0000000000006740                sendTerminateEvent
 .text.gapRegisterCentral
                0x0000000000006798        0x6 c:\Users\v.tsaregorodtsev\Documents\vch\VCH_BLE\LIB\libCH58xBLE.a(gap.o)
                0x0000000000006798                gapRegisterCentral
 .text.gapRegisterCentralConn
                0x000000000000679e        0x6 c:\Users\v.tsaregorodtsev\Documents\vch\VCH_BLE\LIB\libCH58xBLE.a(gap.o)
                0x000000000000679e                gapRegisterCentralConn
 .text.gapRegisterPeripheral
                0x00000000000067a4        0x6 c:\Users\v.tsaregorodtsev\Documents\vch\VCH_BLE\LIB\libCH58xBLE.a(gap.o)
                0x00000000000067a4                gapRegisterPeripheral
 .text.gapRegisterPeripheralConn
                0x00000000000067aa        0x6 c:\Users\v.tsaregorodtsev\Documents\vch\VCH_BLE\LIB\libCH58xBLE.a(gap.o)
                0x00000000000067aa                gapRegisterPeripheralConn
 .text.smGenerateRandBuf
                0x00000000000067b0       0x56 c:\Users\v.tsaregorodtsev\Documents\vch\VCH_BLE\LIB\libCH58xBLE.a(gap.o)
                0x00000000000067b0                smGenerateRandBuf
 .text.gapL2capConnParamUpdateReq
                0x0000000000006806       0x36 c:\Users\v.tsaregorodtsev\Documents\vch\VCH_BLE\LIB\libCH58xBLE.a(gap.o)
                0x0000000000006806                gapL2capConnParamUpdateReq
 .text.gapValidADType
                0x000000000000683c       0x16 c:\Users\v.tsaregorodtsev\Documents\vch\VCH_BLE\LIB\libCH58xBLE.a(gap.o)
                0x000000000000683c                gapValidADType
 .text.gapFindADType
                0x0000000000006852       0x92 c:\Users\v.tsaregorodtsev\Documents\vch\VCH_BLE\LIB\libCH58xBLE.a(gap.o)
                0x0000000000006852                gapFindADType
 .text.GAP_SecParamsInit
                0x00000000000068e4       0xaa c:\Users\v.tsaregorodtsev\Documents\vch\VCH_BLE\LIB\libCH58xBLE.a(gap.o)
                0x00000000000068e4                GAP_SecParamsInit
 .text.GAP_ParamsInit
                0x000000000000698e       0x50 c:\Users\v.tsaregorodtsev\Documents\vch\VCH_BLE\LIB\libCH58xBLE.a(gap.o)
                0x000000000000698e                GAP_ParamsInit
 .text.gapAddAddrAdj
                0x00000000000069de       0x48 c:\Users\v.tsaregorodtsev\Documents\vch\VCH_BLE\LIB\libCH58xBLE.a(gap.o)
                0x00000000000069de                gapAddAddrAdj
 .text.gapDetermineAddrType
                0x0000000000006a26       0x28 c:\Users\v.tsaregorodtsev\Documents\vch\VCH_BLE\LIB\libCH58xBLE.a(gap.o)
                0x0000000000006a26                gapDetermineAddrType
 .text.gapFreeAuthLink
                0x0000000000006a4e       0x4a c:\Users\v.tsaregorodtsev\Documents\vch\VCH_BLE\LIB\libCH58xBLE.a(gap.o)
                0x0000000000006a4e                gapFreeAuthLink
 .text.gapGetDevAddress
                0x0000000000006a98       0x24 c:\Users\v.tsaregorodtsev\Documents\vch\VCH_BLE\LIB\libCH58xBLE.a(gap.o)
                0x0000000000006a98                gapGetDevAddress
 .text.gapGetDevAddressMode
                0x0000000000006abc        0xa c:\Users\v.tsaregorodtsev\Documents\vch\VCH_BLE\LIB\libCH58xBLE.a(gap.o)
                0x0000000000006abc                gapGetDevAddressMode
 .text.gapGetIRK
                0x0000000000006ac6        0xc c:\Users\v.tsaregorodtsev\Documents\vch\VCH_BLE\LIB\libCH58xBLE.a(gap.o)
                0x0000000000006ac6                gapGetIRK
 .text.gapGetSRK
                0x0000000000006ad2        0xc c:\Users\v.tsaregorodtsev\Documents\vch\VCH_BLE\LIB\libCH58xBLE.a(gap.o)
                0x0000000000006ad2                gapGetSRK
 .text.gapGetSignCounter
                0x0000000000006ade        0xe c:\Users\v.tsaregorodtsev\Documents\vch\VCH_BLE\LIB\libCH58xBLE.a(gap.o)
                0x0000000000006ade                gapGetSignCounter
 .text.gapIncSignCounter
                0x0000000000006aec       0x28 c:\Users\v.tsaregorodtsev\Documents\vch\VCH_BLE\LIB\libCH58xBLE.a(gap.o)
                0x0000000000006aec                gapIncSignCounter
 .text.gapProcessConnEvt
                0x0000000000006b14       0x48 c:\Users\v.tsaregorodtsev\Documents\vch\VCH_BLE\LIB\libCH58xBLE.a(gap.o)
                0x0000000000006b14                gapProcessConnEvt
 .text.gapProcessDisconnectCompleteEvt
                0x0000000000006b5c       0xa8 c:\Users\v.tsaregorodtsev\Documents\vch\VCH_BLE\LIB\libCH58xBLE.a(gap.o)
                0x0000000000006b5c                gapProcessDisconnectCompleteEvt
 .text.sendAuthEvent
                0x0000000000006c04      0x11e c:\Users\v.tsaregorodtsev\Documents\vch\VCH_BLE\LIB\libCH58xBLE.a(gap.o)
                0x0000000000006c04                sendAuthEvent
 .text.gapSendBondCompleteEvent
                0x0000000000006d22       0x74 c:\Users\v.tsaregorodtsev\Documents\vch\VCH_BLE\LIB\libCH58xBLE.a(gap.o)
                0x0000000000006d22                gapSendBondCompleteEvent
 .text.gapSendPairingReqEvent
                0x0000000000006d96       0x96 c:\Users\v.tsaregorodtsev\Documents\vch\VCH_BLE\LIB\libCH58xBLE.a(gap.o)
                0x0000000000006d96                gapSendPairingReqEvent
 .text.gapSendSlaveSecurityReqEvent
                0x0000000000006e2c       0x68 c:\Users\v.tsaregorodtsev\Documents\vch\VCH_BLE\LIB\libCH58xBLE.a(gap.o)
                0x0000000000006e2c                gapSendSlaveSecurityReqEvent
 .text.gapSendDeviceInitDoneEvent
                0x0000000000006e94       0x88 c:\Users\v.tsaregorodtsev\Documents\vch\VCH_BLE\LIB\libCH58xBLE.a(gap.o)
                0x0000000000006e94                gapSendDeviceInitDoneEvent
 .text.gapSendLinkUpdateEvent
                0x0000000000006f1c       0xb2 c:\Users\v.tsaregorodtsev\Documents\vch\VCH_BLE\LIB\libCH58xBLE.a(gap.o)
                0x0000000000006f1c                gapSendLinkUpdateEvent
 .text.gapSendPhyUpdateEvent
                0x0000000000006fce       0x58 c:\Users\v.tsaregorodtsev\Documents\vch\VCH_BLE\LIB\libCH58xBLE.a(gap.o)
                0x0000000000006fce                gapSendPhyUpdateEvent
 .text.gapSendEstLinkEvent
                0x0000000000007026       0xbc c:\Users\v.tsaregorodtsev\Documents\vch\VCH_BLE\LIB\libCH58xBLE.a(gap.o)
                0x0000000000007026                gapSendEstLinkEvent
 .text.gapProcessNewAddr
                0x00000000000070e2       0x3e c:\Users\v.tsaregorodtsev\Documents\vch\VCH_BLE\LIB\libCH58xBLE.a(gap.o)
                0x00000000000070e2                gapProcessNewAddr
 .text.gapProcessRandomAddrComplete
                0x0000000000007120       0xb6 c:\Users\v.tsaregorodtsev\Documents\vch\VCH_BLE\LIB\libCH58xBLE.a(gap.o)
                0x0000000000007120                gapProcessRandomAddrComplete
 .text.GAP_Authenticate
                0x00000000000071d6       0xde c:\Users\v.tsaregorodtsev\Documents\vch\VCH_BLE\LIB\libCH58xBLE.a(gap.o)
                0x00000000000071d6                GAP_Authenticate
 .text.GAP_Bond
                0x00000000000072b4       0xaa c:\Users\v.tsaregorodtsev\Documents\vch\VCH_BLE\LIB\libCH58xBLE.a(gap.o)
                0x00000000000072b4                GAP_Bond
 .text.GAP_GetParamValue
                0x000000000000735e       0x20 c:\Users\v.tsaregorodtsev\Documents\vch\VCH_BLE\LIB\libCH58xBLE.a(gap.o)
                0x000000000000735e                GAP_GetParamValue
 .text.GAP_PasscodeUpdate
                0x000000000000737e       0x54 c:\Users\v.tsaregorodtsev\Documents\vch\VCH_BLE\LIB\libCH58xBLE.a(gap.o)
                0x000000000000737e                GAP_PasscodeUpdate
 .text.GAP_RegisterForMsgs
                0x00000000000073d2        0xa c:\Users\v.tsaregorodtsev\Documents\vch\VCH_BLE\LIB\libCH58xBLE.a(gap.o)
                0x00000000000073d2                GAP_RegisterForMsgs
 .text.GAP_ResolvePrivateAddr
                0x00000000000073dc        0x4 c:\Users\v.tsaregorodtsev\Documents\vch\VCH_BLE\LIB\libCH58xBLE.a(gap.o)
                0x00000000000073dc                GAP_ResolvePrivateAddr
 .text.gapPairingCompleteCB
                0x00000000000073e0      0x18c c:\Users\v.tsaregorodtsev\Documents\vch\VCH_BLE\LIB\libCH58xBLE.a(gap.o)
                0x00000000000073e0                gapPairingCompleteCB
 .text.gapPasskeyNeededCB
                0x000000000000756c       0x8e c:\Users\v.tsaregorodtsev\Documents\vch\VCH_BLE\LIB\libCH58xBLE.a(gap.o)
                0x000000000000756c                gapPasskeyNeededCB
 .text.gapOobNeededCB
                0x00000000000075fa       0xa6 c:\Users\v.tsaregorodtsev\Documents\vch\VCH_BLE\LIB\libCH58xBLE.a(gap.o)
                0x00000000000075fa                gapOobNeededCB
 .text.gapFreeEstLink
                0x00000000000076a0       0x20 c:\Users\v.tsaregorodtsev\Documents\vch\VCH_BLE\LIB\libCH58xBLE.a(gap.o)
                0x00000000000076a0                gapFreeEstLink
 .text.gapUpdateConnSignCounter
                0x00000000000076c0       0x7a c:\Users\v.tsaregorodtsev\Documents\vch\VCH_BLE\LIB\libCH58xBLE.a(gap.o)
                0x00000000000076c0                gapUpdateConnSignCounter
 .text.GAP_SendSlaveSecurityRequest
                0x000000000000773a       0x4a c:\Users\v.tsaregorodtsev\Documents\vch\VCH_BLE\LIB\libCH58xBLE.a(gap.o)
                0x000000000000773a                GAP_SendSlaveSecurityRequest
 .text.GAP_Signable
                0x0000000000007784       0x6a c:\Users\v.tsaregorodtsev\Documents\vch\VCH_BLE\LIB\libCH58xBLE.a(gap.o)
                0x0000000000007784                GAP_Signable
 .text.GAP_TerminateAuth
                0x00000000000077ee       0x2a c:\Users\v.tsaregorodtsev\Documents\vch\VCH_BLE\LIB\libCH58xBLE.a(gap.o)
                0x00000000000077ee                GAP_TerminateAuth
 .text.GAP_NumActiveConnections
                0x0000000000007818        0x4 c:\Users\v.tsaregorodtsev\Documents\vch\VCH_BLE\LIB\libCH58xBLE.a(gap.o)
                0x0000000000007818                GAP_NumActiveConnections
 .text.GAP_TerminateLinkReq
                0x000000000000781c       0x8e c:\Users\v.tsaregorodtsev\Documents\vch\VCH_BLE\LIB\libCH58xBLE.a(gap.o)
                0x000000000000781c                GAP_TerminateLinkReq
 .text.GAP_SetParamValue
                0x00000000000078aa       0x6c c:\Users\v.tsaregorodtsev\Documents\vch\VCH_BLE\LIB\libCH58xBLE.a(gap.o)
                0x00000000000078aa                GAP_SetParamValue
 .text.GAP_Init
                0x0000000000007916       0x48 c:\Users\v.tsaregorodtsev\Documents\vch\VCH_BLE\LIB\libCH58xBLE.a(gap.o)
                0x0000000000007916                GAP_Init
 .text.GAP_ProcessEvent
                0x000000000000795e      0x66a c:\Users\v.tsaregorodtsev\Documents\vch\VCH_BLE\LIB\libCH58xBLE.a(gap.o)
                0x000000000000795e                GAP_ProcessEvent
 .text.gapSendScanEnable
                0x0000000000007fc8       0x3a c:\Users\v.tsaregorodtsev\Documents\vch\VCH_BLE\LIB\libCH58xBLE.a(gap_central.o)
 .text.gapCentProcessConnEvt
                0x0000000000008002      0x168 c:\Users\v.tsaregorodtsev\Documents\vch\VCH_BLE\LIB\libCH58xBLE.a(gap_central.o)
                0x0000000000008002                gapCentProcessConnEvt
 .text.gapProcessScanningPeriodicAdvEvt
                0x000000000000816a       0xa0 c:\Users\v.tsaregorodtsev\Documents\vch\VCH_BLE\LIB\libCH58xBLE.a(gap_central.o)
                0x000000000000816a                gapProcessScanningPeriodicAdvEvt
 .text.gapCancelLinkReq
                0x000000000000820a       0x38 c:\Users\v.tsaregorodtsev\Documents\vch\VCH_BLE\LIB\libCH58xBLE.a(gap_central.o)
                0x000000000000820a                gapCancelLinkReq
 .text.gapProcessAdvertDevInfo
                0x0000000000008242      0x242 c:\Users\v.tsaregorodtsev\Documents\vch\VCH_BLE\LIB\libCH58xBLE.a(gap_central.o)
                0x0000000000008242                gapProcessAdvertDevInfo
 .text.gapProcessExtAdvertDevInfo
                0x0000000000008484      0x260 c:\Users\v.tsaregorodtsev\Documents\vch\VCH_BLE\LIB\libCH58xBLE.a(gap_central.o)
                0x0000000000008484                gapProcessExtAdvertDevInfo
 .text.gapProcessPeriodicAdvertisingSyncEstablishedEvt
                0x00000000000086e4       0xae c:\Users\v.tsaregorodtsev\Documents\vch\VCH_BLE\LIB\libCH58xBLE.a(gap_central.o)
                0x00000000000086e4                gapProcessPeriodicAdvertisingSyncEstablishedEvt
 .text.gapProcessPeriodicAdvertisingSyncLostEvt
                0x0000000000008792       0x56 c:\Users\v.tsaregorodtsev\Documents\vch\VCH_BLE\LIB\libCH58xBLE.a(gap_central.o)
                0x0000000000008792                gapProcessPeriodicAdvertisingSyncLostEvt
 .text.gapFreeScanRecs
                0x00000000000087e8       0xa6 c:\Users\v.tsaregorodtsev\Documents\vch\VCH_BLE\LIB\libCH58xBLE.a(gap_central.o)
                0x00000000000087e8                gapFreeScanRecs
 .text.gapSendDevDiscEvent
                0x000000000000888e      0x124 c:\Users\v.tsaregorodtsev\Documents\vch\VCH_BLE\LIB\libCH58xBLE.a(gap_central.o)
                0x000000000000888e                gapSendDevDiscEvent
 .text.gapSetScanParamStatus
                0x00000000000089b2       0x56 c:\Users\v.tsaregorodtsev\Documents\vch\VCH_BLE\LIB\libCH58xBLE.a(gap_central.o)
 .text.gapCentProcessHCICmdEvt
                0x0000000000008a08       0x3c c:\Users\v.tsaregorodtsev\Documents\vch\VCH_BLE\LIB\libCH58xBLE.a(gap_central.o)
                0x0000000000008a08                gapCentProcessHCICmdEvt
 .text.gapProcessScanningEvt
                0x0000000000008a44      0x110 c:\Users\v.tsaregorodtsev\Documents\vch\VCH_BLE\LIB\libCH58xBLE.a(gap_central.o)
                0x0000000000008a44                gapProcessScanningEvt
 .text.gapProcessScanningDirectEvt
                0x0000000000008b54       0xfe c:\Users\v.tsaregorodtsev\Documents\vch\VCH_BLE\LIB\libCH58xBLE.a(gap_central.o)
                0x0000000000008b54                gapProcessScanningDirectEvt
 .text.gapProcessScanningExtAdvEvt
                0x0000000000008c52      0x2c4 c:\Users\v.tsaregorodtsev\Documents\vch\VCH_BLE\LIB\libCH58xBLE.a(gap_central.o)
                0x0000000000008c52                gapProcessScanningExtAdvEvt
 .text.GAP_CentConnRegister
                0x0000000000008f16       0x16 c:\Users\v.tsaregorodtsev\Documents\vch\VCH_BLE\LIB\libCH58xBLE.a(gap_central.o)
                0x0000000000008f16                GAP_CentConnRegister
 .text.GAP_CentralParamInit
                0x0000000000008f2c       0x6a c:\Users\v.tsaregorodtsev\Documents\vch\VCH_BLE\LIB\libCH58xBLE.a(gap_central.o)
                0x0000000000008f2c                GAP_CentralParamInit
 .text.GAP_CentDevMgrInit
                0x0000000000008f96       0x9c c:\Users\v.tsaregorodtsev\Documents\vch\VCH_BLE\LIB\libCH58xBLE.a(gap_central.o)
                0x0000000000008f96                GAP_CentDevMgrInit
 .text.gapFreeAdvertState
                0x0000000000009032       0x20 c:\Users\v.tsaregorodtsev\Documents\vch\VCH_BLE\LIB\libCH58xBLE.a(gap_peripheral.o)
 .text.gapSetPeriodicAdvParams
                0x0000000000009052       0x30 c:\Users\v.tsaregorodtsev\Documents\vch\VCH_BLE\LIB\libCH58xBLE.a(gap_peripheral.o)
 .text.gapSetConnectionlessCTEParams
                0x0000000000009082       0x54 c:\Users\v.tsaregorodtsev\Documents\vch\VCH_BLE\LIB\libCH58xBLE.a(gap_peripheral.o)
 .text.gapSetAdvParams
                0x00000000000090d6      0x126 c:\Users\v.tsaregorodtsev\Documents\vch\VCH_BLE\LIB\libCH58xBLE.a(gap_peripheral.o)
 .text.gapPeriProcessConnEvt
                0x00000000000091fc       0xd0 c:\Users\v.tsaregorodtsev\Documents\vch\VCH_BLE\LIB\libCH58xBLE.a(gap_peripheral.o)
 .text.gapWriteAdvDataStatus
                0x00000000000092cc       0x8a c:\Users\v.tsaregorodtsev\Documents\vch\VCH_BLE\LIB\libCH58xBLE.a(gap_peripheral.o)
 .text.GAP_MakeDiscoverable
                0x0000000000009356      0x174 c:\Users\v.tsaregorodtsev\Documents\vch\VCH_BLE\LIB\libCH58xBLE.a(gap_peripheral.o)
                0x0000000000009356                GAP_MakeDiscoverable
 .text.GAP_EndDiscoverable
                0x00000000000094ca       0x66 c:\Users\v.tsaregorodtsev\Documents\vch\VCH_BLE\LIB\libCH58xBLE.a(gap_peripheral.o)
                0x00000000000094ca                GAP_EndDiscoverable
 .text.gapProcessAdvertisingEvt
                0x0000000000009530      0x116 c:\Users\v.tsaregorodtsev\Documents\vch\VCH_BLE\LIB\libCH58xBLE.a(gap_peripheral.o)
 .text.GAP_MakePeriodic
                0x0000000000009646       0x26 c:\Users\v.tsaregorodtsev\Documents\vch\VCH_BLE\LIB\libCH58xBLE.a(gap_peripheral.o)
                0x0000000000009646                GAP_MakePeriodic
 .text.GAP_EndPeriodic
                0x000000000000966c        0xc c:\Users\v.tsaregorodtsev\Documents\vch\VCH_BLE\LIB\libCH58xBLE.a(gap_peripheral.o)
                0x000000000000966c                GAP_EndPeriodic
 .text.GAP_MakeConnecttionlessCTE
                0x0000000000009678       0x1a c:\Users\v.tsaregorodtsev\Documents\vch\VCH_BLE\LIB\libCH58xBLE.a(gap_peripheral.o)
                0x0000000000009678                GAP_MakeConnecttionlessCTE
 .text.GAP_EndConnecttionlessCTE
                0x0000000000009692        0xc c:\Users\v.tsaregorodtsev\Documents\vch\VCH_BLE\LIB\libCH58xBLE.a(gap_peripheral.o)
                0x0000000000009692                GAP_EndConnecttionlessCTE
 .text.GAP_SetAdvertisingAdvData
                0x000000000000969e      0x102 c:\Users\v.tsaregorodtsev\Documents\vch\VCH_BLE\LIB\libCH58xBLE.a(gap_peripheral.o)
                0x000000000000969e                GAP_SetAdvertisingAdvData
 .text.GAP_SetAdvertisingRspData
                0x00000000000097a0      0x102 c:\Users\v.tsaregorodtsev\Documents\vch\VCH_BLE\LIB\libCH58xBLE.a(gap_peripheral.o)
                0x00000000000097a0                GAP_SetAdvertisingRspData
 .text.GAP_SetPeriodicAdvertisingData
                0x00000000000098a2       0xc6 c:\Users\v.tsaregorodtsev\Documents\vch\VCH_BLE\LIB\libCH58xBLE.a(gap_peripheral.o)
                0x00000000000098a2                GAP_SetPeriodicAdvertisingData
 .text.GAP_GetAdvertisingAdvData
                0x0000000000009968       0x26 c:\Users\v.tsaregorodtsev\Documents\vch\VCH_BLE\LIB\libCH58xBLE.a(gap_peripheral.o)
                0x0000000000009968                GAP_GetAdvertisingAdvData
 .text.GAP_GetAdvertisingRspData
                0x000000000000998e       0x34 c:\Users\v.tsaregorodtsev\Documents\vch\VCH_BLE\LIB\libCH58xBLE.a(gap_peripheral.o)
                0x000000000000998e                GAP_GetAdvertisingRspData
 .text.GAP_GetPeriodicAdvertisingData
                0x00000000000099c2       0x34 c:\Users\v.tsaregorodtsev\Documents\vch\VCH_BLE\LIB\libCH58xBLE.a(gap_peripheral.o)
                0x00000000000099c2                GAP_GetPeriodicAdvertisingData
 .text.GAP_PeriConnRegister
                0x00000000000099f6       0x2e c:\Users\v.tsaregorodtsev\Documents\vch\VCH_BLE\LIB\libCH58xBLE.a(gap_peripheral.o)
                0x00000000000099f6                GAP_PeriConnRegister
 .text.GAP_PeripheralParamInit
                0x0000000000009a24       0x6c c:\Users\v.tsaregorodtsev\Documents\vch\VCH_BLE\LIB\libCH58xBLE.a(gap_peripheral.o)
                0x0000000000009a24                GAP_PeripheralParamInit
 .text.gapSendMakeDiscEvent
                0x0000000000009a90       0x50 c:\Users\v.tsaregorodtsev\Documents\vch\VCH_BLE\LIB\libCH58xBLE.a(gap_peripheral.o)
                0x0000000000009a90                gapSendMakeDiscEvent
 .text.gapWriteAdvEnableStatus
                0x0000000000009ae0      0x110 c:\Users\v.tsaregorodtsev\Documents\vch\VCH_BLE\LIB\libCH58xBLE.a(gap_peripheral.o)
 .text.gapSendMakePeriodicEvent
                0x0000000000009bf0       0x3a c:\Users\v.tsaregorodtsev\Documents\vch\VCH_BLE\LIB\libCH58xBLE.a(gap_peripheral.o)
                0x0000000000009bf0                gapSendMakePeriodicEvent
 .text.gapSendMakeConnectionlessCTEEvent
                0x0000000000009c2a       0x3a c:\Users\v.tsaregorodtsev\Documents\vch\VCH_BLE\LIB\libCH58xBLE.a(gap_peripheral.o)
                0x0000000000009c2a                gapSendMakeConnectionlessCTEEvent
 .text.gapPeriProcessHCICmdCompleteEvt
                0x0000000000009c64      0x22e c:\Users\v.tsaregorodtsev\Documents\vch\VCH_BLE\LIB\libCH58xBLE.a(gap_peripheral.o)
 .text.GAP_PeriDevMgrInit
                0x0000000000009e92       0x2e c:\Users\v.tsaregorodtsev\Documents\vch\VCH_BLE\LIB\libCH58xBLE.a(gap_peripheral.o)
                0x0000000000009e92                GAP_PeriDevMgrInit
 .text.ggs_SetAttrWPermit
                0x0000000000009ec0       0x68 c:\Users\v.tsaregorodtsev\Documents\vch\VCH_BLE\LIB\libCH58xBLE.a(gapgattserver.o)
 .text.ggs_ReadAttrCB
                0x0000000000009f28      0x156 c:\Users\v.tsaregorodtsev\Documents\vch\VCH_BLE\LIB\libCH58xBLE.a(gapgattserver.o)
 .text.ggs_WriteAttrCB
                0x000000000000a07e      0x162 c:\Users\v.tsaregorodtsev\Documents\vch\VCH_BLE\LIB\libCH58xBLE.a(gapgattserver.o)
 .text.GGS_ParamInit
                0x000000000000a1e0      0x15c c:\Users\v.tsaregorodtsev\Documents\vch\VCH_BLE\LIB\libCH58xBLE.a(gapgattserver.o)
                0x000000000000a1e0                GGS_ParamInit
 .text.GGS_SetParameter
                0x000000000000a33c      0x116 c:\Users\v.tsaregorodtsev\Documents\vch\VCH_BLE\LIB\libCH58xBLE.a(gapgattserver.o)
                0x000000000000a33c                GGS_SetParameter
 .text.GGS_AddService
                0x000000000000a452       0x2c c:\Users\v.tsaregorodtsev\Documents\vch\VCH_BLE\LIB\libCH58xBLE.a(gapgattserver.o)
                0x000000000000a452                GGS_AddService
 .text.GAP_DeviceInit
                0x000000000000a47e       0xd8 c:\Users\v.tsaregorodtsev\Documents\vch\VCH_BLE\LIB\libCH58xBLE.a(gapgattserver.o)
                0x000000000000a47e                GAP_DeviceInit
 .text.gattGetPayload
                0x000000000000a556       0x7e c:\Users\v.tsaregorodtsev\Documents\vch\VCH_BLE\LIB\libCH58xBLE.a(gatt.o)
                0x000000000000a556                gattGetPayload
 .text.gattNotifyEvent
                0x000000000000a5d4       0x84 c:\Users\v.tsaregorodtsev\Documents\vch\VCH_BLE\LIB\libCH58xBLE.a(gatt.o)
                0x000000000000a5d4                gattNotifyEvent
 .text.gattSendFlowCtrlEvt
                0x000000000000a658       0x52 c:\Users\v.tsaregorodtsev\Documents\vch\VCH_BLE\LIB\libCH58xBLE.a(gatt.o)
                0x000000000000a658                gattSendFlowCtrlEvt
 .text.gattStartTimer
                0x000000000000a6aa        0xc c:\Users\v.tsaregorodtsev\Documents\vch\VCH_BLE\LIB\libCH58xBLE.a(gatt.o)
                0x000000000000a6aa                gattStartTimer
 .text.gattStopTimer
                0x000000000000a6b6       0x32 c:\Users\v.tsaregorodtsev\Documents\vch\VCH_BLE\LIB\libCH58xBLE.a(gatt.o)
                0x000000000000a6b6                gattStopTimer
 .text.GATT_AppCompletedMsg
                0x000000000000a6e8       0x30 c:\Users\v.tsaregorodtsev\Documents\vch\VCH_BLE\LIB\libCH58xBLE.a(gatt.o)
                0x000000000000a6e8                GATT_AppCompletedMsg
 .text.GATT_ExchangeMTU
                0x000000000000a718       0x4c c:\Users\v.tsaregorodtsev\Documents\vch\VCH_BLE\LIB\libCH58xBLE.a(gatt.o)
                0x000000000000a718                GATT_ExchangeMTU
 .text.GATT_NotifyEvent
                0x000000000000a764       0x56 c:\Users\v.tsaregorodtsev\Documents\vch\VCH_BLE\LIB\libCH58xBLE.a(gatt.o)
                0x000000000000a764                GATT_NotifyEvent
 .text.gattRegisterClient
                0x000000000000a7ba        0x6 c:\Users\v.tsaregorodtsev\Documents\vch\VCH_BLE\LIB\libCH58xBLE.a(gatt.o)
                0x000000000000a7ba                gattRegisterClient
 .text.gattRegisterServer
                0x000000000000a7c0        0x6 c:\Users\v.tsaregorodtsev\Documents\vch\VCH_BLE\LIB\libCH58xBLE.a(gatt.o)
                0x000000000000a7c0                gattRegisterServer
 .text.GATT_UpdateMTU
                0x000000000000a7c6       0x5a c:\Users\v.tsaregorodtsev\Documents\vch\VCH_BLE\LIB\libCH58xBLE.a(gatt.o)
                0x000000000000a7c6                GATT_UpdateMTU
 .text.GATT_bm_alloc
                0x000000000000a820       0xe8 c:\Users\v.tsaregorodtsev\Documents\vch\VCH_BLE\LIB\libCH58xBLE.a(gatt.o)
                0x000000000000a820                GATT_bm_alloc
 .text.gattFindByTypeValue
                0x000000000000a908       0x7c c:\Users\v.tsaregorodtsev\Documents\vch\VCH_BLE\LIB\libCH58xBLE.a(gatt.o)
                0x000000000000a908                gattFindByTypeValue
 .text.gattPrepareWriteReq
                0x000000000000a984       0x6e c:\Users\v.tsaregorodtsev\Documents\vch\VCH_BLE\LIB\libCH58xBLE.a(gatt.o)
                0x000000000000a984                gattPrepareWriteReq
 .text.gattProcessReliableWrites
                0x000000000000a9f2       0xd4 c:\Users\v.tsaregorodtsev\Documents\vch\VCH_BLE\LIB\libCH58xBLE.a(gatt.o)
                0x000000000000a9f2                gattProcessReliableWrites
 .text.gattProcessWriteLong
                0x000000000000aac6       0xc0 c:\Users\v.tsaregorodtsev\Documents\vch\VCH_BLE\LIB\libCH58xBLE.a(gatt.o)
                0x000000000000aac6                gattProcessWriteLong
 .text.GATT_ServiceChangedInd
                0x000000000000ab86       0x94 c:\Users\v.tsaregorodtsev\Documents\vch\VCH_BLE\LIB\libCH58xBLE.a(gatt.o)
                0x000000000000ab86                GATT_ServiceChangedInd
 .text.GATT_bm_free
                0x000000000000ac1a       0x1c c:\Users\v.tsaregorodtsev\Documents\vch\VCH_BLE\LIB\libCH58xBLE.a(gatt.o)
                0x000000000000ac1a                GATT_bm_free
 .text.GATT_Init
                0x000000000000ac36       0x2a c:\Users\v.tsaregorodtsev\Documents\vch\VCH_BLE\LIB\libCH58xBLE.a(gatt.o)
                0x000000000000ac36                GATT_Init
 .text.GATT_ProcessEvent
                0x000000000000ac60      0x13a c:\Users\v.tsaregorodtsev\Documents\vch\VCH_BLE\LIB\libCH58xBLE.a(gatt.o)
                0x000000000000ac60                GATT_ProcessEvent
 .text.gattProcessReadByType
                0x000000000000ad9a      0x1d8 c:\Users\v.tsaregorodtsev\Documents\vch\VCH_BLE\LIB\libCH58xBLE.a(gattclientapp.o)
                0x000000000000ad9a                gattProcessReadByType
 .text.gattFindClientInfo
                0x000000000000af72       0x30 c:\Users\v.tsaregorodtsev\Documents\vch\VCH_BLE\LIB\libCH58xBLE.a(gattclientapp.o)
                0x000000000000af72                gattFindClientInfo
 .text.gattClientNotifyTxCB
                0x000000000000afa2       0x28 c:\Users\v.tsaregorodtsev\Documents\vch\VCH_BLE\LIB\libCH58xBLE.a(gattclientapp.o)
                0x000000000000afa2                gattClientNotifyTxCB
 .text.gattGetClientStatus
                0x000000000000afca       0x36 c:\Users\v.tsaregorodtsev\Documents\vch\VCH_BLE\LIB\libCH58xBLE.a(gattclientapp.o)
                0x000000000000afca                gattGetClientStatus
 .text.gattResetClientInfo
                0x000000000000b000       0x8a c:\Users\v.tsaregorodtsev\Documents\vch\VCH_BLE\LIB\libCH58xBLE.a(gattclientapp.o)
                0x000000000000b000                gattResetClientInfo
 .text.gattClientHandleConnStatusCB
                0x000000000000b08a       0x9a c:\Users\v.tsaregorodtsev\Documents\vch\VCH_BLE\LIB\libCH58xBLE.a(gattclientapp.o)
                0x000000000000b08a                gattClientHandleConnStatusCB
 .text.gattClientHandleTimerCB
                0x000000000000b124       0x58 c:\Users\v.tsaregorodtsev\Documents\vch\VCH_BLE\LIB\libCH58xBLE.a(gattclientapp.o)
                0x000000000000b124                gattClientHandleTimerCB
 .text.gattStoreClientInfo
                0x000000000000b17c       0x72 c:\Users\v.tsaregorodtsev\Documents\vch\VCH_BLE\LIB\libCH58xBLE.a(gattclientapp.o)
                0x000000000000b17c                gattStoreClientInfo
 .text.gattProcessFindInfo
                0x000000000000b1ee       0x92 c:\Users\v.tsaregorodtsev\Documents\vch\VCH_BLE\LIB\libCH58xBLE.a(gattclientapp.o)
                0x000000000000b1ee                gattProcessFindInfo
 .text.gattProcessFindByTypeValue
                0x000000000000b280       0x7e c:\Users\v.tsaregorodtsev\Documents\vch\VCH_BLE\LIB\libCH58xBLE.a(gattclientapp.o)
                0x000000000000b280                gattProcessFindByTypeValue
 .text.gattProcessReadLong
                0x000000000000b2fe       0x78 c:\Users\v.tsaregorodtsev\Documents\vch\VCH_BLE\LIB\libCH58xBLE.a(gattclientapp.o)
                0x000000000000b2fe                gattProcessReadLong
 .text.gattProcessReadByGrpType
                0x000000000000b376       0x92 c:\Users\v.tsaregorodtsev\Documents\vch\VCH_BLE\LIB\libCH58xBLE.a(gattclientapp.o)
                0x000000000000b376                gattProcessReadByGrpType
 .text.gattProcessMultiReqs
                0x000000000000b408      0x134 c:\Users\v.tsaregorodtsev\Documents\vch\VCH_BLE\LIB\libCH58xBLE.a(gattclientapp.o)
                0x000000000000b408                gattProcessMultiReqs
 .text.gattClientProcessMsgCB
                0x000000000000b53c      0x1e6 c:\Users\v.tsaregorodtsev\Documents\vch\VCH_BLE\LIB\libCH58xBLE.a(gattclientapp.o)
                0x000000000000b53c                gattClientProcessMsgCB
 .text.GATT_InitClient
                0x000000000000b722       0xcc c:\Users\v.tsaregorodtsev\Documents\vch\VCH_BLE\LIB\libCH58xBLE.a(gattclientapp.o)
                0x000000000000b722                GATT_InitClient
 .text.gattProcessExchangeMTUReq
                0x000000000000b7ee        0x4 c:\Users\v.tsaregorodtsev\Documents\vch\VCH_BLE\LIB\libCH58xBLE.a(gattservapp.o)
 .text.gattServApp_FindCharCfgItem
                0x000000000000b7f2       0x24 c:\Users\v.tsaregorodtsev\Documents\vch\VCH_BLE\LIB\libCH58xBLE.a(gattservapp.o)
 .text.gattServerHandleTimerCB
                0x000000000000b816       0x3c c:\Users\v.tsaregorodtsev\Documents\vch\VCH_BLE\LIB\libCH58xBLE.a(gattservapp.o)
 .text.GATTServApp_InitCharCfg.part.12
                0x000000000000b852       0x20 c:\Users\v.tsaregorodtsev\Documents\vch\VCH_BLE\LIB\libCH58xBLE.a(gattservapp.o)
 .text.gattProcessExecuteWriteReq
                0x000000000000b872        0x4 c:\Users\v.tsaregorodtsev\Documents\vch\VCH_BLE\LIB\libCH58xBLE.a(gattservapp.o)
 .text.GATTServApp_ParamInit
                0x000000000000b876       0xd6 c:\Users\v.tsaregorodtsev\Documents\vch\VCH_BLE\LIB\libCH58xBLE.a(gattservapp.o)
                0x000000000000b876                GATTServApp_ParamInit
 .text.GATTServApp_ReadCharCfg
                0x000000000000b94c       0x18 c:\Users\v.tsaregorodtsev\Documents\vch\VCH_BLE\LIB\libCH58xBLE.a(gattservapp.o)
                0x000000000000b94c                GATTServApp_ReadCharCfg
 .text.GATTServApp_WriteCharCfg
                0x000000000000b964       0x3c c:\Users\v.tsaregorodtsev\Documents\vch\VCH_BLE\LIB\libCH58xBLE.a(gattservapp.o)
                0x000000000000b964                GATTServApp_WriteCharCfg
 .text.GATTServApp_ProcessCCCWriteReq
                0x000000000000b9a0       0x60 c:\Users\v.tsaregorodtsev\Documents\vch\VCH_BLE\LIB\libCH58xBLE.a(gattservapp.o)
                0x000000000000b9a0                GATTServApp_ProcessCCCWriteReq
 .text.gattServApp_WriteAttrCB
                0x000000000000ba00       0x34 c:\Users\v.tsaregorodtsev\Documents\vch\VCH_BLE\LIB\libCH58xBLE.a(gattservapp.o)
                0x000000000000ba00                gattServApp_WriteAttrCB
 .text.GATTServApp_SendCCCUpdatedEvent
                0x000000000000ba34       0x5e c:\Users\v.tsaregorodtsev\Documents\vch\VCH_BLE\LIB\libCH58xBLE.a(gattservapp.o)
                0x000000000000ba34                GATTServApp_SendCCCUpdatedEvent
 .text.GATTServApp_SendServiceChangedInd
                0x000000000000ba92       0x36 c:\Users\v.tsaregorodtsev\Documents\vch\VCH_BLE\LIB\libCH58xBLE.a(gattservapp.o)
                0x000000000000ba92                GATTServApp_SendServiceChangedInd
 .text.gattServApp_ClearPrepareWriteQ
                0x000000000000bac8       0x50 c:\Users\v.tsaregorodtsev\Documents\vch\VCH_BLE\LIB\libCH58xBLE.a(gattservapp.o)
                0x000000000000bac8                gattServApp_ClearPrepareWriteQ
 .text.gattServApp_FindPrepareWriteQ
                0x000000000000bb18       0x30 c:\Users\v.tsaregorodtsev\Documents\vch\VCH_BLE\LIB\libCH58xBLE.a(gattservapp.o)
                0x000000000000bb18                gattServApp_FindPrepareWriteQ
 .text.gattServApp_FindServiceCBs
                0x000000000000bb48       0x18 c:\Users\v.tsaregorodtsev\Documents\vch\VCH_BLE\LIB\libCH58xBLE.a(gattservapp.o)
                0x000000000000bb48                gattServApp_FindServiceCBs
 .text.gattServApp_FindAuthorizeAttrCB
                0x000000000000bb60       0x16 c:\Users\v.tsaregorodtsev\Documents\vch\VCH_BLE\LIB\libCH58xBLE.a(gattservapp.o)
                0x000000000000bb60                gattServApp_FindAuthorizeAttrCB
 .text.gattServApp_IsWriteLong
                0x000000000000bb76       0xea c:\Users\v.tsaregorodtsev\Documents\vch\VCH_BLE\LIB\libCH58xBLE.a(gattservapp.o)
                0x000000000000bb76                gattServApp_IsWriteLong
 .text.gattFindService
                0x000000000000bc60       0x1c c:\Users\v.tsaregorodtsev\Documents\vch\VCH_BLE\LIB\libCH58xBLE.a(gattservapp.o)
                0x000000000000bc60                gattFindService
 .text.GATT_ServiceNumAttrs
                0x000000000000bc7c       0x18 c:\Users\v.tsaregorodtsev\Documents\vch\VCH_BLE\LIB\libCH58xBLE.a(gattservapp.o)
                0x000000000000bc7c                GATT_ServiceNumAttrs
 .text.GATT_ServiceEncKeySize
                0x000000000000bc94       0x18 c:\Users\v.tsaregorodtsev\Documents\vch\VCH_BLE\LIB\libCH58xBLE.a(gattservapp.o)
                0x000000000000bc94                GATT_ServiceEncKeySize
 .text.GATT_VerifyWritePermissions.part.7
                0x000000000000bcac       0x2e c:\Users\v.tsaregorodtsev\Documents\vch\VCH_BLE\LIB\libCH58xBLE.a(gattservapp.o)
 .text.gattResetServerInfo
                0x000000000000bcda       0x1c c:\Users\v.tsaregorodtsev\Documents\vch\VCH_BLE\LIB\libCH58xBLE.a(gattservapp.o)
                0x000000000000bcda                gattResetServerInfo
 .text.gattFindServerInfo
                0x000000000000bcf6       0x2c c:\Users\v.tsaregorodtsev\Documents\vch\VCH_BLE\LIB\libCH58xBLE.a(gattservapp.o)
                0x000000000000bcf6                gattFindServerInfo
 .text.gattServerHandleConnStatusCB
                0x000000000000bd22       0x98 c:\Users\v.tsaregorodtsev\Documents\vch\VCH_BLE\LIB\libCH58xBLE.a(gattservapp.o)
                0x000000000000bd22                gattServerHandleConnStatusCB
 .text.gattServerProcessMsgCB
                0x000000000000bdba      0x1c0 c:\Users\v.tsaregorodtsev\Documents\vch\VCH_BLE\LIB\libCH58xBLE.a(gattservapp.o)
                0x000000000000bdba                gattServerProcessMsgCB
 .text.gattServerNotifyTxCB
                0x000000000000bf7a       0x28 c:\Users\v.tsaregorodtsev\Documents\vch\VCH_BLE\LIB\libCH58xBLE.a(gattservapp.o)
 .text.GATT_FindHandle
                0x000000000000bfa2       0x4a c:\Users\v.tsaregorodtsev\Documents\vch\VCH_BLE\LIB\libCH58xBLE.a(gattservapp.o)
                0x000000000000bfa2                GATT_FindHandle
 .text.GATTServApp_WriteAttr
                0x000000000000bfec       0xa8 c:\Users\v.tsaregorodtsev\Documents\vch\VCH_BLE\LIB\libCH58xBLE.a(gattservapp.o)
                0x000000000000bfec                GATTServApp_WriteAttr
 .text.gattServApp_ProcessExecuteWriteReq
                0x000000000000c094      0x100 c:\Users\v.tsaregorodtsev\Documents\vch\VCH_BLE\LIB\libCH58xBLE.a(gattservapp.o)
                0x000000000000c094                gattServApp_ProcessExecuteWriteReq
 .text.GATTServApp_UpdateCharCfg
                0x000000000000c194       0x1e c:\Users\v.tsaregorodtsev\Documents\vch\VCH_BLE\LIB\libCH58xBLE.a(gattservapp.o)
                0x000000000000c194                GATTServApp_UpdateCharCfg
 .text.gattServApp_ProcessPrepareWriteReq
                0x000000000000c1b2      0x10e c:\Users\v.tsaregorodtsev\Documents\vch\VCH_BLE\LIB\libCH58xBLE.a(gattservapp.o)
                0x000000000000c1b2                gattServApp_ProcessPrepareWriteReq
 .text.gattServApp_ProcessWriteReq
                0x000000000000c2c0       0xb0 c:\Users\v.tsaregorodtsev\Documents\vch\VCH_BLE\LIB\libCH58xBLE.a(gattservapp.o)
                0x000000000000c2c0                gattServApp_ProcessWriteReq
 .text.GATT_Indication
                0x000000000000c370       0xa4 c:\Users\v.tsaregorodtsev\Documents\vch\VCH_BLE\LIB\libCH58xBLE.a(gattservapp.o)
                0x000000000000c370                GATT_Indication
 .text.GATT_FindHandleUUID
                0x000000000000c414       0x94 c:\Users\v.tsaregorodtsev\Documents\vch\VCH_BLE\LIB\libCH58xBLE.a(gattservapp.o)
                0x000000000000c414                GATT_FindHandleUUID
 .text.gattProcessReadByGrpTypeReq
                0x000000000000c4a8       0x60 c:\Users\v.tsaregorodtsev\Documents\vch\VCH_BLE\LIB\libCH58xBLE.a(gattservapp.o)
 .text.gattProcessReadByTypeReq
                0x000000000000c508       0x34 c:\Users\v.tsaregorodtsev\Documents\vch\VCH_BLE\LIB\libCH58xBLE.a(gattservapp.o)
 .text.gattProcessFindByTypeValueReq
                0x000000000000c53c       0x34 c:\Users\v.tsaregorodtsev\Documents\vch\VCH_BLE\LIB\libCH58xBLE.a(gattservapp.o)
 .text.gattProcessFindInfoReq
                0x000000000000c570      0x1aa c:\Users\v.tsaregorodtsev\Documents\vch\VCH_BLE\LIB\libCH58xBLE.a(gattservapp.o)
 .text.GATT_Notification
                0x000000000000c71a       0x70 c:\Users\v.tsaregorodtsev\Documents\vch\VCH_BLE\LIB\libCH58xBLE.a(gattservapp.o)
                0x000000000000c71a                GATT_Notification
 .text.GATT_VerifyWritePermissions
                0x000000000000c78a       0x6a c:\Users\v.tsaregorodtsev\Documents\vch\VCH_BLE\LIB\libCH58xBLE.a(gattservapp.o)
                0x000000000000c78a                GATT_VerifyWritePermissions
 .text.gattProcessWriteReq
                0x000000000000c7f4       0x36 c:\Users\v.tsaregorodtsev\Documents\vch\VCH_BLE\LIB\libCH58xBLE.a(gattservapp.o)
 .text.GATT_VerifyPrepareWritePermissions
                0x000000000000c82a       0x56 c:\Users\v.tsaregorodtsev\Documents\vch\VCH_BLE\LIB\libCH58xBLE.a(gattservapp.o)
                0x000000000000c82a                GATT_VerifyPrepareWritePermissions
 .text.gattProcessPrepareWriteReq
                0x000000000000c880       0x36 c:\Users\v.tsaregorodtsev\Documents\vch\VCH_BLE\LIB\libCH58xBLE.a(gattservapp.o)
 .text.GATT_FindNextAttr
                0x000000000000c8b6       0xc2 c:\Users\v.tsaregorodtsev\Documents\vch\VCH_BLE\LIB\libCH58xBLE.a(gattservapp.o)
                0x000000000000c8b6                GATT_FindNextAttr
 .text.GATTServApp_ReadAttr
                0x000000000000c978      0x2ea c:\Users\v.tsaregorodtsev\Documents\vch\VCH_BLE\LIB\libCH58xBLE.a(gattservapp.o)
                0x000000000000c978                GATTServApp_ReadAttr
 .text.gattServApp_ProcessReadMultiReq
                0x000000000000cc62      0x16e c:\Users\v.tsaregorodtsev\Documents\vch\VCH_BLE\LIB\libCH58xBLE.a(gattservapp.o)
                0x000000000000cc62                gattServApp_ProcessReadMultiReq
 .text.gattServApp_ProcessFindByTypeValueReq
                0x000000000000cdd0      0x1a0 c:\Users\v.tsaregorodtsev\Documents\vch\VCH_BLE\LIB\libCH58xBLE.a(gattservapp.o)
                0x000000000000cdd0                gattServApp_ProcessFindByTypeValueReq
 .text.GATT_VerifyReadPermissions
                0x000000000000cf70       0x68 c:\Users\v.tsaregorodtsev\Documents\vch\VCH_BLE\LIB\libCH58xBLE.a(gattservapp.o)
                0x000000000000cf70                GATT_VerifyReadPermissions
 .text.gattProcessReadMultiReq
                0x000000000000cfd8       0xae c:\Users\v.tsaregorodtsev\Documents\vch\VCH_BLE\LIB\libCH58xBLE.a(gattservapp.o)
 .text.gattProcessReadReq
                0x000000000000d086       0x30 c:\Users\v.tsaregorodtsev\Documents\vch\VCH_BLE\LIB\libCH58xBLE.a(gattservapp.o)
 .text.gattServApp_ProcessReadByGrpTypeReq
                0x000000000000d0b6      0x200 c:\Users\v.tsaregorodtsev\Documents\vch\VCH_BLE\LIB\libCH58xBLE.a(gattservapp.o)
                0x000000000000d0b6                gattServApp_ProcessReadByGrpTypeReq
 .text.gattServApp_ProcessReadByTypeReq
                0x000000000000d2b6      0x1ae c:\Users\v.tsaregorodtsev\Documents\vch\VCH_BLE\LIB\libCH58xBLE.a(gattservapp.o)
                0x000000000000d2b6                gattServApp_ProcessReadByTypeReq
 .text.GATT_RegisterService
                0x000000000000d464      0x100 c:\Users\v.tsaregorodtsev\Documents\vch\VCH_BLE\LIB\libCH58xBLE.a(gattservapp.o)
                0x000000000000d464                GATT_RegisterService
 .text.GATTServApp_RegisterService
                0x000000000000d564       0x7c c:\Users\v.tsaregorodtsev\Documents\vch\VCH_BLE\LIB\libCH58xBLE.a(gattservapp.o)
                0x000000000000d564                GATTServApp_RegisterService
 .text.GATTServApp_AddService
                0x000000000000d5e0       0x2c c:\Users\v.tsaregorodtsev\Documents\vch\VCH_BLE\LIB\libCH58xBLE.a(gattservapp.o)
                0x000000000000d5e0                GATTServApp_AddService
 .text.GATTServApp_RegisterForMsg
                0x000000000000d60c        0x6 c:\Users\v.tsaregorodtsev\Documents\vch\VCH_BLE\LIB\libCH58xBLE.a(gattservapp.o)
                0x000000000000d60c                GATTServApp_RegisterForMsg
 .text.GATTServApp_InitCharCfg
                0x000000000000d612       0x28 c:\Users\v.tsaregorodtsev\Documents\vch\VCH_BLE\LIB\libCH58xBLE.a(gattservapp.o)
                0x000000000000d612                GATTServApp_InitCharCfg
 .text.gattServApp_HandleConnStatusCB
                0x000000000000d63a       0x74 c:\Users\v.tsaregorodtsev\Documents\vch\VCH_BLE\LIB\libCH58xBLE.a(gattservapp.o)
                0x000000000000d63a                gattServApp_HandleConnStatusCB
 .text.GATT_InitServer
                0x000000000000d6ae       0xfa c:\Users\v.tsaregorodtsev\Documents\vch\VCH_BLE\LIB\libCH58xBLE.a(gattservapp.o)
                0x000000000000d6ae                GATT_InitServer
 .text.GATTServApp_Init
                0x000000000000d7a8       0x34 c:\Users\v.tsaregorodtsev\Documents\vch\VCH_BLE\LIB\libCH58xBLE.a(gattservapp.o)
                0x000000000000d7a8                GATTServApp_Init
 .text.GATTServApp_ProcessEvent
                0x000000000000d7dc      0x36a c:\Users\v.tsaregorodtsev\Documents\vch\VCH_BLE\LIB\libCH58xBLE.a(gattservapp.o)
                0x000000000000d7dc                GATTServApp_ProcessEvent
 .text.l2capAllocConnChannel
                0x000000000000db46       0xdc c:\Users\v.tsaregorodtsev\Documents\vch\VCH_BLE\LIB\libCH58xBLE.a(l2cap.o)
                0x000000000000db46                l2capAllocConnChannel
 .text.l2capFindLocalCID
                0x000000000000dc22       0x2c c:\Users\v.tsaregorodtsev\Documents\vch\VCH_BLE\LIB\libCH58xBLE.a(l2cap.o)
                0x000000000000dc22                l2capFindLocalCID
 .text.l2capFindLocalId
                0x000000000000dc4e       0x30 c:\Users\v.tsaregorodtsev\Documents\vch\VCH_BLE\LIB\libCH58xBLE.a(l2cap.o)
                0x000000000000dc4e                l2capFindLocalId
 .text.l2capFindPsm
                0x000000000000dc7e       0x2c c:\Users\v.tsaregorodtsev\Documents\vch\VCH_BLE\LIB\libCH58xBLE.a(l2cap.o)
                0x000000000000dc7e                l2capFindPsm
 .text.l2capFindRemoteCID
                0x000000000000dcaa       0x3c c:\Users\v.tsaregorodtsev\Documents\vch\VCH_BLE\LIB\libCH58xBLE.a(l2cap.o)
                0x000000000000dcaa                l2capFindRemoteCID
 .text.l2capFreeChannel
                0x000000000000dce6       0x4e c:\Users\v.tsaregorodtsev\Documents\vch\VCH_BLE\LIB\libCH58xBLE.a(l2cap.o)
                0x000000000000dce6                l2capFreeChannel
 .text.l2capDisconnectChannel
                0x000000000000dd34       0x28 c:\Users\v.tsaregorodtsev\Documents\vch\VCH_BLE\LIB\libCH58xBLE.a(l2cap.o)
                0x000000000000dd34                l2capDisconnectChannel
 .text.l2capHandleTimerCB
                0x000000000000dd5c       0x2c c:\Users\v.tsaregorodtsev\Documents\vch\VCH_BLE\LIB\libCH58xBLE.a(l2cap.o)
                0x000000000000dd5c                l2capHandleTimerCB
 .text.l2capFreePendingPkt
                0x000000000000dd88       0x58 c:\Users\v.tsaregorodtsev\Documents\vch\VCH_BLE\LIB\libCH58xBLE.a(l2cap.o)
                0x000000000000dd88                l2capFreePendingPkt
 .text.l2capGetCoChannelInfo
                0x000000000000dde0       0x82 c:\Users\v.tsaregorodtsev\Documents\vch\VCH_BLE\LIB\libCH58xBLE.a(l2cap.o)
                0x000000000000dde0                l2capGetCoChannelInfo
 .text.l2capNumActiveChannnels
                0x000000000000de62       0x44 c:\Users\v.tsaregorodtsev\Documents\vch\VCH_BLE\LIB\libCH58xBLE.a(l2cap.o)
                0x000000000000de62                l2capNumActiveChannnels
 .text.l2capStartTimer
                0x000000000000dea6       0x1a c:\Users\v.tsaregorodtsev\Documents\vch\VCH_BLE\LIB\libCH58xBLE.a(l2cap.o)
                0x000000000000dea6                l2capStartTimer
 .text.l2capStopTimer
                0x000000000000dec0       0x1e c:\Users\v.tsaregorodtsev\Documents\vch\VCH_BLE\LIB\libCH58xBLE.a(l2cap.o)
                0x000000000000dec0                l2capStopTimer
 .text.l2capDisconnectAllChannels
                0x000000000000dede       0xdc c:\Users\v.tsaregorodtsev\Documents\vch\VCH_BLE\LIB\libCH58xBLE.a(l2cap.o)
                0x000000000000dede                l2capDisconnectAllChannels
 .text.l2capHandleConnStatusCB
                0x000000000000dfba       0x3c c:\Users\v.tsaregorodtsev\Documents\vch\VCH_BLE\LIB\libCH58xBLE.a(l2cap.o)
                0x000000000000dfba                l2capHandleConnStatusCB
 .text.l2capHandleRxError
                0x000000000000dff6        0x6 c:\Users\v.tsaregorodtsev\Documents\vch\VCH_BLE\LIB\libCH58xBLE.a(l2cap.o)
                0x000000000000dff6                l2capHandleRxError
 .text.L2CAP_GetMTU
                0x000000000000dffc        0x6 c:\Users\v.tsaregorodtsev\Documents\vch\VCH_BLE\LIB\libCH58xBLE.a(l2cap.o)
                0x000000000000dffc                L2CAP_GetMTU
 .text.L2CAP_HostNumCompletedPkts
                0x000000000000e002       0x28 c:\Users\v.tsaregorodtsev\Documents\vch\VCH_BLE\LIB\libCH58xBLE.a(l2cap.o)
                0x000000000000e002                L2CAP_HostNumCompletedPkts
 .text.L2CAP_ParseConnectReq
                0x000000000000e02a       0x5e c:\Users\v.tsaregorodtsev\Documents\vch\VCH_BLE\LIB\libCH58xBLE.a(l2cap.o)
                0x000000000000e02a                L2CAP_ParseConnectReq
 .text.L2CAP_ParseFlowCtrlCredit
                0x000000000000e088       0x2e c:\Users\v.tsaregorodtsev\Documents\vch\VCH_BLE\LIB\libCH58xBLE.a(l2cap.o)
                0x000000000000e088                L2CAP_ParseFlowCtrlCredit
 .text.L2CAP_RegisterApp
                0x000000000000e0b6       0x30 c:\Users\v.tsaregorodtsev\Documents\vch\VCH_BLE\LIB\libCH58xBLE.a(l2cap.o)
                0x000000000000e0b6                L2CAP_RegisterApp
 .text.L2CAP_SetBufSize
                0x000000000000e0e6       0x1e c:\Users\v.tsaregorodtsev\Documents\vch\VCH_BLE\LIB\libCH58xBLE.a(l2cap.o)
                0x000000000000e0e6                L2CAP_SetBufSize
 .text.L2CAP_bm_alloc
                0x000000000000e104       0x2a c:\Users\v.tsaregorodtsev\Documents\vch\VCH_BLE\LIB\libCH58xBLE.a(l2cap.o)
                0x000000000000e104                L2CAP_bm_alloc
 .text.L2CAP_Init
                0x000000000000e12e      0x142 c:\Users\v.tsaregorodtsev\Documents\vch\VCH_BLE\LIB\libCH58xBLE.a(l2cap.o)
                0x000000000000e12e                L2CAP_Init
 .text.L2CAP_ProcessEvent
                0x000000000000e270       0xc8 c:\Users\v.tsaregorodtsev\Documents\vch\VCH_BLE\LIB\libCH58xBLE.a(l2cap.o)
                0x000000000000e270                L2CAP_ProcessEvent
 .text.l2capParseCmdReject
                0x000000000000e338       0x5e c:\Users\v.tsaregorodtsev\Documents\vch\VCH_BLE\LIB\libCH58xBLE.a(l2cap_input.o)
                0x000000000000e338                l2capParseCmdReject
 .text.l2capParseDisconnectReq
                0x000000000000e396       0x2e c:\Users\v.tsaregorodtsev\Documents\vch\VCH_BLE\LIB\libCH58xBLE.a(l2cap_input.o)
                0x000000000000e396                l2capParseDisconnectReq
 .text.l2capParseDisconnectRsp
                0x000000000000e3c4       0x2e c:\Users\v.tsaregorodtsev\Documents\vch\VCH_BLE\LIB\libCH58xBLE.a(l2cap_input.o)
                0x000000000000e3c4                l2capParseDisconnectRsp
 .text.L2CAP_ParseParamUpdateReq
                0x000000000000e3f2       0x4e c:\Users\v.tsaregorodtsev\Documents\vch\VCH_BLE\LIB\libCH58xBLE.a(l2cap_input.o)
                0x000000000000e3f2                L2CAP_ParseParamUpdateReq
 .text.l2capParseParamUpdateRsp
                0x000000000000e440       0x1e c:\Users\v.tsaregorodtsev\Documents\vch\VCH_BLE\LIB\libCH58xBLE.a(l2cap_input.o)
                0x000000000000e440                l2capParseParamUpdateRsp
 .text.l2capProcessConnectReq
                0x000000000000e45e       0xfc c:\Users\v.tsaregorodtsev\Documents\vch\VCH_BLE\LIB\libCH58xBLE.a(l2cap_input.o)
                0x000000000000e45e                l2capProcessConnectReq
 .text.l2capParseConnectRsp
                0x000000000000e55a       0x5e c:\Users\v.tsaregorodtsev\Documents\vch\VCH_BLE\LIB\libCH58xBLE.a(l2cap_input.o)
                0x000000000000e55a                l2capParseConnectRsp
 .text.l2capParseSignalHdr
                0x000000000000e5b8       0x22 c:\Users\v.tsaregorodtsev\Documents\vch\VCH_BLE\LIB\libCH58xBLE.a(l2cap_input.o)
                0x000000000000e5b8                l2capParseSignalHdr
 .text.l2capParsePacket
                0x000000000000e5da       0x8c c:\Users\v.tsaregorodtsev\Documents\vch\VCH_BLE\LIB\libCH58xBLE.a(l2cap_input.o)
                0x000000000000e5da                l2capParsePacket
 .text.l2capProcessReq
                0x000000000000e666      0x15a c:\Users\v.tsaregorodtsev\Documents\vch\VCH_BLE\LIB\libCH58xBLE.a(l2cap_input.o)
                0x000000000000e666                l2capProcessReq
 .text.l2capProcessRsp
                0x000000000000e7c0      0x150 c:\Users\v.tsaregorodtsev\Documents\vch\VCH_BLE\LIB\libCH58xBLE.a(l2cap_input.o)
                0x000000000000e7c0                l2capProcessRsp
 .text.l2capProcessRxData
                0x000000000000e910       0xf8 c:\Users\v.tsaregorodtsev\Documents\vch\VCH_BLE\LIB\libCH58xBLE.a(l2cap_input.o)
                0x000000000000e910                l2capProcessRxData
 .text.l2capNotifyData
                0x000000000000ea08       0x5e c:\Users\v.tsaregorodtsev\Documents\vch\VCH_BLE\LIB\libCH58xBLE.a(l2cap_output.o)
                0x000000000000ea08                l2capNotifyData
 .text.l2capNotifySignal
                0x000000000000ea66       0x7a c:\Users\v.tsaregorodtsev\Documents\vch\VCH_BLE\LIB\libCH58xBLE.a(l2cap_output.o)
                0x000000000000ea66                l2capNotifySignal
 .text.l2capNotifyCreditEvt
                0x000000000000eae0       0xa0 c:\Users\v.tsaregorodtsev\Documents\vch\VCH_BLE\LIB\libCH58xBLE.a(l2cap_output.o)
                0x000000000000eae0                l2capNotifyCreditEvt
 .text.l2capNotifyChannelEstEvt
                0x000000000000eb80       0x5c c:\Users\v.tsaregorodtsev\Documents\vch\VCH_BLE\LIB\libCH58xBLE.a(l2cap_output.o)
                0x000000000000eb80                l2capNotifyChannelEstEvt
 .text.l2capNotifyChannelTermEvt
                0x000000000000ebdc       0x3e c:\Users\v.tsaregorodtsev\Documents\vch\VCH_BLE\LIB\libCH58xBLE.a(l2cap_output.o)
                0x000000000000ebdc                l2capNotifyChannelTermEvt
 .text.l2capNotifyEvent
                0x000000000000ec1a       0x66 c:\Users\v.tsaregorodtsev\Documents\vch\VCH_BLE\LIB\libCH58xBLE.a(l2cap_output.o)
                0x000000000000ec1a                l2capNotifyEvent
 .text.l2capStoreFCPkt
                0x000000000000ec80       0x32 c:\Users\v.tsaregorodtsev\Documents\vch\VCH_BLE\LIB\libCH58xBLE.a(l2cap_output.o)
                0x000000000000ec80                l2capStoreFCPkt
 .text.l2capFreeTxSDU
                0x000000000000ecb2       0x9e c:\Users\v.tsaregorodtsev\Documents\vch\VCH_BLE\LIB\libCH58xBLE.a(l2cap_output.o)
                0x000000000000ecb2                l2capFreeTxSDU
 .text.l2capReassembleSegment
                0x000000000000ed50      0x174 c:\Users\v.tsaregorodtsev\Documents\vch\VCH_BLE\LIB\libCH58xBLE.a(l2cap_output.o)
                0x000000000000ed50                l2capReassembleSegment
 .text.l2capEncapSendData
                0x000000000000eec4       0xec c:\Users\v.tsaregorodtsev\Documents\vch\VCH_BLE\LIB\libCH58xBLE.a(l2cap_output.o)
                0x000000000000eec4                l2capEncapSendData
 .text.l2capSendFCPkt.part.3
                0x000000000000efb0       0x70 c:\Users\v.tsaregorodtsev\Documents\vch\VCH_BLE\LIB\libCH58xBLE.a(l2cap_output.o)
 .text.l2capSendSegment
                0x000000000000f020      0x108 c:\Users\v.tsaregorodtsev\Documents\vch\VCH_BLE\LIB\libCH58xBLE.a(l2cap_output.o)
                0x000000000000f020                l2capSendSegment
 .text.l2capSendNextSegment
                0x000000000000f128       0xb4 c:\Users\v.tsaregorodtsev\Documents\vch\VCH_BLE\LIB\libCH58xBLE.a(l2cap_output.o)
                0x000000000000f128                l2capSendNextSegment
 .text.l2capSendPkt
                0x000000000000f1dc       0x3a c:\Users\v.tsaregorodtsev\Documents\vch\VCH_BLE\LIB\libCH58xBLE.a(l2cap_output.o)
                0x000000000000f1dc                l2capSendPkt
 .text.L2CAP_SendData
                0x000000000000f216       0x82 c:\Users\v.tsaregorodtsev\Documents\vch\VCH_BLE\LIB\libCH58xBLE.a(l2cap_output.o)
                0x000000000000f216                L2CAP_SendData
 .text.l2capSendCmd
                0x000000000000f298       0x8a c:\Users\v.tsaregorodtsev\Documents\vch\VCH_BLE\LIB\libCH58xBLE.a(l2cap_output.o)
                0x000000000000f298                l2capSendCmd
 .text.l2capSendReq
                0x000000000000f322       0xbc c:\Users\v.tsaregorodtsev\Documents\vch\VCH_BLE\LIB\libCH58xBLE.a(l2cap_output.o)
                0x000000000000f322                l2capSendReq
 .text.l2capBuildDisconnectReq
                0x000000000000f3de       0x28 c:\Users\v.tsaregorodtsev\Documents\vch\VCH_BLE\LIB\libCH58xBLE.a(l2cap_sdu.o)
 .text.l2capBuildParamUpdateReq
                0x000000000000f406       0x4c c:\Users\v.tsaregorodtsev\Documents\vch\VCH_BLE\LIB\libCH58xBLE.a(l2cap_sdu.o)
 .text.l2capBuildParamUpdateRsp
                0x000000000000f452       0x16 c:\Users\v.tsaregorodtsev\Documents\vch\VCH_BLE\LIB\libCH58xBLE.a(l2cap_sdu.o)
 .text.l2capBuildConnectRsp
                0x000000000000f468       0x5e c:\Users\v.tsaregorodtsev\Documents\vch\VCH_BLE\LIB\libCH58xBLE.a(l2cap_sdu.o)
 .text.l2capBuildCmdReject
                0x000000000000f4c6       0x62 c:\Users\v.tsaregorodtsev\Documents\vch\VCH_BLE\LIB\libCH58xBLE.a(l2cap_sdu.o)
                0x000000000000f4c6                l2capBuildCmdReject
 .text.l2capBuildDisconnectRsp
                0x000000000000f528       0x28 c:\Users\v.tsaregorodtsev\Documents\vch\VCH_BLE\LIB\libCH58xBLE.a(l2cap_sdu.o)
                0x000000000000f528                l2capBuildDisconnectRsp
 .text.l2capSendConnectRsp
                0x000000000000f550       0xa6 c:\Users\v.tsaregorodtsev\Documents\vch\VCH_BLE\LIB\libCH58xBLE.a(l2cap_sdu.o)
                0x000000000000f550                l2capSendConnectRsp
 .text.L2CAP_CmdReject
                0x000000000000f5f6       0x12 c:\Users\v.tsaregorodtsev\Documents\vch\VCH_BLE\LIB\libCH58xBLE.a(l2cap_sdu.o)
                0x000000000000f5f6                L2CAP_CmdReject
 .text.L2CAP_DisconnectReq
                0x000000000000f608       0x2a c:\Users\v.tsaregorodtsev\Documents\vch\VCH_BLE\LIB\libCH58xBLE.a(l2cap_sdu.o)
                0x000000000000f608                L2CAP_DisconnectReq
 .text.L2CAP_ConnParamUpdateReq
                0x000000000000f632       0x16 c:\Users\v.tsaregorodtsev\Documents\vch\VCH_BLE\LIB\libCH58xBLE.a(l2cap_sdu.o)
                0x000000000000f632                L2CAP_ConnParamUpdateReq
 .text.L2CAP_ConnParamUpdateRsp
                0x000000000000f648       0x12 c:\Users\v.tsaregorodtsev\Documents\vch\VCH_BLE\LIB\libCH58xBLE.a(l2cap_sdu.o)
                0x000000000000f648                L2CAP_ConnParamUpdateRsp
 .text.reportStatusChange