Archive member included to satisfy reference by file (symbol)

c:\Users\v.tsaregorodtsev\Documents\vch\VCH_BLE\StdPeriphDriver\libISP583.a(ISP583.o)
                              ./StdPeriphDriver/CH58x_flash.o (FLASH_EEPROM_CMD)
c:\Users\v.tsaregorodtsev\Documents\vch\VCH_BLE\LIB\libCH58xBLE.a(message.o)
                              ./HAL/MCU.o (tmos_msg_deallocate)
c:\Users\v.tsaregorodtsev\Documents\vch\VCH_BLE\LIB\libCH58xBLE.a(tmos.o)
                              ./Profile/devinfoservice.o (tmos_memcpy)
c:\Users\v.tsaregorodtsev\Documents\vch\VCH_BLE\LIB\libCH58xBLE.a(tmos_hw.o)
                              ./HAL/RTC.o (TMOS_TimerInit)
c:\Users\v.tsaregorodtsev\Documents\vch\VCH_BLE\LIB\libCH58xBLE.a(tmos_snv.o)
                              c:\Users\v.tsaregorodtsev\Documents\vch\VCH_BLE\LIB\libCH58xBLE.a(tmos.o) (tmos_snv_init)
c:\Users\v.tsaregorodtsev\Documents\vch\VCH_BLE\LIB\libCH58xBLE.a(att.o)
                              ./APP/peripheral.o (ATT_GetMTU)
c:\Users\v.tsaregorodtsev\Documents\vch\VCH_BLE\LIB\libCH58xBLE.a(att_client.o)
                              c:\Users\v.tsaregorodtsev\Documents\vch\VCH_BLE\LIB\libCH58xBLE.a(att.o) (ATT_HandleValueConfirmation)
c:\Users\v.tsaregorodtsev\Documents\vch\VCH_BLE\LIB\libCH58xBLE.a(gap.o)
                              ./APP/peripheral.o (GAP_SetParamValue)
c:\Users\v.tsaregorodtsev\Documents\vch\VCH_BLE\LIB\libCH58xBLE.a(gap_central.o)
                              c:\Users\v.tsaregorodtsev\Documents\vch\VCH_BLE\LIB\libCH58xBLE.a(gap.o) (gapProcessPeriodicAdvertisingSyncEstablishedEvt)
c:\Users\v.tsaregorodtsev\Documents\vch\VCH_BLE\LIB\libCH58xBLE.a(gap_peripheral.o)
                              c:\Users\v.tsaregorodtsev\Documents\vch\VCH_BLE\LIB\libCH58xBLE.a(gap.o) (GAP_PeripheralParamInit)
c:\Users\v.tsaregorodtsev\Documents\vch\VCH_BLE\LIB\libCH58xBLE.a(gapgattserver.o)
                              ./APP/peripheral.o (GGS_SetParameter)
c:\Users\v.tsaregorodtsev\Documents\vch\VCH_BLE\LIB\libCH58xBLE.a(gatt.o)
                              ./APP/peripheral.o (GATT_ExchangeMTU)
c:\Users\v.tsaregorodtsev\Documents\vch\VCH_BLE\LIB\libCH58xBLE.a(gatt_uuid.o)
                              c:\Users\v.tsaregorodtsev\Documents\vch\VCH_BLE\LIB\libCH58xBLE.a(gatt.o) (serviceChangedUUID)
c:\Users\v.tsaregorodtsev\Documents\vch\VCH_BLE\LIB\libCH58xBLE.a(gattclientapp.o)
                              c:\Users\v.tsaregorodtsev\Documents\vch\VCH_BLE\LIB\libCH58xBLE.a(gatt.o) (gattGetClientStatus)
c:\Users\v.tsaregorodtsev\Documents\vch\VCH_BLE\LIB\libCH58xBLE.a(gattservapp.o)
                              ./APP/ble_uart_service/ble_uart_service_16bit.o (GATTServApp_ReadCharCfg)
c:\Users\v.tsaregorodtsev\Documents\vch\VCH_BLE\LIB\libCH58xBLE.a(l2cap.o)
                              c:\Users\v.tsaregorodtsev\Documents\vch\VCH_BLE\LIB\libCH58xBLE.a(att.o) (L2CAP_GetMTU)
c:\Users\v.tsaregorodtsev\Documents\vch\VCH_BLE\LIB\libCH58xBLE.a(l2cap_input.o)
                              c:\Users\v.tsaregorodtsev\Documents\vch\VCH_BLE\LIB\libCH58xBLE.a(l2cap.o) (l2capProcessRxData)
c:\Users\v.tsaregorodtsev\Documents\vch\VCH_BLE\LIB\libCH58xBLE.a(l2cap_output.o)
                              c:\Users\v.tsaregorodtsev\Documents\vch\VCH_BLE\LIB\libCH58xBLE.a(l2cap_input.o) (l2capNotifyData)
c:\Users\v.tsaregorodtsev\Documents\vch\VCH_BLE\LIB\libCH58xBLE.a(l2cap_sdu.o)
                              c:\Users\v.tsaregorodtsev\Documents\vch\VCH_BLE\LIB\libCH58xBLE.a(l2cap_input.o) (l2capBuildDisconnectRsp)
c:\Users\v.tsaregorodtsev\Documents\vch\VCH_BLE\LIB\libCH58xBLE.a(linkdb.o)
                              c:\Users\v.tsaregorodtsev\Documents\vch\VCH_BLE\LIB\libCH58xBLE.a(l2cap.o) (linkDB_Init)
c:\Users\v.tsaregorodtsev\Documents\vch\VCH_BLE\LIB\libCH58xBLE.a(sm.o)
                              c:\Users\v.tsaregorodtsev\Documents\vch\VCH_BLE\LIB\libCH58xBLE.a(gap.o) (smFreePairingParams)
c:\Users\v.tsaregorodtsev\Documents\vch\VCH_BLE\LIB\libCH58xBLE.a(sm_initiator.o)
                              c:\Users\v.tsaregorodtsev\Documents\vch\VCH_BLE\LIB\libCH58xBLE.a(sm.o) (smInitiatorSendNextKeyInfo)
c:\Users\v.tsaregorodtsev\Documents\vch\VCH_BLE\LIB\libCH58xBLE.a(sm_pdu.o)
                              c:\Users\v.tsaregorodtsev\Documents\vch\VCH_BLE\LIB\libCH58xBLE.a(sm.o) (smpBuildPairingReq)
c:\Users\v.tsaregorodtsev\Documents\vch\VCH_BLE\LIB\libCH58xBLE.a(sm_responding.o)
                              c:\Users\v.tsaregorodtsev\Documents\vch\VCH_BLE\LIB\libCH58xBLE.a(sm.o) (smResponderSendNextKeyInfo)
c:\Users\v.tsaregorodtsev\Documents\vch\VCH_BLE\LIB\libCH58xBLE.a(sm_toolbox.o)
                              c:\Users\v.tsaregorodtsev\Documents\vch\VCH_BLE\LIB\libCH58xBLE.a(sm.o) (sm_ah)
c:\Users\v.tsaregorodtsev\Documents\vch\VCH_BLE\LIB\libCH58xBLE.a(host_input.o)
                              c:\Users\v.tsaregorodtsev\Documents\vch\VCH_BLE\LIB\libCH58xBLE.a(gap.o) (gBleHostPara)
c:\Users\v.tsaregorodtsev\Documents\vch\VCH_BLE\LIB\libCH58xBLE.a(host_output.o)
[...]
Memory Configuration

Name             Origin             Length             Attributes
FLASH            0x0000000000000000 0x0000000000070000 xr
RAM              0x0000000020000000 0x0000000000008000 xrw
*default*        0x0000000000000000 0xffffffffffffffff

Linker script and memory map

LOAD ./StdPeriphDriver/CH58x_adc.o
LOAD ./StdPeriphDriver/CH58x_clk.o
LOAD ./StdPeriphDriver/CH58x_flash.o
LOAD ./StdPeriphDriver/CH58x_gpio.o
LOAD ./StdPeriphDriver/CH58x_i2c.o
LOAD ./StdPeriphDriver/CH58x_pwm.o
LOAD ./StdPeriphDriver/CH58x_pwr.o
LOAD ./StdPeriphDriver/CH58x_spi0.o
LOAD ./StdPeriphDriver/CH58x_spi1.o
LOAD ./StdPeriphDriver/CH58x_sys.o
LOAD ./StdPeriphDriver/CH58x_timer0.o
LOAD ./StdPeriphDriver/CH58x_timer1.o
LOAD ./StdPeriphDriver/CH58x_timer2.o
LOAD ./StdPeriphDriver/CH58x_timer3.o
LOAD ./StdPeriphDriver/CH58x_uart0.o
LOAD ./StdPeriphDriver/CH58x_uart1.o
LOAD ./StdPeriphDriver/CH58x_uart2.o
LOAD ./StdPeriphDriver/CH58x_uart3.o
LOAD ./StdPeriphDriver/CH58x_usb2dev.o
LOAD ./StdPeriphDriver/CH58x_usb2hostBase.o
LOAD ./StdPeriphDriver/CH58x_usb2hostClass.o
LOAD ./StdPeriphDriver/CH58x_usbdev.o
LOAD ./StdPeriphDriver/CH58x_usbhostBase.o
LOAD ./StdPeriphDriver/CH58x_usbhostClass.o
LOAD ./Startup/startup_CH583.o
LOAD ./RVMSIS/core_riscv.o
LOAD ./Profile/devinfoservice.o
LOAD ./HAL/MCU.o
LOAD ./HAL/RTC.o
LOAD ./HAL/SLEEP.o
LOAD ./APP/ble_uart_service/ble_uart_service_16bit.o
LOAD ./APP/app_drv_fifo/app_drv_fifo.o
LOAD ./APP/PCB/indication.o
LOAD ./APP/PCB/timedelay.o
LOAD ./APP/app_uart.o
LOAD ./APP/peripheral.o
LOAD ./APP/peripheral_main.o
LOAD c:\Users\v.tsaregorodtsev\Documents\vch\VCH_BLE\StdPeriphDriver\libISP583.a
LOAD c:\Users\v.tsaregorodtsev\Documents\vch\VCH_BLE\LIB\libCH58xBLE.a
LOAD c:/mounriver/mounriver_studio2/resources/app/resources/win32/components/wch/toolchain/risc-v embedded gcc/bin/../lib/gcc/riscv-none-embed/8.2.0/../../../../riscv-none-embed/lib/rv32imac/ilp32\libm.a
LOAD c:/mounriver/mounriver_studio2/resources/app/resources/win32/components/wch/toolchain/risc-v embedded gcc/bin/../lib/gcc/riscv-none-embed/8.2.0/rv32imac/ilp32\libgcc.a
LOAD c:/mounriver/mounriver_studio2/resources/app/resources/win32/components/wch/toolchain/risc-v embedded gcc/bin/../lib/gcc/riscv-none-embed/8.2.0/../../../../riscv-none-embed/lib/rv32imac/ilp32\libg_nano.a
LOAD c:/mounriver/mounriver_studio2/resources/app/resources/win32/components/wch/toolchain/risc-v embedded gcc/bin/../lib/gcc/riscv-none-embed/8.2.0/../../../../riscv-none-embed/lib/rv32imac/ilp32\libc_nano.a
LOAD c:/mounriver/mounriver_studio2/resources/app/resources/win32/components/wch/toolchain/risc-v embedded gcc/bin/../lib/gcc/riscv-none-embed/8.2.0/rv32imac/ilp32\libgcc.a
START GROUP
LOAD c:/mounriver/mounriver_studio2/resources/app/resources/win32/components/wch/toolchain/risc-v embedded gcc/bin/../lib/gcc/riscv-none-embed/8.2.0/rv32imac/ilp32\libgcc.a
LOAD c:/mounriver/mounriver_studio2/resources/app/resources/win32/components/wch/toolchain/risc-v embedded gcc/bin/../lib/gcc/riscv-none-embed/8.2.0/../../../../riscv-none-embed/lib/rv32imac/ilp32\libc_nano.a
LOAD c:/mounriver/mounriver_studio2/resources/app/resources/win32/components/wch/toolchain/risc-v embedded gcc/bin/../lib/gcc/riscv-none-embed/8.2.0/../../../../riscv-none-embed/lib/rv32imac/ilp32\libnosys.a
END GROUP
START GROUP
LOAD c:/mounriver/mounriver_studio2/resources/app/resources/win32/components/wch/toolchain/risc-v embedded gcc/bin/../lib/gcc/riscv-none-embed/8.2.0/rv32imac/ilp32\libgcc.a
LOAD c:/mounriver/mounriver_studio2/resources/app/resources/win32/components/wch/toolchain/risc-v embedded gcc/bin/../lib/gcc/riscv-none-embed/8.2.0/../../../../riscv-none-embed/lib/rv32imac/ilp32\libc_nano.a
LOAD c:/mounriver/mounriver_studio2/resources/app/resources/win32/components/wch/toolchain/risc-v embedded gcc/bin/../lib/gcc/riscv-none-embed/8.2.0/../../../../riscv-none-embed/lib/rv32imac/ilp32\libnosys.a
END GROUP
                0x0000000000000200                __stack_size = 0x200
                [!provide]                        PROVIDE (_stack_size = __stack_size)

.init           0x0000000000000000        0x4
                0x0000000000000000                _sinit = .
                0x0000000000000000                . = ALIGN (0x4)
 *(SORT_NONE(.init))
 .init          0x0000000000000000        0x4 ./Startup/startup_CH583.o
                0x0000000000000000                _start
                0x0000000000000004                . = ALIGN (0x4)
                0x0000000000000004                _einit = .

.highcodelalign
                0x0000000000000004        0x0
                0x0000000000000004                . = ALIGN (0x4)
                0x0000000000000004                PROVIDE (_highcode_lma = .)

.highcode       0x0000000020000000     0x20bc load address 0x0000000000000004
                0x0000000020000000                . = ALIGN (0x4)
                0x0000000020000000                PROVIDE (_highcode_vma_start = .)
 *(.vector)
 .vector        0x0000000020000000       0x90 ./Startup/startup_CH583.o
 *(SORT_NONE(.vector_handler))
 .vector_handler
                0x0000000020000090        0x2 ./Startup/startup_CH583.o
                0x0000000020000090                GPIOB_IRQHandler
                0x0000000020000090                GPIOA_IRQHandler
                0x0000000020000090                NMI_Handler
                0x0000000020000090                UART0_IRQHandler
                0x0000000020000090                BB_IRQHandler
                0x0000000020000090                Break_Point_Handler
                0x0000000020000090                TMR0_IRQHandler
                0x0000000020000090                Ecall_M_Mode_Handler
                0x0000000020000090                UART2_IRQHandler
                0x0000000020000090                PWMX_IRQHandler
                0x0000000020000090                ADC_IRQHandler
                0x0000000020000090                TMR2_IRQHandler
                0x0000000020000090                USB_IRQHandler
                0x0000000020000090                I2C_IRQHandler
                0x0000000020000090                USB2_IRQHandler
                0x0000000020000090                LLE_IRQHandler
                0x0000000020000090                WDOG_BAT_IRQHandler
                0x0000000020000090                Ecall_U_Mode_Handler
                0x0000000020000090                TMR3_IRQHandler
                0x0000000020000090                SW_Handler
                0x0000000020000090                SPI0_IRQHandler
                0x0000000020000090                UART3_IRQHandler
                0x0000000020000090                TMR1_IRQHandler
 *(.highcode)
 .highcode      0x0000000020000092       0x18 ./StdPeriphDriver/CH58x_clk.o
                0x0000000020000092                RTC_GetCycle32k
 .highcode      0x00000000200000aa      0x4ec ./StdPeriphDriver/CH58x_sys.o
                0x00000000200000aa                SetSysClock
                0x0000000020000430                SYS_ResetExecute
                0x00000000200004a2                HardFault_Handler
                0x0000000020000560                mDelayuS
                0x000000002000056e                mDelaymS
 .highcode      0x0000000020000596       0x16 ./HAL/RTC.o
                0x0000000020000596                RTC_IRQHandler
 .highcode      0x00000000200005ac       0x7e ./APP/app_uart.o
                0x00000000200005ac                UART1_IRQHandler
 .highcode      0x000000002000062a       0x18 ./APP/peripheral_main.o
                0x000000002000062a                Main_Circulation
 .highcode      0x0000000020000642      0x426 c:\Users\v.tsaregorodtsev\Documents\vch\VCH_BLE\StdPeriphDriver\libISP583.a(ISP583.o)
                0x0000000020000642                FLASH_ROM_BEG
                0x0000000020000654                FLASH_ROM_END
                0x0000000020000662                FLASH_ROM_IN
                0x0000000020000670                FLASH_ROM_OUT
                0x000000002000067e                FLASH_ROM_ADDR
                0x00000000200006c6                FLASH_ROM_WAIT
                0x00000000200006fe                FLASH_EEPROM_CMD
 .highcode      0x0000000020000a68      0x40c c:\Users\v.tsaregorodtsev\Documents\vch\VCH_BLE\LIB\libCH58xBLE.a(tmos.o)
                0x0000000020000a68                tmos_memcpy
                0x0000000020000a88                tmos_memcpy_word
                0x0000000020000aa0                tmos_memset
                0x0000000020000ab2                tmos_strlen
                0x0000000020000ac6                tmos_memdup
                0x0000000020000af8                tmos_memcmp
                0x0000000020000b26                tmos_revmemcpy
                0x0000000020000b42                tmos_isbufset
                0x0000000020000b64                tmos_proces_system_time
                0x0000000020000c98                TMOS_SystemProcess
 .highcode      0x0000000020000e74       0x50 c:\Users\v.tsaregorodtsev\Documents\vch\VCH_BLE\LIB\libCH58xBLE.a(tmos_hw.o)
                0x0000000020000ebe                TMOS_TimerIRQHandler
 .highcode      0x0000000020000ec4       0x4e c:\Users\v.tsaregorodtsev\Documents\vch\VCH_BLE\LIB\libCH58xBLE.a(ll_whitelist.o)
                0x0000000020000ec4                LL_WhitelistLookup
 .highcode      0x0000000020000f12      0x1b2 c:\Users\v.tsaregorodtsev\Documents\vch\VCH_BLE\LIB\libCH58xBLE.a(aes.o)
                0x0000000020000f12                AES_DevAESEnc
 .highcode      0x00000000200010c4      0x14a c:\Users\v.tsaregorodtsev\Documents\vch\VCH_BLE\LIB\libCH58xBLE.a(bb.o)
                0x00000000200010c4                BB_IRQLibHandler
                0x00000000200011c4                BB_IRQLibFunction
 .highcode      0x000000002000120e      0x368 c:\Users\v.tsaregorodtsev\Documents\vch\VCH_BLE\LIB\libCH58xBLE.a(ip.o)
                0x000000002000120e                ll_rx_wait_finish
                0x0000000020001248                ble_ll_chkcrc
                0x00000000200012e6                ll_tx_wait_finish
                0x00000000200013de                BLE_CheckHoppingMap
 .highcode      0x0000000020001576      0x254 c:\Users\v.tsaregorodtsev\Documents\vch\VCH_BLE\LIB\libCH58xBLE.a(lle.o)
                0x0000000020001576                LLE_IRQLibHandler
                0x0000000020001780                LLE_IRQLibFunction
 .highcode      0x00000000200017ca       0x32 c:\Users\v.tsaregorodtsev\Documents\vch\VCH_BLE\LIB\libCH58xBLE.a(rfend.o)
                0x00000000200017ca                RFEND_WaitTune
 .highcode      0x00000000200017fc      0x19e c:\Users\v.tsaregorodtsev\Documents\vch\VCH_BLE\LIB\libCH58xBLE.a(memory.o)
                0x00000000200017fc                tmos_memory_allocate
                0x00000000200018c2                tmos_memory_free
 .highcode      0x000000002000199a      0x2da c:\Users\v.tsaregorodtsev\Documents\vch\VCH_BLE\LIB\libCH58xBLE.a(ll_connect.o)
                0x000000002000199a                ll_connect_send_data
                0x0000000020001ac6                ll_connect_recv_data
                0x0000000020001ba2                ll_connect_event_continue
                0x0000000020001c68                ll_wait_connect_event
 .highcode      0x0000000020001c74      0x310 c:\Users\v.tsaregorodtsev\Documents\vch\VCH_BLE\LIB\libCH58xBLE.a(ll_hop.o)
                0x0000000020001c74                LL_HopGetChannel
                0x0000000020001d1a                LL_HopGetChannel2
 .highcode      0x0000000020001f84      0x138 c:\Users\v.tsaregorodtsev\Documents\vch\VCH_BLE\LIB\libCH58xBLE.a(ll_resolvinglist.o)
                0x0000000020001f84                ll_resolvinglist_checkRPA
                0x0000000020001ff0                LL_ResolvinglistPeerIdentifyAddressGetIrk
                0x0000000020002044                LL_ResolvinglistPeerRpaAddressGetIrk
                0x0000000020002080                LL_ResolvinglistLocalRpaAddressGetIrk
 *(.highcode.*)
                0x00000000200020bc                . = ALIGN (0x4)
 *fill*         0x00000000200020bc        0x0 
                0x00000000200020bc                PROVIDE (_highcode_vma_end = .)

.text           0x00000000000020c0    0x23ca8
                0x00000000000020c0                . = ALIGN (0x4)
 *(SORT_NONE(.handle_reset))
 .handle_reset  0x00000000000020c0       0xda ./Startup/startup_CH583.o
                0x00000000000020c0                handle_reset
 *(.text)
 .text          0x000000000000219a       0xa8 c:/mounriver/mounriver_studio2/resources/app/resources/win32/components/wch/toolchain/risc-v embedded gcc/bin/../lib/gcc/riscv-none-embed/8.2.0/../../../../riscv-none-embed/lib/rv32imac/ilp32\libg_nano.a(lib_a-memset.o)
                0x000000000000219a                memset
 *(.text.*)
 .text.ADC_InterTSSampInit
                0x0000000000002242       0x28 ./StdPeriphDriver/CH58x_adc.o
                0x0000000000002242                ADC_InterTSSampInit
 .text.LSECFG_Current
                0x000000000000226a       0x68 ./StdPeriphDriver/CH58x_clk.o
                0x000000000000226a                LSECFG_Current
 .text.RTC_InitTime
                0x00000000000022d2      0x204 ./StdPeriphDriver/CH58x_clk.o
                0x00000000000022d2                RTC_InitTime
 .text.Calibration_LSI
                0x00000000000024d6      0x8dc ./StdPeriphDriver/CH58x_clk.o
                0x00000000000024d6                Calibration_LSI
 .text.GPIOA_ModeCfg
                0x0000000000002db2       0xa6 ./StdPeriphDriver/CH58x_gpio.o
                0x0000000000002db2                GPIOA_ModeCfg
 .text.GPIOB_ModeCfg
                0x0000000000002e58       0xa6 ./StdPeriphDriver/CH58x_gpio.o
                0x0000000000002e58                GPIOB_ModeCfg
 .text.GetSysClock
                0x0000000000002efe       0x42 ./StdPeriphDriver/CH58x_sys.o
                0x0000000000002efe                GetSysClock
 .text.SYS_DisableAllIrq
                0x0000000000002f40       0x20 ./StdPeriphDriver/CH58x_sys.o
                0x0000000000002f40                SYS_DisableAllIrq
 .text.SYS_RecoverIrq
                0x0000000000002f60       0x14 ./StdPeriphDriver/CH58x_sys.o
                0x0000000000002f60                SYS_RecoverIrq
 .text.SYS_GetSysTickCnt
                0x0000000000002f74        0xa ./StdPeriphDriver/CH58x_sys.o
                0x0000000000002f74                SYS_GetSysTickCnt
 .text._write   0x0000000000002f7e       0x28 ./StdPeriphDriver/CH58x_sys.o
                0x0000000000002f7e                _write
 .text._sbrk    0x0000000000002fa6       0x34 ./StdPeriphDriver/CH58x_sys.o
                0x0000000000002fa6                _sbrk
 .text.UART1_BaudRateCfg
                0x0000000000002fda       0x30 ./StdPeriphDriver/CH58x_uart1.o
                0x0000000000002fda                UART1_BaudRateCfg
 .text.UART1_DefInit
                0x000000000000300a       0x32 ./StdPeriphDriver/CH58x_uart1.o
                0x000000000000300a                UART1_DefInit
 .text.UART1_INTCfg
                0x000000000000303c       0x2a ./StdPeriphDriver/CH58x_uart1.o
                0x000000000000303c                UART1_INTCfg
 .text.devInfo_ReadAttrCB
                0x0000000000003066      0x196 ./Profile/devinfoservice.o
 .text.DevInfo_AddService
                0x00000000000031fc       0x18 ./Profile/devinfoservice.o
                0x00000000000031fc                DevInfo_AddService
 .text.Lib_Calibration_LSI
                0x0000000000003214        0x6 ./HAL/MCU.o
                0x0000000000003214                Lib_Calibration_LSI
 .text.Lib_Read_Flash
                0x000000000000321a       0x1c ./HAL/MCU.o
                0x000000000000321a                Lib_Read_Flash
 .text.Lib_Write_Flash
                0x0000000000003236       0x40 ./HAL/MCU.o
                0x0000000000003236                Lib_Write_Flash
 .text.HAL_GetInterTempValue
                0x0000000000003276       0x72 ./HAL/MCU.o
                0x0000000000003276                HAL_GetInterTempValue
 .text.HAL_ProcessEvent
                0x00000000000032e8       0x7e ./HAL/MCU.o
                0x00000000000032e8                HAL_ProcessEvent
 .text.CH58X_BLEInit
                0x0000000000003366      0x134 ./HAL/MCU.o
                0x0000000000003366                CH58X_BLEInit
 .text.HAL_Init
                0x000000000000349a       0x30 ./HAL/MCU.o
                0x000000000000349a                HAL_Init
 .text.HAL_TimeInit
                0x00000000000034ca       0xe0 ./HAL/RTC.o
                0x00000000000034ca                HAL_TimeInit
 .text.ble_uart_WriteAttrCB
                0x00000000000035aa       0xba ./APP/ble_uart_service/ble_uart_service_16bit.o
 .text.ble_uart_ReadAttrCB
                0x0000000000003664       0x48 ./APP/ble_uart_service/ble_uart_service_16bit.o
 .text.ble_uart_HandleConnStatusCB
                0x00000000000036ac       0x3e ./APP/ble_uart_service/ble_uart_service_16bit.o
 .text.ble_uart_add_service
                0x00000000000036ea       0x5a ./APP/ble_uart_service/ble_uart_service_16bit.o
                0x00000000000036ea                ble_uart_add_service
 .text.ble_uart_notify_is_ready
                0x0000000000003744       0x18 ./APP/ble_uart_service/ble_uart_service_16bit.o
                0x0000000000003744                ble_uart_notify_is_ready
 .text.ble_uart_notify
                0x000000000000375c       0x46 ./APP/ble_uart_service/ble_uart_service_16bit.o
                0x000000000000375c                ble_uart_notify
 .text.app_drv_fifo_length
                0x00000000000037a2       0x12 ./APP/app_drv_fifo/app_drv_fifo.o
                0x00000000000037a2                app_drv_fifo_length
 .text.app_drv_fifo_init
                0x00000000000037b4       0x26 ./APP/app_drv_fifo/app_drv_fifo.o
                0x00000000000037b4                app_drv_fifo_init
 .text.app_drv_fifo_flush
                0x00000000000037da        0x6 ./APP/app_drv_fifo/app_drv_fifo.o
                0x00000000000037da                app_drv_fifo_flush
 .text.app_drv_fifo_write_from_same_addr
                0x00000000000037e0       0x60 ./APP/app_drv_fifo/app_drv_fifo.o
                0x00000000000037e0                app_drv_fifo_write_from_same_addr
 .text.app_drv_fifo_read
                0x0000000000003840       0x62 ./APP/app_drv_fifo/app_drv_fifo.o
                0x0000000000003840                app_drv_fifo_read
 .text.app_drv_fifo_read_to_same_addr
                0x00000000000038a2       0x4e ./APP/app_drv_fifo/app_drv_fifo.o
                0x00000000000038a2                app_drv_fifo_read_to_same_addr
 .text.indicate
                0x00000000000038f0       0x90 ./APP/PCB/indication.o
                0x00000000000038f0                indicate
 .text.blink_indication
                0x0000000000003980       0x4e ./APP/PCB/indication.o
                0x0000000000003980                blink_indication
 .text.LED_GPIO_init
                0x00000000000039ce       0x38 ./APP/PCB/indication.o
                0x00000000000039ce                LED_GPIO_init
 .text.sysytem_initSystick
                0x0000000000003a06       0x26 ./APP/PCB/timedelay.o
                0x0000000000003a06                sysytem_initSystick
 .text.TimeDelayMs
                0x0000000000003a2c       0x10 ./APP/PCB/timedelay.o
                0x0000000000003a2c                TimeDelayMs
 .text.millis   0x0000000000003a3c        0x8 ./APP/PCB/timedelay.o
                0x0000000000003a3c                millis
 .text.SysTick_Handler
                0x0000000000003a44       0x16 ./APP/PCB/timedelay.o
                0x0000000000003a44                SysTick_Handler
 .text.app_uart_process
                0x0000000000003a5a       0x44 ./APP/app_uart.o
                0x0000000000003a5a                app_uart_process
 .text.app_uart_init
                0x0000000000003a9e       0x78 ./APP/app_uart.o
                0x0000000000003a9e                app_uart_init
 .text.on_bleuartServiceEvt
                0x0000000000003b16       0x4e ./APP/app_uart.o
                0x0000000000003b16                on_bleuartServiceEvt
 .text.peripheralRssiCB
                0x0000000000003b64       0x12 ./APP/peripheral.o
 .text.peripheralParamUpdateCB
                0x0000000000003b76       0x30 ./APP/peripheral.o
 .text.Peripheral_LinkTerminated
                0x0000000000003ba6       0x44 ./APP/peripheral.o
 .text.peripheralStateNotificationCB
                0x0000000000003bea      0x14a ./APP/peripheral.o
 .text.Peripheral_ProcessEvent
                0x0000000000003d34      0x1ea ./APP/peripheral.o
                0x0000000000003d34                Peripheral_ProcessEvent
 .text.Peripheral_Init
                0x0000000000003f1e      0x13e ./APP/peripheral.o
                0x0000000000003f1e                Peripheral_Init
 .text.startup.main
                0x000000000000405c       0x62 ./APP/peripheral_main.o
                0x000000000000405c                main
 .text.tmos_msg_enqueue
                0x00000000000040be       0x1e c:\Users\v.tsaregorodtsev\Documents\vch\VCH_BLE\LIB\libCH58xBLE.a(message.o)
                0x00000000000040be                tmos_msg_enqueue
 .text.tmos_msg_deallocate
                0x00000000000040dc       0x2c c:\Users\v.tsaregorodtsev\Documents\vch\VCH_BLE\LIB\libCH58xBLE.a(message.o)
                0x00000000000040dc                tmos_msg_deallocate
 .text.tmos_msg_allocate
                0x0000000000004108       0x46 c:\Users\v.tsaregorodtsev\Documents\vch\VCH_BLE\LIB\libCH58xBLE.a(message.o)
                0x0000000000004108                tmos_msg_allocate
 .text.tmos_msg_receive
                0x000000000000414e       0x68 c:\Users\v.tsaregorodtsev\Documents\vch\VCH_BLE\LIB\libCH58xBLE.a(message.o)
                0x000000000000414e                tmos_msg_receive
 .text.tmos_msg_send
                0x00000000000041b6       0x5c c:\Users\v.tsaregorodtsev\Documents\vch\VCH_BLE\LIB\libCH58xBLE.a(message.o)
                0x00000000000041b6                tmos_msg_send
 .text.tmos_msg_init
                0x0000000000004212        0x6 c:\Users\v.tsaregorodtsev\Documents\vch\VCH_BLE\LIB\libCH58xBLE.a(message.o)
                0x0000000000004212                tmos_msg_init
 .text.tmosFindTask
                0x0000000000004218       0x20 c:\Users\v.tsaregorodtsev\Documents\vch\VCH_BLE\LIB\libCH58xBLE.a(tmos.o)
 .text.TMOS_CB_PeriodicProcessEvent
                0x0000000000004238       0x82 c:\Users\v.tsaregorodtsev\Documents\vch\VCH_BLE\LIB\libCH58xBLE.a(tmos.o)
                0x0000000000004238                TMOS_CB_PeriodicProcessEvent
 .text.TMOS_CB_ProcessEvent
                0x00000000000042ba       0x7c c:\Users\v.tsaregorodtsev\Documents\vch\VCH_BLE\LIB\libCH58xBLE.a(tmos.o)
                0x00000000000042ba                TMOS_CB_ProcessEvent
 .text.tmos_rand
                0x0000000000004336       0x4e c:\Users\v.tsaregorodtsev\Documents\vch\VCH_BLE\LIB\libCH58xBLE.a(tmos.o)
                0x0000000000004336                tmos_rand
 .text.tmos_start_periodic_callback_task
                0x0000000000004384       0xda c:\Users\v.tsaregorodtsev\Documents\vch\VCH_BLE\LIB\libCH58xBLE.a(tmos.o)
                0x0000000000004384                tmos_start_periodic_callback_task
 .text.tmos_set_event
                0x000000000000445e       0x2a c:\Users\v.tsaregorodtsev\Documents\vch\VCH_BLE\LIB\libCH58xBLE.a(tmos.o)
                0x000000000000445e                tmos_set_event
 .text.tmos_clear_event
                0x0000000000004488       0x2e c:\Users\v.tsaregorodtsev\Documents\vch\VCH_BLE\LIB\libCH58xBLE.a(tmos.o)
                0x0000000000004488                tmos_clear_event
 .text.tmos_update_callback_timer
                0x00000000000044b6       0xba c:\Users\v.tsaregorodtsev\Documents\vch\VCH_BLE\LIB\libCH58xBLE.a(tmos.o)
                0x00000000000044b6                tmos_update_callback_timer
 .text.tmos_update_periodic_callback_timer
                0x0000000000004570       0x5a c:\Users\v.tsaregorodtsev\Documents\vch\VCH_BLE\LIB\libCH58xBLE.a(tmos.o)
                0x0000000000004570                tmos_update_periodic_callback_timer
 .text.tmos_start_task
                0x00000000000045ca      0x126 c:\Users\v.tsaregorodtsev\Documents\vch\VCH_BLE\LIB\libCH58xBLE.a(tmos.o)
                0x00000000000045ca                tmos_start_task
 .text.tmos_start_callback_task
                0x00000000000046f0       0x96 c:\Users\v.tsaregorodtsev\Documents\vch\VCH_BLE\LIB\libCH58xBLE.a(tmos.o)
                0x00000000000046f0                tmos_start_callback_task
 .text.tmos_start_reload_task
                0x0000000000004786       0x56 c:\Users\v.tsaregorodtsev\Documents\vch\VCH_BLE\LIB\libCH58xBLE.a(tmos.o)
                0x0000000000004786                tmos_start_reload_task
 .text.tmos_stop_task
                0x00000000000047dc       0x48 c:\Users\v.tsaregorodtsev\Documents\vch\VCH_BLE\LIB\libCH58xBLE.a(tmos.o)
                0x00000000000047dc                tmos_stop_task
 .text.tmos_stop_callback_task
                0x0000000000004824       0x56 c:\Users\v.tsaregorodtsev\Documents\vch\VCH_BLE\LIB\libCH58xBLE.a(tmos.o)
                0x0000000000004824                tmos_stop_callback_task
 .text.tmos_get_task_timer
                0x000000000000487a       0x5e c:\Users\v.tsaregorodtsev\Documents\vch\VCH_BLE\LIB\libCH58xBLE.a(tmos.o)
                0x000000000000487a                tmos_get_task_timer
 .text.TMOS_TimerRegister
                0x00000000000048d8       0x1a c:\Users\v.tsaregorodtsev\Documents\vch\VCH_BLE\LIB\libCH58xBLE.a(tmos.o)
                0x00000000000048d8                TMOS_TimerRegister
 .text.TMOS_ProcessRegister
                0x00000000000048f2       0x16 c:\Users\v.tsaregorodtsev\Documents\vch\VCH_BLE\LIB\libCH58xBLE.a(tmos.o)
                0x00000000000048f2                TMOS_ProcessRegister
 .text.TMOS_Init
                0x0000000000004908      0x10e c:\Users\v.tsaregorodtsev\Documents\vch\VCH_BLE\LIB\libCH58xBLE.a(tmos.o)
                0x0000000000004908                TMOS_Init
 .text.TMOS_ProcessEventRegister
                0x0000000000004a16       0x38 c:\Users\v.tsaregorodtsev\Documents\vch\VCH_BLE\LIB\libCH58xBLE.a(tmos.o)
                0x0000000000004a16                TMOS_ProcessEventRegister
 .text.BLE_LibInit
                0x0000000000004a4e      0x178 c:\Users\v.tsaregorodtsev\Documents\vch\VCH_BLE\LIB\libCH58xBLE.a(tmos.o)
                0x0000000000004a4e                BLE_LibInit
 .text.clockGetTickValve
                0x0000000000004bc6       0x7e c:\Users\v.tsaregorodtsev\Documents\vch\VCH_BLE\LIB\libCH58xBLE.a(tmos_hw.o)
 .text.ll_get_sca_divisor
                0x0000000000004c44       0x40 c:\Users\v.tsaregorodtsev\Documents\vch\VCH_BLE\LIB\libCH58xBLE.a(tmos_hw.o)
                0x0000000000004c44                ll_get_sca_divisor
 .text.ll_get_sca_own
                0x0000000000004c84       0x46 c:\Users\v.tsaregorodtsev\Documents\vch\VCH_BLE\LIB\libCH58xBLE.a(tmos_hw.o)
                0x0000000000004c84                ll_get_sca_own
 .text.ble_ll_common_rand8
                0x0000000000004cca       0x24 c:\Users\v.tsaregorodtsev\Documents\vch\VCH_BLE\LIB\libCH58xBLE.a(tmos_hw.o)
                0x0000000000004cca                ble_ll_common_rand8
 .text.ble_ll_common_rand16
                0x0000000000004cee       0x24 c:\Users\v.tsaregorodtsev\Documents\vch\VCH_BLE\LIB\libCH58xBLE.a(tmos_hw.o)
                0x0000000000004cee                ble_ll_common_rand16
 .text.ble_ll_common_rand32
                0x0000000000004d12       0x20 c:\Users\v.tsaregorodtsev\Documents\vch\VCH_BLE\LIB\libCH58xBLE.a(tmos_hw.o)
                0x0000000000004d12                ble_ll_common_rand32
 .text.TMOS_TempSample
                0x0000000000004d32       0x62 c:\Users\v.tsaregorodtsev\Documents\vch\VCH_BLE\LIB\libCH58xBLE.a(tmos_hw.o)
                0x0000000000004d32                TMOS_TempSample
 .text.TMOS_TimerInit
                0x0000000000004d94      0x14e c:\Users\v.tsaregorodtsev\Documents\vch\VCH_BLE\LIB\libCH58xBLE.a(tmos_hw.o)
                0x0000000000004d94                TMOS_TimerInit
 .text.tmos_snv_init
                0x0000000000004ee2       0xc0 c:\Users\v.tsaregorodtsev\Documents\vch\VCH_BLE\LIB\libCH58xBLE.a(tmos_snv.o)
                0x0000000000004ee2                tmos_snv_init
 .text.tmos_snv_read
                0x0000000000004fa2      0x292 c:\Users\v.tsaregorodtsev\Documents\vch\VCH_BLE\LIB\libCH58xBLE.a(tmos_snv.o)
                0x0000000000004fa2                tmos_snv_read
 .text.tmos_snv_notify
                0x0000000000005234       0x5a c:\Users\v.tsaregorodtsev\Documents\vch\VCH_BLE\LIB\libCH58xBLE.a(tmos_snv.o)
                0x0000000000005234                tmos_snv_notify
 .text.tmos_snv_write
                0x000000000000528e      0x2ce c:\Users\v.tsaregorodtsev\Documents\vch\VCH_BLE\LIB\libCH58xBLE.a(tmos_snv.o)
                0x000000000000528e                tmos_snv_write
 .text.tmos_snv_compact
                0x000000000000555c        0x4 c:\Users\v.tsaregorodtsev\Documents\vch\VCH_BLE\LIB\libCH58xBLE.a(tmos_snv.o)
                0x000000000000555c                tmos_snv_compact
 .text.ATT_BuildErrorRsp
                0x0000000000005560       0x26 c:\Users\v.tsaregorodtsev\Documents\vch\VCH_BLE\LIB\libCH58xBLE.a(att.o)
                0x0000000000005560                ATT_BuildErrorRsp
 .text.ATT_ParamInit
                0x0000000000005586        0xa c:\Users\v.tsaregorodtsev\Documents\vch\VCH_BLE\LIB\libCH58xBLE.a(att.o)
                0x0000000000005586                ATT_ParamInit
 .text.ATT_ConvertUUIDto128
                0x0000000000005590       0x46 c:\Users\v.tsaregorodtsev\Documents\vch\VCH_BLE\LIB\libCH58xBLE.a(att.o)
                0x0000000000005590                ATT_ConvertUUIDto128
 .text.ATT_CompareUUID
                0x00000000000055d6       0x66 c:\Users\v.tsaregorodtsev\Documents\vch\VCH_BLE\LIB\libCH58xBLE.a(att.o)
                0x00000000000055d6                ATT_CompareUUID
 .text.ATT_RegisterClient
                0x000000000000563c        0x6 c:\Users\v.tsaregorodtsev\Documents\vch\VCH_BLE\LIB\libCH58xBLE.a(att.o)
                0x000000000000563c                ATT_RegisterClient
 .text.ATT_RegisterServer
                0x0000000000005642        0x6 c:\Users\v.tsaregorodtsev\Documents\vch\VCH_BLE\LIB\libCH58xBLE.a(att.o)
                0x0000000000005642                ATT_RegisterServer
 .text.ATT_ParsePacket
                0x0000000000005648       0x94 c:\Users\v.tsaregorodtsev\Documents\vch\VCH_BLE\LIB\libCH58xBLE.a(att.o)
                0x0000000000005648                ATT_ParsePacket
 .text.ATT_UpdateMTU
                0x00000000000056dc       0x3c c:\Users\v.tsaregorodtsev\Documents\vch\VCH_BLE\LIB\libCH58xBLE.a(att.o)
                0x00000000000056dc                ATT_UpdateMTU
 .text.ATT_GetMTU
                0x0000000000005718       0x1e c:\Users\v.tsaregorodtsev\Documents\vch\VCH_BLE\LIB\libCH58xBLE.a(att.o)
                0x0000000000005718                ATT_GetMTU
 .text.ATT_ParseErrorRsp
                0x0000000000005736       0x2e c:\Users\v.tsaregorodtsev\Documents\vch\VCH_BLE\LIB\libCH58xBLE.a(att.o)
                0x0000000000005736                ATT_ParseErrorRsp
 .text.attSendMsg
                0x0000000000005764       0xb6 c:\Users\v.tsaregorodtsev\Documents\vch\VCH_BLE\LIB\libCH58xBLE.a(att.o)
                0x0000000000005764                attSendMsg
 .text.attSendRspMsg
                0x000000000000581a       0x46 c:\Users\v.tsaregorodtsev\Documents\vch\VCH_BLE\LIB\libCH58xBLE.a(att.o)
                0x000000000000581a                attSendRspMsg
 .text.ATT_ErrorRsp
                0x0000000000005860       0x10 c:\Users\v.tsaregorodtsev\Documents\vch\VCH_BLE\LIB\libCH58xBLE.a(att.o)
                0x0000000000005860                ATT_ErrorRsp
 .text.ATT_BuildExchangeMTUReq
                0x0000000000005870       0x16 c:\Users\v.tsaregorodtsev\Documents\vch\VCH_BLE\LIB\libCH58xBLE.a(att_client.o)
                0x0000000000005870                ATT_BuildExchangeMTUReq
 .text.ATT_BuildFindInfoReq
                0x0000000000005886       0x28 c:\Users\v.tsaregorodtsev\Documents\vch\VCH_BLE\LIB\libCH58xBLE.a(att_client.o)
                0x0000000000005886                ATT_BuildFindInfoReq
 .text.ATT_BuildFindByTypeValueReq
                0x00000000000058ae       0x40 c:\Users\v.tsaregorodtsev\Documents\vch\VCH_BLE\LIB\libCH58xBLE.a(att_client.o)
                0x00000000000058ae                ATT_BuildFindByTypeValueReq
 .text.ATT_BuildReadBlobReq
                0x00000000000058ee       0x28 c:\Users\v.tsaregorodtsev\Documents\vch\VCH_BLE\LIB\libCH58xBLE.a(att_client.o)
                0x00000000000058ee                ATT_BuildReadBlobReq
 .text.ATT_BuildPrepareWriteReq
                0x0000000000005916       0x30 c:\Users\v.tsaregorodtsev\Documents\vch\VCH_BLE\LIB\libCH58xBLE.a(att_client.o)
                0x0000000000005916                ATT_BuildPrepareWriteReq
 .text.ATT_BuildExecuteWriteReq
                0x0000000000005946        0xc c:\Users\v.tsaregorodtsev\Documents\vch\VCH_BLE\LIB\libCH58xBLE.a(att_client.o)
                0x0000000000005946                ATT_BuildExecuteWriteReq
 .text.ATT_BuildReadByTypeReq
                0x0000000000005952       0x4a c:\Users\v.tsaregorodtsev\Documents\vch\VCH_BLE\LIB\libCH58xBLE.a(att_client.o)
                0x0000000000005952                ATT_BuildReadByTypeReq
 .text.ATT_ParseExchangeMTURsp
                0x000000000000599c       0x1e c:\Users\v.tsaregorodtsev\Documents\vch\VCH_BLE\LIB\libCH58xBLE.a(att_client.o)
                0x000000000000599c                ATT_ParseExchangeMTURsp
 .text.ATT_ExchangeMTUReq
                0x00000000000059ba       0x46 c:\Users\v.tsaregorodtsev\Documents\vch\VCH_BLE\LIB\libCH58xBLE.a(att_client.o)
                0x00000000000059ba                ATT_ExchangeMTUReq
 .text.ATT_FindInfoReq
                0x0000000000005a00       0x10 c:\Users\v.tsaregorodtsev\Documents\vch\VCH_BLE\LIB\libCH58xBLE.a(att_client.o)
                0x0000000000005a00                ATT_FindInfoReq
 .text.ATT_FindByTypeValueReq
                0x0000000000005a10       0x3e c:\Users\v.tsaregorodtsev\Documents\vch\VCH_BLE\LIB\libCH58xBLE.a(att_client.o)
                0x0000000000005a10                ATT_FindByTypeValueReq
 .text.ATT_ReadByTypeReq
                0x0000000000005a4e       0x24 c:\Users\v.tsaregorodtsev\Documents\vch\VCH_BLE\LIB\libCH58xBLE.a(att_client.o)
                0x0000000000005a4e                ATT_ReadByTypeReq
 .text.ATT_ReadBlobReq
                0x0000000000005a72       0x10 c:\Users\v.tsaregorodtsev\Documents\vch\VCH_BLE\LIB\libCH58xBLE.a(att_client.o)
                0x0000000000005a72                ATT_ReadBlobReq
 .text.ATT_ReadByGrpTypeReq
                0x0000000000005a82       0x24 c:\Users\v.tsaregorodtsev\Documents\vch\VCH_BLE\LIB\libCH58xBLE.a(att_client.o)
                0x0000000000005a82                ATT_ReadByGrpTypeReq
 .text.ATT_PrepareWriteReq
                0x0000000000005aa6       0x2e c:\Users\v.tsaregorodtsev\Documents\vch\VCH_BLE\LIB\libCH58xBLE.a(att_client.o)
                0x0000000000005aa6                ATT_PrepareWriteReq
 .text.ATT_ParseExecuteWriteRsp
                0x0000000000005ad4        0xa c:\Users\v.tsaregorodtsev\Documents\vch\VCH_BLE\LIB\libCH58xBLE.a(att_client.o)
                0x0000000000005ad4                ATT_ParseExecuteWriteRsp
 .text.ATT_ExecuteWriteReq
                0x0000000000005ade       0x10 c:\Users\v.tsaregorodtsev\Documents\vch\VCH_BLE\LIB\libCH58xBLE.a(att_client.o)
                0x0000000000005ade                ATT_ExecuteWriteReq
 .text.ATT_ParseHandleValueInd
                0x0000000000005aee       0x34 c:\Users\v.tsaregorodtsev\Documents\vch\VCH_BLE\LIB\libCH58xBLE.a(att_client.o)
                0x0000000000005aee                ATT_ParseHandleValueInd
 .text.disconnectNext
                0x0000000000005b22       0x22 c:\Users\v.tsaregorodtsev\Documents\vch\VCH_BLE\LIB\libCH58xBLE.a(gap.o)
 .text.GAP_ParamInit
                0x0000000000005b44       0xec c:\Users\v.tsaregorodtsev\Documents\vch\VCH_BLE\LIB\libCH58xBLE.a(gap.o)
                0x0000000000005b44                GAP_ParamInit
 .text.sendTerminateEvent
                0x0000000000005c30       0x58 c:\Users\v.tsaregorodtsev\Documents\vch\VCH_BLE\LIB\libCH58xBLE.a(gap.o)
                0x0000000000005c30                sendTerminateEvent
 .text.gapRegisterCentral
                0x0000000000005c88        0x6 c:\Users\v.tsaregorodtsev\Documents\vch\VCH_BLE\LIB\libCH58xBLE.a(gap.o)
                0x0000000000005c88                gapRegisterCentral
 .text.gapRegisterCentralConn
                0x0000000000005c8e        0x6 c:\Users\v.tsaregorodtsev\Documents\vch\VCH_BLE\LIB\libCH58xBLE.a(gap.o)
                0x0000000000005c8e                gapRegisterCentralConn
 .text.gapRegisterPeripheral
                0x0000000000005c94        0x6 c:\Users\v.tsaregorodtsev\Documents\vch\VCH_BLE\LIB\libCH58xBLE.a(gap.o)
                0x0000000000005c94                gapRegisterPeripheral
 .text.gapRegisterPeripheralConn
                0x0000000000005c9a        0x6 c:\Users\v.tsaregorodtsev\Documents\vch\VCH_BLE\LIB\libCH58xBLE.a(gap.o)
                0x0000000000005c9a                gapRegisterPeripheralConn
 .text.smGenerateRandBuf
                0x0000000000005ca0       0x56 c:\Users\v.tsaregorodtsev\Documents\vch\VCH_BLE\LIB\libCH58xBLE.a(gap.o)
                0x0000000000005ca0                smGenerateRandBuf
 .text.gapL2capConnParamUpdateReq
                0x0000000000005cf6       0x36 c:\Users\v.tsaregorodtsev\Documents\vch\VCH_BLE\LIB\libCH58xBLE.a(gap.o)
                0x0000000000005cf6                gapL2capConnParamUpdateReq
 .text.gapValidADType
                0x0000000000005d2c       0x16 c:\Users\v.tsaregorodtsev\Documents\vch\VCH_BLE\LIB\libCH58xBLE.a(gap.o)
                0x0000000000005d2c                gapValidADType
 .text.gapFindADType
                0x0000000000005d42       0x92 c:\Users\v.tsaregorodtsev\Documents\vch\VCH_BLE\LIB\libCH58xBLE.a(gap.o)
                0x0000000000005d42                gapFindADType
 .text.GAP_SecParamsInit
                0x0000000000005dd4       0xaa c:\Users\v.tsaregorodtsev\Documents\vch\VCH_BLE\LIB\libCH58xBLE.a(gap.o)
                0x0000000000005dd4                GAP_SecParamsInit
 .text.GAP_ParamsInit
                0x0000000000005e7e       0x50 c:\Users\v.tsaregorodtsev\Documents\vch\VCH_BLE\LIB\libCH58xBLE.a(gap.o)
                0x0000000000005e7e                GAP_ParamsInit
 .text.gapAddAddrAdj
                0x0000000000005ece       0x48 c:\Users\v.tsaregorodtsev\Documents\vch\VCH_BLE\LIB\libCH58xBLE.a(gap.o)
                0x0000000000005ece                gapAddAddrAdj
 .text.gapDetermineAddrType
                0x0000000000005f16       0x28 c:\Users\v.tsaregorodtsev\Documents\vch\VCH_BLE\LIB\libCH58xBLE.a(gap.o)
                0x0000000000005f16                gapDetermineAddrType
 .text.gapFreeAuthLink
                0x0000000000005f3e       0x4a c:\Users\v.tsaregorodtsev\Documents\vch\VCH_BLE\LIB\libCH58xBLE.a(gap.o)
                0x0000000000005f3e                gapFreeAuthLink
 .text.gapGetDevAddress
                0x0000000000005f88       0x24 c:\Users\v.tsaregorodtsev\Documents\vch\VCH_BLE\LIB\libCH58xBLE.a(gap.o)
                0x0000000000005f88                gapGetDevAddress
 .text.gapGetDevAddressMode
                0x0000000000005fac        0xa c:\Users\v.tsaregorodtsev\Documents\vch\VCH_BLE\LIB\libCH58xBLE.a(gap.o)
                0x0000000000005fac                gapGetDevAddressMode
 .text.gapGetIRK
                0x0000000000005fb6        0xc c:\Users\v.tsaregorodtsev\Documents\vch\VCH_BLE\LIB\libCH58xBLE.a(gap.o)
                0x0000000000005fb6                gapGetIRK
 .text.gapGetSRK
                0x0000000000005fc2        0xc c:\Users\v.tsaregorodtsev\Documents\vch\VCH_BLE\LIB\libCH58xBLE.a(gap.o)
                0x0000000000005fc2                gapGetSRK
 .text.gapGetSignCounter
                0x0000000000005fce        0xe c:\Users\v.tsaregorodtsev\Documents\vch\VCH_BLE\LIB\libCH58xBLE.a(gap.o)
                0x0000000000005fce                gapGetSignCounter
 .text.gapIncSignCounter
                0x0000000000005fdc       0x28 c:\Users\v.tsaregorodtsev\Documents\vch\VCH_BLE\LIB\libCH58xBLE.a(gap.o)
                0x0000000000005fdc                gapIncSignCounter
 .text.gapProcessConnEvt
                0x0000000000006004       0x48 c:\Users\v.tsaregorodtsev\Documents\vch\VCH_BLE\LIB\libCH58xBLE.a(gap.o)
                0x0000000000006004                gapProcessConnEvt
 .text.gapProcessDisconnectCompleteEvt
                0x000000000000604c       0xa8 c:\Users\v.tsaregorodtsev\Documents\vch\VCH_BLE\LIB\libCH58xBLE.a(gap.o)
                0x000000000000604c                gapProcessDisconnectCompleteEvt
 .text.sendAuthEvent
                0x00000000000060f4      0x11e c:\Users\v.tsaregorodtsev\Documents\vch\VCH_BLE\LIB\libCH58xBLE.a(gap.o)
                0x00000000000060f4                sendAuthEvent
 .text.gapSendBondCompleteEvent
                0x0000000000006212       0x74 c:\Users\v.tsaregorodtsev\Documents\vch\VCH_BLE\LIB\libCH58xBLE.a(gap.o)
                0x0000000000006212                gapSendBondCompleteEvent
 .text.gapSendPairingReqEvent
                0x0000000000006286       0x96 c:\Users\v.tsaregorodtsev\Documents\vch\VCH_BLE\LIB\libCH58xBLE.a(gap.o)
                0x0000000000006286                gapSendPairingReqEvent
 .text.gapSendSlaveSecurityReqEvent
                0x000000000000631c       0x68 c:\Users\v.tsaregorodtsev\Documents\vch\VCH_BLE\LIB\libCH58xBLE.a(gap.o)
                0x000000000000631c                gapSendSlaveSecurityReqEvent
 .text.gapSendDeviceInitDoneEvent
                0x0000000000006384       0x88 c:\Users\v.tsaregorodtsev\Documents\vch\VCH_BLE\LIB\libCH58xBLE.a(gap.o)
                0x0000000000006384                gapSendDeviceInitDoneEvent
 .text.gapSendLinkUpdateEvent
                0x000000000000640c       0xb2 c:\Users\v.tsaregorodtsev\Documents\vch\VCH_BLE\LIB\libCH58xBLE.a(gap.o)
                0x000000000000640c                gapSendLinkUpdateEvent
 .text.gapSendPhyUpdateEvent
                0x00000000000064be       0x58 c:\Users\v.tsaregorodtsev\Documents\vch\VCH_BLE\LIB\libCH58xBLE.a(gap.o)
                0x00000000000064be                gapSendPhyUpdateEvent
 .text.gapSendEstLinkEvent
                0x0000000000006516       0xbc c:\Users\v.tsaregorodtsev\Documents\vch\VCH_BLE\LIB\libCH58xBLE.a(gap.o)
                0x0000000000006516                gapSendEstLinkEvent
 .text.gapProcessNewAddr
                0x00000000000065d2       0x3e c:\Users\v.tsaregorodtsev\Documents\vch\VCH_BLE\LIB\libCH58xBLE.a(gap.o)
                0x00000000000065d2                gapProcessNewAddr
 .text.gapProcessRandomAddrComplete
                0x0000000000006610       0xb6 c:\Users\v.tsaregorodtsev\Documents\vch\VCH_BLE\LIB\libCH58xBLE.a(gap.o)
                0x0000000000006610                gapProcessRandomAddrComplete
 .text.GAP_Authenticate
                0x00000000000066c6       0xde c:\Users\v.tsaregorodtsev\Documents\vch\VCH_BLE\LIB\libCH58xBLE.a(gap.o)
                0x00000000000066c6                GAP_Authenticate
 .text.GAP_Bond
                0x00000000000067a4       0xaa c:\Users\v.tsaregorodtsev\Documents\vch\VCH_BLE\LIB\libCH58xBLE.a(gap.o)
                0x00000000000067a4                GAP_Bond
 .text.GAP_GetParamValue
                0x000000000000684e       0x20 c:\Users\v.tsaregorodtsev\Documents\vch\VCH_BLE\LIB\libCH58xBLE.a(gap.o)
                0x000000000000684e                GAP_GetParamValue
 .text.GAP_PasscodeUpdate
                0x000000000000686e       0x54 c:\Users\v.tsaregorodtsev\Documents\vch\VCH_BLE\LIB\libCH58xBLE.a(gap.o)
                0x000000000000686e                GAP_PasscodeUpdate
 .text.GAP_RegisterForMsgs
                0x00000000000068c2        0xa c:\Users\v.tsaregorodtsev\Documents\vch\VCH_BLE\LIB\libCH58xBLE.a(gap.o)
                0x00000000000068c2                GAP_RegisterForMsgs
 .text.GAP_ResolvePrivateAddr
                0x00000000000068cc        0x4 c:\Users\v.tsaregorodtsev\Documents\vch\VCH_BLE\LIB\libCH58xBLE.a(gap.o)
                0x00000000000068cc                GAP_ResolvePrivateAddr
 .text.gapPairingCompleteCB
                0x00000000000068d0      0x18c c:\Users\v.tsaregorodtsev\Documents\vch\VCH_BLE\LIB\libCH58xBLE.a(gap.o)
                0x00000000000068d0                gapPairingCompleteCB
 .text.gapPasskeyNeededCB
                0x0000000000006a5c       0x8e c:\Users\v.tsaregorodtsev\Documents\vch\VCH_BLE\LIB\libCH58xBLE.a(gap.o)
                0x0000000000006a5c                gapPasskeyNeededCB
 .text.gapOobNeededCB
                0x0000000000006aea       0xa6 c:\Users\v.tsaregorodtsev\Documents\vch\VCH_BLE\LIB\libCH58xBLE.a(gap.o)
                0x0000000000006aea                gapOobNeededCB
 .text.gapFreeEstLink
                0x0000000000006b90       0x20 c:\Users\v.tsaregorodtsev\Documents\vch\VCH_BLE\LIB\libCH58xBLE.a(gap.o)
                0x0000000000006b90                gapFreeEstLink
 .text.gapUpdateConnSignCounter
                0x0000000000006bb0       0x7a c:\Users\v.tsaregorodtsev\Documents\vch\VCH_BLE\LIB\libCH58xBLE.a(gap.o)
                0x0000000000006bb0                gapUpdateConnSignCounter
 .text.GAP_SendSlaveSecurityRequest
                0x0000000000006c2a       0x4a c:\Users\v.tsaregorodtsev\Documents\vch\VCH_BLE\LIB\libCH58xBLE.a(gap.o)
                0x0000000000006c2a                GAP_SendSlaveSecurityRequest
 .text.GAP_Signable
                0x0000000000006c74       0x6a c:\Users\v.tsaregorodtsev\Documents\vch\VCH_BLE\LIB\libCH58xBLE.a(gap.o)
                0x0000000000006c74                GAP_Signable
 .text.GAP_TerminateAuth
                0x0000000000006cde       0x2a c:\Users\v.tsaregorodtsev\Documents\vch\VCH_BLE\LIB\libCH58xBLE.a(gap.o)
                0x0000000000006cde                GAP_TerminateAuth
 .text.GAP_NumActiveConnections
                0x0000000000006d08        0x4 c:\Users\v.tsaregorodtsev\Documents\vch\VCH_BLE\LIB\libCH58xBLE.a(gap.o)
                0x0000000000006d08                GAP_NumActiveConnections
 .text.GAP_TerminateLinkReq
                0x0000000000006d0c       0x8e c:\Users\v.tsaregorodtsev\Documents\vch\VCH_BLE\LIB\libCH58xBLE.a(gap.o)
                0x0000000000006d0c                GAP_TerminateLinkReq
 .text.GAP_SetParamValue
                0x0000000000006d9a       0x6c c:\Users\v.tsaregorodtsev\Documents\vch\VCH_BLE\LIB\libCH58xBLE.a(gap.o)
                0x0000000000006d9a                GAP_SetParamValue
 .text.GAP_Init
                0x0000000000006e06       0x48 c:\Users\v.tsaregorodtsev\Documents\vch\VCH_BLE\LIB\libCH58xBLE.a(gap.o)
                0x0000000000006e06                GAP_Init
 .text.GAP_ProcessEvent
                0x0000000000006e4e      0x66a c:\Users\v.tsaregorodtsev\Documents\vch\VCH_BLE\LIB\libCH58xBLE.a(gap.o)
                0x0000000000006e4e                GAP_ProcessEvent
 .text.gapSendScanEnable
                0x00000000000074b8       0x3a c:\Users\v.tsaregorodtsev\Documents\vch\VCH_BLE\LIB\libCH58xBLE.a(gap_central.o)
 .text.gapCentProcessConnEvt
                0x00000000000074f2      0x168 c:\Users\v.tsaregorodtsev\Documents\vch\VCH_BLE\LIB\libCH58xBLE.a(gap_central.o)
                0x00000000000074f2                gapCentProcessConnEvt
 .text.gapProcessScanningPeriodicAdvEvt
                0x000000000000765a       0xa0 c:\Users\v.tsaregorodtsev\Documents\vch\VCH_BLE\LIB\libCH58xBLE.a(gap_central.o)
                0x000000000000765a                gapProcessScanningPeriodicAdvEvt
 .text.gapCancelLinkReq
                0x00000000000076fa       0x38 c:\Users\v.tsaregorodtsev\Documents\vch\VCH_BLE\LIB\libCH58xBLE.a(gap_central.o)
                0x00000000000076fa                gapCancelLinkReq
 .text.gapProcessAdvertDevInfo
                0x0000000000007732      0x242 c:\Users\v.tsaregorodtsev\Documents\vch\VCH_BLE\LIB\libCH58xBLE.a(gap_central.o)
                0x0000000000007732                gapProcessAdvertDevInfo
 .text.gapProcessExtAdvertDevInfo
                0x0000000000007974      0x260 c:\Users\v.tsaregorodtsev\Documents\vch\VCH_BLE\LIB\libCH58xBLE.a(gap_central.o)
                0x0000000000007974                gapProcessExtAdvertDevInfo
 .text.gapProcessPeriodicAdvertisingSyncEstablishedEvt
                0x0000000000007bd4       0xae c:\Users\v.tsaregorodtsev\Documents\vch\VCH_BLE\LIB\libCH58xBLE.a(gap_central.o)
                0x0000000000007bd4                gapProcessPeriodicAdvertisingSyncEstablishedEvt
 .text.gapProcessPeriodicAdvertisingSyncLostEvt
                0x0000000000007c82       0x56 c:\Users\v.tsaregorodtsev\Documents\vch\VCH_BLE\LIB\libCH58xBLE.a(gap_central.o)
                0x0000000000007c82                gapProcessPeriodicAdvertisingSyncLostEvt
 .text.gapFreeScanRecs
                0x0000000000007cd8       0xa6 c:\Users\v.tsaregorodtsev\Documents\vch\VCH_BLE\LIB\libCH58xBLE.a(gap_central.o)
                0x0000000000007cd8                gapFreeScanRecs
 .text.gapSendDevDiscEvent
                0x0000000000007d7e      0x124 c:\Users\v.tsaregorodtsev\Documents\vch\VCH_BLE\LIB\libCH58xBLE.a(gap_central.o)
                0x0000000000007d7e                gapSendDevDiscEvent
 .text.gapSetScanParamStatus
                0x0000000000007ea2       0x56 c:\Users\v.tsaregorodtsev\Documents\vch\VCH_BLE\LIB\libCH58xBLE.a(gap_central.o)
 .text.gapCentProcessHCICmdEvt
                0x0000000000007ef8       0x3c c:\Users\v.tsaregorodtsev\Documents\vch\VCH_BLE\LIB\libCH58xBLE.a(gap_central.o)
                0x0000000000007ef8                gapCentProcessHCICmdEvt
 .text.gapProcessScanningEvt
                0x0000000000007f34      0x110 c:\Users\v.tsaregorodtsev\Documents\vch\VCH_BLE\LIB\libCH58xBLE.a(gap_central.o)
                0x0000000000007f34                gapProcessScanningEvt
 .text.gapProcessScanningDirectEvt
                0x0000000000008044       0xfe c:\Users\v.tsaregorodtsev\Documents\vch\VCH_BLE\LIB\libCH58xBLE.a(gap_central.o)
                0x0000000000008044                gapProcessScanningDirectEvt
 .text.gapProcessScanningExtAdvEvt
                0x0000000000008142      0x2c4 c:\Users\v.tsaregorodtsev\Documents\vch\VCH_BLE\LIB\libCH58xBLE.a(gap_central.o)
                0x0000000000008142                gapProcessScanningExtAdvEvt
 .text.GAP_CentConnRegister
                0x0000000000008406       0x16 c:\Users\v.tsaregorodtsev\Documents\vch\VCH_BLE\LIB\libCH58xBLE.a(gap_central.o)
                0x0000000000008406                GAP_CentConnRegister
 .text.GAP_CentralParamInit
                0x000000000000841c       0x6a c:\Users\v.tsaregorodtsev\Documents\vch\VCH_BLE\LIB\libCH58xBLE.a(gap_central.o)
                0x000000000000841c                GAP_CentralParamInit
 .text.GAP_CentDevMgrInit
                0x0000000000008486       0x9c c:\Users\v.tsaregorodtsev\Documents\vch\VCH_BLE\LIB\libCH58xBLE.a(gap_central.o)
                0x0000000000008486                GAP_CentDevMgrInit
 .text.gapFreeAdvertState
                0x0000000000008522       0x20 c:\Users\v.tsaregorodtsev\Documents\vch\VCH_BLE\LIB\libCH58xBLE.a(gap_peripheral.o)
 .text.gapSetPeriodicAdvParams
                0x0000000000008542       0x30 c:\Users\v.tsaregorodtsev\Documents\vch\VCH_BLE\LIB\libCH58xBLE.a(gap_peripheral.o)
 .text.gapSetConnectionlessCTEParams
                0x0000000000008572       0x54 c:\Users\v.tsaregorodtsev\Documents\vch\VCH_BLE\LIB\libCH58xBLE.a(gap_peripheral.o)
 .text.gapSetAdvParams
                0x00000000000085c6      0x126 c:\Users\v.tsaregorodtsev\Documents\vch\VCH_BLE\LIB\libCH58xBLE.a(gap_peripheral.o)
 .text.gapPeriProcessConnEvt
                0x00000000000086ec       0xd0 c:\Users\v.tsaregorodtsev\Documents\vch\VCH_BLE\LIB\libCH58xBLE.a(gap_peripheral.o)
 .text.gapWriteAdvDataStatus
                0x00000000000087bc       0x8a c:\Users\v.tsaregorodtsev\Documents\vch\VCH_BLE\LIB\libCH58xBLE.a(gap_peripheral.o)
 .text.GAP_MakeDiscoverable
                0x0000000000008846      0x174 c:\Users\v.tsaregorodtsev\Documents\vch\VCH_BLE\LIB\libCH58xBLE.a(gap_peripheral.o)
                0x0000000000008846                GAP_MakeDiscoverable
 .text.GAP_EndDiscoverable
                0x00000000000089ba       0x66 c:\Users\v.tsaregorodtsev\Documents\vch\VCH_BLE\LIB\libCH58xBLE.a(gap_peripheral.o)
                0x00000000000089ba                GAP_EndDiscoverable
 .text.gapProcessAdvertisingEvt
                0x0000000000008a20      0x116 c:\Users\v.tsaregorodtsev\Documents\vch\VCH_BLE\LIB\libCH58xBLE.a(gap_peripheral.o)
 .text.GAP_MakePeriodic
                0x0000000000008b36       0x26 c:\Users\v.tsaregorodtsev\Documents\vch\VCH_BLE\LIB\libCH58xBLE.a(gap_peripheral.o)
                0x0000000000008b36                GAP_MakePeriodic
 .text.GAP_EndPeriodic
                0x0000000000008b5c        0xc c:\Users\v.tsaregorodtsev\Documents\vch\VCH_BLE\LIB\libCH58xBLE.a(gap_peripheral.o)
                0x0000000000008b5c                GAP_EndPeriodic
 .text.GAP_MakeConnecttionlessCTE
                0x0000000000008b68       0x1a c:\Users\v.tsaregorodtsev\Documents\vch\VCH_BLE\LIB\libCH58xBLE.a(gap_peripheral.o)
                0x0000000000008b68                GAP_MakeConnecttionlessCTE
 .text.GAP_EndConnecttionlessCTE
                0x0000000000008b82        0xc c:\Users\v.tsaregorodtsev\Documents\vch\VCH_BLE\LIB\libCH58xBLE.a(gap_peripheral.o)
                0x0000000000008b82                GAP_EndConnecttionlessCTE
 .text.GAP_SetAdvertisingAdvData
                0x0000000000008b8e      0x102 c:\Users\v.tsaregorodtsev\Documents\vch\VCH_BLE\LIB\libCH58xBLE.a(gap_peripheral.o)
                0x0000000000008b8e                GAP_SetAdvertisingAdvData
 .text.GAP_SetAdvertisingRspData
                0x0000000000008c90      0x102 c:\Users\v.tsaregorodtsev\Documents\vch\VCH_BLE\LIB\libCH58xBLE.a(gap_peripheral.o)
                0x0000000000008c90                GAP_SetAdvertisingRspData
 .text.GAP_SetPeriodicAdvertisingData
                0x0000000000008d92       0xc6 c:\Users\v.tsaregorodtsev\Documents\vch\VCH_BLE\LIB\libCH58xBLE.a(gap_peripheral.o)
                0x0000000000008d92                GAP_SetPeriodicAdvertisingData
 .text.GAP_GetAdvertisingAdvData
                0x0000000000008e58       0x26 c:\Users\v.tsaregorodtsev\Documents\vch\VCH_BLE\LIB\libCH58xBLE.a(gap_peripheral.o)
                0x0000000000008e58                GAP_GetAdvertisingAdvData
 .text.GAP_GetAdvertisingRspData
                0x0000000000008e7e       0x34 c:\Users\v.tsaregorodtsev\Documents\vch\VCH_BLE\LIB\libCH58xBLE.a(gap_peripheral.o)
                0x0000000000008e7e                GAP_GetAdvertisingRspData
 .text.GAP_GetPeriodicAdvertisingData
                0x0000000000008eb2       0x34 c:\Users\v.tsaregorodtsev\Documents\vch\VCH_BLE\LIB\libCH58xBLE.a(gap_peripheral.o)
                0x0000000000008eb2                GAP_GetPeriodicAdvertisingData
 .text.GAP_PeriConnRegister
                0x0000000000008ee6       0x2e c:\Users\v.tsaregorodtsev\Documents\vch\VCH_BLE\LIB\libCH58xBLE.a(gap_peripheral.o)
                0x0000000000008ee6                GAP_PeriConnRegister
 .text.GAP_PeripheralParamInit
                0x0000000000008f14       0x6c c:\Users\v.tsaregorodtsev\Documents\vch\VCH_BLE\LIB\libCH58xBLE.a(gap_peripheral.o)
                0x0000000000008f14                GAP_PeripheralParamInit
 .text.gapSendMakeDiscEvent
                0x0000000000008f80       0x50 c:\Users\v.tsaregorodtsev\Documents\vch\VCH_BLE\LIB\libCH58xBLE.a(gap_peripheral.o)
                0x0000000000008f80                gapSendMakeDiscEvent
 .text.gapWriteAdvEnableStatus
                0x0000000000008fd0      0x110 c:\Users\v.tsaregorodtsev\Documents\vch\VCH_BLE\LIB\libCH58xBLE.a(gap_peripheral.o)
 .text.gapSendMakePeriodicEvent
                0x00000000000090e0       0x3a c:\Users\v.tsaregorodtsev\Documents\vch\VCH_BLE\LIB\libCH58xBLE.a(gap_peripheral.o)
                0x00000000000090e0                gapSendMakePeriodicEvent
 .text.gapSendMakeConnectionlessCTEEvent
                0x000000000000911a       0x3a c:\Users\v.tsaregorodtsev\Documents\vch\VCH_BLE\LIB\libCH58xBLE.a(gap_peripheral.o)
                0x000000000000911a                gapSendMakeConnectionlessCTEEvent
 .text.gapPeriProcessHCICmdCompleteEvt
                0x0000000000009154      0x22e c:\Users\v.tsaregorodtsev\Documents\vch\VCH_BLE\LIB\libCH58xBLE.a(gap_peripheral.o)
 .text.GAP_PeriDevMgrInit
                0x0000000000009382       0x2e c:\Users\v.tsaregorodtsev\Documents\vch\VCH_BLE\LIB\libCH58xBLE.a(gap_peripheral.o)
                0x0000000000009382                GAP_PeriDevMgrInit
 .text.ggs_SetAttrWPermit
                0x00000000000093b0       0x68 c:\Users\v.tsaregorodtsev\Documents\vch\VCH_BLE\LIB\libCH58xBLE.a(gapgattserver.o)
 .text.ggs_ReadAttrCB
                0x0000000000009418      0x156 c:\Users\v.tsaregorodtsev\Documents\vch\VCH_BLE\LIB\libCH58xBLE.a(gapgattserver.o)
 .text.ggs_WriteAttrCB
                0x000000000000956e      0x162 c:\Users\v.tsaregorodtsev\Documents\vch\VCH_BLE\LIB\libCH58xBLE.a(gapgattserver.o)
 .text.GGS_ParamInit
                0x00000000000096d0      0x15c c:\Users\v.tsaregorodtsev\Documents\vch\VCH_BLE\LIB\libCH58xBLE.a(gapgattserver.o)
                0x00000000000096d0                GGS_ParamInit
 .text.GGS_SetParameter
                0x000000000000982c      0x116 c:\Users\v.tsaregorodtsev\Documents\vch\VCH_BLE\LIB\libCH58xBLE.a(gapgattserver.o)
                0x000000000000982c                GGS_SetParameter
 .text.GGS_AddService
                0x0000000000009942       0x2c c:\Users\v.tsaregorodtsev\Documents\vch\VCH_BLE\LIB\libCH58xBLE.a(gapgattserver.o)
                0x0000000000009942                GGS_AddService
 .text.GAP_DeviceInit
                0x000000000000996e       0xd8 c:\Users\v.tsaregorodtsev\Documents\vch\VCH_BLE\LIB\libCH58xBLE.a(gapgattserver.o)
                0x000000000000996e                GAP_DeviceInit
 .text.gattGetPayload
                0x0000000000009a46       0x7e c:\Users\v.tsaregorodtsev\Documents\vch\VCH_BLE\LIB\libCH58xBLE.a(gatt.o)
                0x0000000000009a46                gattGetPayload
 .text.gattNotifyEvent
                0x0000000000009ac4       0x84 c:\Users\v.tsaregorodtsev\Documents\vch\VCH_BLE\LIB\libCH58xBLE.a(gatt.o)
                0x0000000000009ac4                gattNotifyEvent
 .text.gattSendFlowCtrlEvt
                0x0000000000009b48       0x52 c:\Users\v.tsaregorodtsev\Documents\vch\VCH_BLE\LIB\libCH58xBLE.a(gatt.o)
                0x0000000000009b48                gattSendFlowCtrlEvt
 .text.gattStartTimer
                0x0000000000009b9a        0xc c:\Users\v.tsaregorodtsev\Documents\vch\VCH_BLE\LIB\libCH58xBLE.a(gatt.o)
                0x0000000000009b9a                gattStartTimer
 .text.gattStopTimer
                0x0000000000009ba6       0x32 c:\Users\v.tsaregorodtsev\Documents\vch\VCH_BLE\LIB\libCH58xBLE.a(gatt.o)
                0x0000000000009ba6                gattStopTimer
 .text.GATT_AppCompletedMsg
                0x0000000000009bd8       0x30 c:\Users\v.tsaregorodtsev\Documents\vch\VCH_BLE\LIB\libCH58xBLE.a(gatt.o)
                0x0000000000009bd8                GATT_AppCompletedMsg
 .text.GATT_ExchangeMTU
                0x0000000000009c08       0x4c c:\Users\v.tsaregorodtsev\Documents\vch\VCH_BLE\LIB\libCH58xBLE.a(gatt.o)
                0x0000000000009c08                GATT_ExchangeMTU
 .text.GATT_NotifyEvent
                0x0000000000009c54       0x56 c:\Users\v.tsaregorodtsev\Documents\vch\VCH_BLE\LIB\libCH58xBLE.a(gatt.o)
                0x0000000000009c54                GATT_NotifyEvent
 .text.gattRegisterClient
                0x0000000000009caa        0x6 c:\Users\v.tsaregorodtsev\Documents\vch\VCH_BLE\LIB\libCH58xBLE.a(gatt.o)
                0x0000000000009caa                gattRegisterClient
 .text.gattRegisterServer
                0x0000000000009cb0        0x6 c:\Users\v.tsaregorodtsev\Documents\vch\VCH_BLE\LIB\libCH58xBLE.a(gatt.o)
                0x0000000000009cb0                gattRegisterServer
 .text.GATT_UpdateMTU
                0x0000000000009cb6       0x5a c:\Users\v.tsaregorodtsev\Documents\vch\VCH_BLE\LIB\libCH58xBLE.a(gatt.o)
                0x0000000000009cb6                GATT_UpdateMTU
 .text.GATT_bm_alloc
                0x0000000000009d10       0xe8 c:\Users\v.tsaregorodtsev\Documents\vch\VCH_BLE\LIB\libCH58xBLE.a(gatt.o)
                0x0000000000009d10                GATT_bm_alloc
 .text.gattFindByTypeValue
                0x0000000000009df8       0x7c c:\Users\v.tsaregorodtsev\Documents\vch\VCH_BLE\LIB\libCH58xBLE.a(gatt.o)
                0x0000000000009df8                gattFindByTypeValue
 .text.gattPrepareWriteReq
                0x0000000000009e74       0x6e c:\Users\v.tsaregorodtsev\Documents\vch\VCH_BLE\LIB\libCH58xBLE.a(gatt.o)
                0x0000000000009e74                gattPrepareWriteReq
 .text.gattProcessReliableWrites
                0x0000000000009ee2       0xd4 c:\Users\v.tsaregorodtsev\Documents\vch\VCH_BLE\LIB\libCH58xBLE.a(gatt.o)
                0x0000000000009ee2                gattProcessReliableWrites
 .text.gattProcessWriteLong
                0x0000000000009fb6       0xc0 c:\Users\v.tsaregorodtsev\Documents\vch\VCH_BLE\LIB\libCH58xBLE.a(gatt.o)
                0x0000000000009fb6                gattProcessWriteLong
 .text.GATT_ServiceChangedInd
                0x000000000000a076       0x94 c:\Users\v.tsaregorodtsev\Documents\vch\VCH_BLE\LIB\libCH58xBLE.a(gatt.o)
                0x000000000000a076                GATT_ServiceChangedInd
 .text.GATT_bm_free
                0x000000000000a10a       0x1c c:\Users\v.tsaregorodtsev\Documents\vch\VCH_BLE\LIB\libCH58xBLE.a(gatt.o)
                0x000000000000a10a                GATT_bm_free
 .text.GATT_Init
                0x000000000000a126       0x2a c:\Users\v.tsaregorodtsev\Documents\vch\VCH_BLE\LIB\libCH58xBLE.a(gatt.o)
                0x000000000000a126                GATT_Init
 .text.GATT_ProcessEvent
                0x000000000000a150      0x13a c:\Users\v.tsaregorodtsev\Documents\vch\VCH_BLE\LIB\libCH58xBLE.a(gatt.o)
                0x000000000000a150                GATT_ProcessEvent
 .text.gattProcessReadByType
                0x000000000000a28a      0x1d8 c:\Users\v.tsaregorodtsev\Documents\vch\VCH_BLE\LIB\libCH58xBLE.a(gattclientapp.o)
                0x000000000000a28a                gattProcessReadByType
 .text.gattFindClientInfo
                0x000000000000a462       0x30 c:\Users\v.tsaregorodtsev\Documents\vch\VCH_BLE\LIB\libCH58xBLE.a(gattclientapp.o)
                0x000000000000a462                gattFindClientInfo
 .text.gattClientNotifyTxCB
                0x000000000000a492       0x28 c:\Users\v.tsaregorodtsev\Documents\vch\VCH_BLE\LIB\libCH58xBLE.a(gattclientapp.o)
                0x000000000000a492                gattClientNotifyTxCB
 .text.gattGetClientStatus
                0x000000000000a4ba       0x36 c:\Users\v.tsaregorodtsev\Documents\vch\VCH_BLE\LIB\libCH58xBLE.a(gattclientapp.o)
                0x000000000000a4ba                gattGetClientStatus
 .text.gattResetClientInfo
                0x000000000000a4f0       0x8a c:\Users\v.tsaregorodtsev\Documents\vch\VCH_BLE\LIB\libCH58xBLE.a(gattclientapp.o)
                0x000000000000a4f0                gattResetClientInfo
 .text.gattClientHandleConnStatusCB
                0x000000000000a57a       0x9a c:\Users\v.tsaregorodtsev\Documents\vch\VCH_BLE\LIB\libCH58xBLE.a(gattclientapp.o)
                0x000000000000a57a                gattClientHandleConnStatusCB
 .text.gattClientHandleTimerCB
                0x000000000000a614       0x58 c:\Users\v.tsaregorodtsev\Documents\vch\VCH_BLE\LIB\libCH58xBLE.a(gattclientapp.o)
                0x000000000000a614                gattClientHandleTimerCB
 .text.gattStoreClientInfo
                0x000000000000a66c       0x72 c:\Users\v.tsaregorodtsev\Documents\vch\VCH_BLE\LIB\libCH58xBLE.a(gattclientapp.o)
                0x000000000000a66c                gattStoreClientInfo
 .text.gattProcessFindInfo
                0x000000000000a6de       0x92 c:\Users\v.tsaregorodtsev\Documents\vch\VCH_BLE\LIB\libCH58xBLE.a(gattclientapp.o)
                0x000000000000a6de                gattProcessFindInfo
 .text.gattProcessFindByTypeValue
                0x000000000000a770       0x7e c:\Users\v.tsaregorodtsev\Documents\vch\VCH_BLE\LIB\libCH58xBLE.a(gattclientapp.o)
                0x000000000000a770                gattProcessFindByTypeValue
 .text.gattProcessReadLong
                0x000000000000a7ee       0x78 c:\Users\v.tsaregorodtsev\Documents\vch\VCH_BLE\LIB\libCH58xBLE.a(gattclientapp.o)
                0x000000000000a7ee                gattProcessReadLong
 .text.gattProcessReadByGrpType
                0x000000000000a866       0x92 c:\Users\v.tsaregorodtsev\Documents\vch\VCH_BLE\LIB\libCH58xBLE.a(gattclientapp.o)
                0x000000000000a866                gattProcessReadByGrpType
 .text.gattProcessMultiReqs
                0x000000000000a8f8      0x134 c:\Users\v.tsaregorodtsev\Documents\vch\VCH_BLE\LIB\libCH58xBLE.a(gattclientapp.o)
                0x000000000000a8f8                gattProcessMultiReqs
 .text.gattClientProcessMsgCB
                0x000000000000aa2c      0x1e6 c:\Users\v.tsaregorodtsev\Documents\vch\VCH_BLE\LIB\libCH58xBLE.a(gattclientapp.o)
                0x000000000000aa2c                gattClientProcessMsgCB
 .text.GATT_InitClient
                0x000000000000ac12       0xcc c:\Users\v.tsaregorodtsev\Documents\vch\VCH_BLE\LIB\libCH58xBLE.a(gattclientapp.o)
                0x000000000000ac12                GATT_InitClient
 .text.gattProcessExchangeMTUReq
                0x000000000000acde        0x4 c:\Users\v.tsaregorodtsev\Documents\vch\VCH_BLE\LIB\libCH58xBLE.a(gattservapp.o)
 .text.gattServApp_FindCharCfgItem
                0x000000000000ace2       0x24 c:\Users\v.tsaregorodtsev\Documents\vch\VCH_BLE\LIB\libCH58xBLE.a(gattservapp.o)
 .text.gattServerHandleTimerCB
                0x000000000000ad06       0x3c c:\Users\v.tsaregorodtsev\Documents\vch\VCH_BLE\LIB\libCH58xBLE.a(gattservapp.o)
 .text.GATTServApp_InitCharCfg.part.12
                0x000000000000ad42       0x20 c:\Users\v.tsaregorodtsev\Documents\vch\VCH_BLE\LIB\libCH58xBLE.a(gattservapp.o)
 .text.gattProcessExecuteWriteReq
                0x000000000000ad62        0x4 c:\Users\v.tsaregorodtsev\Documents\vch\VCH_BLE\LIB\libCH58xBLE.a(gattservapp.o)
 .text.GATTServApp_ParamInit
                0x000000000000ad66       0xd6 c:\Users\v.tsaregorodtsev\Documents\vch\VCH_BLE\LIB\libCH58xBLE.a(gattservapp.o)
                0x000000000000ad66                GATTServApp_ParamInit
 .text.GATTServApp_ReadCharCfg
                0x000000000000ae3c       0x18 c:\Users\v.tsaregorodtsev\Documents\vch\VCH_BLE\LIB\libCH58xBLE.a(gattservapp.o)
                0x000000000000ae3c                GATTServApp_ReadCharCfg
 .text.GATTServApp_WriteCharCfg
                0x000000000000ae54       0x3c c:\Users\v.tsaregorodtsev\Documents\vch\VCH_BLE\LIB\libCH58xBLE.a(gattservapp.o)
                0x000000000000ae54                GATTServApp_WriteCharCfg
 .text.GATTServApp_ProcessCCCWriteReq
                0x000000000000ae90       0x60 c:\Users\v.tsaregorodtsev\Documents\vch\VCH_BLE\LIB\libCH58xBLE.a(gattservapp.o)
                0x000000000000ae90                GATTServApp_ProcessCCCWriteReq
 .text.gattServApp_WriteAttrCB
                0x000000000000aef0       0x34 c:\Users\v.tsaregorodtsev\Documents\vch\VCH_BLE\LIB\libCH58xBLE.a(gattservapp.o)
                0x000000000000aef0                gattServApp_WriteAttrCB
 .text.GATTServApp_SendCCCUpdatedEvent
                0x000000000000af24       0x5e c:\Users\v.tsaregorodtsev\Documents\vch\VCH_BLE\LIB\libCH58xBLE.a(gattservapp.o)
                0x000000000000af24                GATTServApp_SendCCCUpdatedEvent
 .text.GATTServApp_SendServiceChangedInd
                0x000000000000af82       0x36 c:\Users\v.tsaregorodtsev\Documents\vch\VCH_BLE\LIB\libCH58xBLE.a(gattservapp.o)
                0x000000000000af82                GATTServApp_SendServiceChangedInd
 .text.gattServApp_ClearPrepareWriteQ
                0x000000000000afb8       0x50 c:\Users\v.tsaregorodtsev\Documents\vch\VCH_BLE\LIB\libCH58xBLE.a(gattservapp.o)
                0x000000000000afb8                gattServApp_ClearPrepareWriteQ
 .text.gattServApp_FindPrepareWriteQ
                0x000000000000b008       0x30 c:\Users\v.tsaregorodtsev\Documents\vch\VCH_BLE\LIB\libCH58xBLE.a(gattservapp.o)
                0x000000000000b008                gattServApp_FindPrepareWriteQ
 .text.gattServApp_FindServiceCBs
                0x000000000000b038       0x18 c:\Users\v.tsaregorodtsev\Documents\vch\VCH_BLE\LIB\libCH58xBLE.a(gattservapp.o)
                0x000000000000b038                gattServApp_FindServiceCBs
 .text.gattServApp_FindAuthorizeAttrCB
                0x000000000000b050       0x16 c:\Users\v.tsaregorodtsev\Documents\vch\VCH_BLE\LIB\libCH58xBLE.a(gattservapp.o)
                0x000000000000b050                gattServApp_FindAuthorizeAttrCB
 .text.gattServApp_IsWriteLong
                0x000000000000b066       0xea c:\Users\v.tsaregorodtsev\Documents\vch\VCH_BLE\LIB\libCH58xBLE.a(gattservapp.o)
                0x000000000000b066                gattServApp_IsWriteLong
 .text.gattFindService
                0x000000000000b150       0x1c c:\Users\v.tsaregorodtsev\Documents\vch\VCH_BLE\LIB\libCH58xBLE.a(gattservapp.o)
                0x000000000000b150                gattFindService
 .text.GATT_ServiceNumAttrs
                0x000000000000b16c       0x18 c:\Users\v.tsaregorodtsev\Documents\vch\VCH_BLE\LIB\libCH58xBLE.a(gattservapp.o)
                0x000000000000b16c                GATT_ServiceNumAttrs
 .text.GATT_ServiceEncKeySize
                0x000000000000b184       0x18 c:\Users\v.tsaregorodtsev\Documents\vch\VCH_BLE\LIB\libCH58xBLE.a(gattservapp.o)
                0x000000000000b184                GATT_ServiceEncKeySize
 .text.GATT_VerifyWritePermissions.part.7
                0x000000000000b19c       0x2e c:\Users\v.tsaregorodtsev\Documents\vch\VCH_BLE\LIB\libCH58xBLE.a(gattservapp.o)
 .text.gattResetServerInfo
                0x000000000000b1ca       0x1c c:\Users\v.tsaregorodtsev\Documents\vch\VCH_BLE\LIB\libCH58xBLE.a(gattservapp.o)
                0x000000000000b1ca                gattResetServerInfo
 .text.gattFindServerInfo
                0x000000000000b1e6       0x2c c:\Users\v.tsaregorodtsev\Documents\vch\VCH_BLE\LIB\libCH58xBLE.a(gattservapp.o)
                0x000000000000b1e6                gattFindServerInfo
 .text.gattServerHandleConnStatusCB
                0x000000000000b212       0x98 c:\Users\v.tsaregorodtsev\Documents\vch\VCH_BLE\LIB\libCH58xBLE.a(gattservapp.o)
                0x000000000000b212                gattServerHandleConnStatusCB
 .text.gattServerProcessMsgCB
                0x000000000000b2aa      0x1c0 c:\Users\v.tsaregorodtsev\Documents\vch\VCH_BLE\LIB\libCH58xBLE.a(gattservapp.o)
                0x000000000000b2aa                gattServerProcessMsgCB
 .text.gattServerNotifyTxCB
                0x000000000000b46a       0x28 c:\Users\v.tsaregorodtsev\Documents\vch\VCH_BLE\LIB\libCH58xBLE.a(gattservapp.o)
 .text.GATT_FindHandle
                0x000000000000b492       0x4a c:\Users\v.tsaregorodtsev\Documents\vch\VCH_BLE\LIB\libCH58xBLE.a(gattservapp.o)
                0x000000000000b492                GATT_FindHandle
 .text.GATTServApp_WriteAttr
                0x000000000000b4dc       0xa8 c:\Users\v.tsaregorodtsev\Documents\vch\VCH_BLE\LIB\libCH58xBLE.a(gattservapp.o)
                0x000000000000b4dc                GATTServApp_WriteAttr
 .text.gattServApp_ProcessExecuteWriteReq
                0x000000000000b584      0x100 c:\Users\v.tsaregorodtsev\Documents\vch\VCH_BLE\LIB\libCH58xBLE.a(gattservapp.o)
                0x000000000000b584                gattServApp_ProcessExecuteWriteReq
 .text.GATTServApp_UpdateCharCfg
                0x000000000000b684       0x1e c:\Users\v.tsaregorodtsev\Documents\vch\VCH_BLE\LIB\libCH58xBLE.a(gattservapp.o)
                0x000000000000b684                GATTServApp_UpdateCharCfg
 .text.gattServApp_ProcessPrepareWriteReq
                0x000000000000b6a2      0x10e c:\Users\v.tsaregorodtsev\Documents\vch\VCH_BLE\LIB\libCH58xBLE.a(gattservapp.o)
                0x000000000000b6a2                gattServApp_ProcessPrepareWriteReq
 .text.gattServApp_ProcessWriteReq
                0x000000000000b7b0       0xb0 c:\Users\v.tsaregorodtsev\Documents\vch\VCH_BLE\LIB\libCH58xBLE.a(gattservapp.o)
                0x000000000000b7b0                gattServApp_ProcessWriteReq
 .text.GATT_Indication
                0x000000000000b860       0xa4 c:\Users\v.tsaregorodtsev\Documents\vch\VCH_BLE\LIB\libCH58xBLE.a(gattservapp.o)
                0x000000000000b860                GATT_Indication
 .text.GATT_FindHandleUUID
                0x000000000000b904       0x94 c:\Users\v.tsaregorodtsev\Documents\vch\VCH_BLE\LIB\libCH58xBLE.a(gattservapp.o)
                0x000000000000b904                GATT_FindHandleUUID
 .text.gattProcessReadByGrpTypeReq
                0x000000000000b998       0x60 c:\Users\v.tsaregorodtsev\Documents\vch\VCH_BLE\LIB\libCH58xBLE.a(gattservapp.o)
 .text.gattProcessReadByTypeReq
                0x000000000000b9f8       0x34 c:\Users\v.tsaregorodtsev\Documents\vch\VCH_BLE\LIB\libCH58xBLE.a(gattservapp.o)
 .text.gattProcessFindByTypeValueReq
                0x000000000000ba2c       0x34 c:\Users\v.tsaregorodtsev\Documents\vch\VCH_BLE\LIB\libCH58xBLE.a(gattservapp.o)
 .text.gattProcessFindInfoReq
                0x000000000000ba60      0x1aa c:\Users\v.tsaregorodtsev\Documents\vch\VCH_BLE\LIB\libCH58xBLE.a(gattservapp.o)
 .text.GATT_Notification
                0x000000000000bc0a       0x70 c:\Users\v.tsaregorodtsev\Documents\vch\VCH_BLE\LIB\libCH58xBLE.a(gattservapp.o)
                0x000000000000bc0a                GATT_Notification
 .text.GATT_VerifyWritePermissions
                0x000000000000bc7a       0x6a c:\Users\v.tsaregorodtsev\Documents\vch\VCH_BLE\LIB\libCH58xBLE.a(gattservapp.o)
                0x000000000000bc7a                GATT_VerifyWritePermissions
 .text.gattProcessWriteReq
                0x000000000000bce4       0x36 c:\Users\v.tsaregorodtsev\Documents\vch\VCH_BLE\LIB\libCH58xBLE.a(gattservapp.o)
 .text.GATT_VerifyPrepareWritePermissions
                0x000000000000bd1a       0x56 c:\Users\v.tsaregorodtsev\Documents\vch\VCH_BLE\LIB\libCH58xBLE.a(gattservapp.o)
                0x000000000000bd1a                GATT_VerifyPrepareWritePermissions
 .text.gattProcessPrepareWriteReq
                0x000000000000bd70       0x36 c:\Users\v.tsaregorodtsev\Documents\vch\VCH_BLE\LIB\libCH58xBLE.a(gattservapp.o)
 .text.GATT_FindNextAttr
                0x000000000000bda6       0xc2 c:\Users\v.tsaregorodtsev\Documents\vch\VCH_BLE\LIB\libCH58xBLE.a(gattservapp.o)
                0x000000000000bda6                GATT_FindNextAttr
 .text.GATTServApp_ReadAttr
                0x000000000000be68      0x2ea c:\Users\v.tsaregorodtsev\Documents\vch\VCH_BLE\LIB\libCH58xBLE.a(gattservapp.o)
                0x000000000000be68                GATTServApp_ReadAttr
 .text.gattServApp_ProcessReadMultiReq
                0x000000000000c152      0x16e c:\Users\v.tsaregorodtsev\Documents\vch\VCH_BLE\LIB\libCH58xBLE.a(gattservapp.o)
                0x000000000000c152                gattServApp_ProcessReadMultiReq
 .text.gattServApp_ProcessFindByTypeValueReq
                0x000000000000c2c0      0x1a0 c:\Users\v.tsaregorodtsev\Documents\vch\VCH_BLE\LIB\libCH58xBLE.a(gattservapp.o)
                0x000000000000c2c0                gattServApp_ProcessFindByTypeValueReq
 .text.GATT_VerifyReadPermissions
                0x000000000000c460       0x68 c:\Users\v.tsaregorodtsev\Documents\vch\VCH_BLE\LIB\libCH58xBLE.a(gattservapp.o)
                0x000000000000c460                GATT_VerifyReadPermissions
 .text.gattProcessReadMultiReq
                0x000000000000c4c8       0xae c:\Users\v.tsaregorodtsev\Documents\vch\VCH_BLE\LIB\libCH58xBLE.a(gattservapp.o)
 .text.gattProcessReadReq
                0x000000000000c576       0x30 c:\Users\v.tsaregorodtsev\Documents\vch\VCH_BLE\LIB\libCH58xBLE.a(gattservapp.o)
 .text.gattServApp_ProcessReadByGrpTypeReq
                0x000000000000c5a6      0x200 c:\Users\v.tsaregorodtsev\Documents\vch\VCH_BLE\LIB\libCH58xBLE.a(gattservapp.o)
                0x000000000000c5a6                gattServApp_ProcessReadByGrpTypeReq
 .text.gattServApp_ProcessReadByTypeReq
                0x000000000000c7a6      0x1ae c:\Users\v.tsaregorodtsev\Documents\vch\VCH_BLE\LIB\libCH58xBLE.a(gattservapp.o)
                0x000000000000c7a6                gattServApp_ProcessReadByTypeReq
 .text.GATT_RegisterService
                0x000000000000c954      0x100 c:\Users\v.tsaregorodtsev\Documents\vch\VCH_BLE\LIB\libCH58xBLE.a(gattservapp.o)
                0x000000000000c954                GATT_RegisterService
 .text.GATTServApp_RegisterService
                0x000000000000ca54       0x7c c:\Users\v.tsaregorodtsev\Documents\vch\VCH_BLE\LIB\libCH58xBLE.a(gattservapp.o)
                0x000000000000ca54                GATTServApp_RegisterService
 .text.GATTServApp_AddService
                0x000000000000cad0       0x2c c:\Users\v.tsaregorodtsev\Documents\vch\VCH_BLE\LIB\libCH58xBLE.a(gattservapp.o)
                0x000000000000cad0                GATTServApp_AddService
 .text.GATTServApp_RegisterForMsg
                0x000000000000cafc        0x6 c:\Users\v.tsaregorodtsev\Documents\vch\VCH_BLE\LIB\libCH58xBLE.a(gattservapp.o)
                0x000000000000cafc                GATTServApp_RegisterForMsg
 .text.GATTServApp_InitCharCfg
                0x000000000000cb02       0x28 c:\Users\v.tsaregorodtsev\Documents\vch\VCH_BLE\LIB\libCH58xBLE.a(gattservapp.o)
                0x000000000000cb02                GATTServApp_InitCharCfg
 .text.gattServApp_HandleConnStatusCB
                0x000000000000cb2a       0x74 c:\Users\v.tsaregorodtsev\Documents\vch\VCH_BLE\LIB\libCH58xBLE.a(gattservapp.o)
                0x000000000000cb2a                gattServApp_HandleConnStatusCB
 .text.GATT_InitServer
                0x000000000000cb9e       0xfa c:\Users\v.tsaregorodtsev\Documents\vch\VCH_BLE\LIB\libCH58xBLE.a(gattservapp.o)
                0x000000000000cb9e                GATT_InitServer
 .text.GATTServApp_Init
                0x000000000000cc98       0x34 c:\Users\v.tsaregorodtsev\Documents\vch\VCH_BLE\LIB\libCH58xBLE.a(gattservapp.o)
                0x000000000000cc98                GATTServApp_Init
 .text.GATTServApp_ProcessEvent
                0x000000000000cccc      0x36a c:\Users\v.tsaregorodtsev\Documents\vch\VCH_BLE\LIB\libCH58xBLE.a(gattservapp.o)
                0x000000000000cccc                GATTServApp_ProcessEvent
 .text.l2capAllocConnChannel
                0x000000000000d036       0xdc c:\Users\v.tsaregorodtsev\Documents\vch\VCH_BLE\LIB\libCH58xBLE.a(l2cap.o)
                0x000000000000d036                l2capAllocConnChannel
 .text.l2capFindLocalCID
                0x000000000000d112       0x2c c:\Users\v.tsaregorodtsev\Documents\vch\VCH_BLE\LIB\libCH58xBLE.a(l2cap.o)
                0x000000000000d112                l2capFindLocalCID
 .text.l2capFindLocalId
                0x000000000000d13e       0x30 c:\Users\v.tsaregorodtsev\Documents\vch\VCH_BLE\LIB\libCH58xBLE.a(l2cap.o)
                0x000000000000d13e                l2capFindLocalId
 .text.l2capFindPsm
                0x000000000000d16e       0x2c c:\Users\v.tsaregorodtsev\Documents\vch\VCH_BLE\LIB\libCH58xBLE.a(l2cap.o)
                0x000000000000d16e                l2capFindPsm
 .text.l2capFindRemoteCID
                0x000000000000d19a       0x3c c:\Users\v.tsaregorodtsev\Documents\vch\VCH_BLE\LIB\libCH58xBLE.a(l2cap.o)
                0x000000000000d19a                l2capFindRemoteCID
 .text.l2capFreeChannel
                0x000000000000d1d6       0x4e c:\Users\v.tsaregorodtsev\Documents\vch\VCH_BLE\LIB\libCH58xBLE.a(l2cap.o)
                0x000000000000d1d6                l2capFreeChannel
 .text.l2capDisconnectChannel
                0x000000000000d224       0x28 c:\Users\v.tsaregorodtsev\Documents\vch\VCH_BLE\LIB\libCH58xBLE.a(l2cap.o)
                0x000000000000d224                l2capDisconnectChannel
 .text.l2capHandleTimerCB
                0x000000000000d24c       0x2c c:\Users\v.tsaregorodtsev\Documents\vch\VCH_BLE\LIB\libCH58xBLE.a(l2cap.o)
                0x000000000000d24c                l2capHandleTimerCB
 .text.l2capFreePendingPkt
                0x000000000000d278       0x58 c:\Users\v.tsaregorodtsev\Documents\vch\VCH_BLE\LIB\libCH58xBLE.a(l2cap.o)
                0x000000000000d278                l2capFreePendingPkt
 .text.l2capGetCoChannelInfo
                0x000000000000d2d0       0x82 c:\Users\v.tsaregorodtsev\Documents\vch\VCH_BLE\LIB\libCH58xBLE.a(l2cap.o)
                0x000000000000d2d0                l2capGetCoChannelInfo
 .text.l2capNumActiveChannnels
                0x000000000000d352       0x44 c:\Users\v.tsaregorodtsev\Documents\vch\VCH_BLE\LIB\libCH58xBLE.a(l2cap.o)
                0x000000000000d352                l2capNumActiveChannnels
 .text.l2capStartTimer
                0x000000000000d396       0x1a c:\Users\v.tsaregorodtsev\Documents\vch\VCH_BLE\LIB\libCH58xBLE.a(l2cap.o)
                0x000000000000d396                l2capStartTimer
 .text.l2capStopTimer
                0x000000000000d3b0       0x1e c:\Users\v.tsaregorodtsev\Documents\vch\VCH_BLE\LIB\libCH58xBLE.a(l2cap.o)
                0x000000000000d3b0                l2capStopTimer
 .text.l2capDisconnectAllChannels
                0x000000000000d3ce       0xdc c:\Users\v.tsaregorodtsev\Documents\vch\VCH_BLE\LIB\libCH58xBLE.a(l2cap.o)
                0x000000000000d3ce                l2capDisconnectAllChannels
 .text.l2capHandleConnStatusCB
                0x000000000000d4aa       0x3c c:\Users\v.tsaregorodtsev\Documents\vch\VCH_BLE\LIB\libCH58xBLE.a(l2cap.o)
                0x000000000000d4aa                l2capHandleConnStatusCB
 .text.l2capHandleRxError
                0x000000000000d4e6        0x6 c:\Users\v.tsaregorodtsev\Documents\vch\VCH_BLE\LIB\libCH58xBLE.a(l2cap.o)
                0x000000000000d4e6                l2capHandleRxError
 .text.L2CAP_GetMTU
                0x000000000000d4ec        0x6 c:\Users\v.tsaregorodtsev\Documents\vch\VCH_BLE\LIB\libCH58xBLE.a(l2cap.o)
                0x000000000000d4ec                L2CAP_GetMTU
 .text.L2CAP_HostNumCompletedPkts
                0x000000000000d4f2       0x28 c:\Users\v.tsaregorodtsev\Documents\vch\VCH_BLE\LIB\libCH58xBLE.a(l2cap.o)
                0x000000000000d4f2                L2CAP_HostNumCompletedPkts
 .text.L2CAP_ParseConnectReq
                0x000000000000d51a       0x5e c:\Users\v.tsaregorodtsev\Documents\vch\VCH_BLE\LIB\libCH58xBLE.a(l2cap.o)
                0x000000000000d51a                L2CAP_ParseConnectReq
 .text.L2CAP_ParseFlowCtrlCredit
                0x000000000000d578       0x2e c:\Users\v.tsaregorodtsev\Documents\vch\VCH_BLE\LIB\libCH58xBLE.a(l2cap.o)
                0x000000000000d578                L2CAP_ParseFlowCtrlCredit
 .text.L2CAP_RegisterApp
                0x000000000000d5a6       0x30 c:\Users\v.tsaregorodtsev\Documents\vch\VCH_BLE\LIB\libCH58xBLE.a(l2cap.o)
                0x000000000000d5a6                L2CAP_RegisterApp
 .text.L2CAP_SetBufSize
                0x000000000000d5d6       0x1e c:\Users\v.tsaregorodtsev\Documents\vch\VCH_BLE\LIB\libCH58xBLE.a(l2cap.o)
                0x000000000000d5d6                L2CAP_SetBufSize
 .text.L2CAP_bm_alloc
                0x000000000000d5f4       0x2a c:\Users\v.tsaregorodtsev\Documents\vch\VCH_BLE\LIB\libCH58xBLE.a(l2cap.o)
                0x000000000000d5f4                L2CAP_bm_alloc
 .text.L2CAP_Init
                0x000000000000d61e      0x142 c:\Users\v.tsaregorodtsev\Documents\vch\VCH_BLE\LIB\libCH58xBLE.a(l2cap.o)
                0x000000000000d61e                L2CAP_Init
 .text.L2CAP_ProcessEvent
                0x000000000000d760       0xc8 c:\Users\v.tsaregorodtsev\Documents\vch\VCH_BLE\LIB\libCH58xBLE.a(l2cap.o)
                0x000000000000d760                L2CAP_ProcessEvent
 .text.l2capParseCmdReject
                0x000000000000d828       0x5e c:\Users\v.tsaregorodtsev\Documents\vch\VCH_BLE\LIB\libCH58xBLE.a(l2cap_input.o)
                0x000000000000d828                l2capParseCmdReject
 .text.l2capParseDisconnectReq
                0x000000000000d886       0x2e c:\Users\v.tsaregorodtsev\Documents\vch\VCH_BLE\LIB\libCH58xBLE.a(l2cap_input.o)
                0x000000000000d886                l2capParseDisconnectReq
 .text.l2capParseDisconnectRsp
                0x000000000000d8b4       0x2e c:\Users\v.tsaregorodtsev\Documents\vch\VCH_BLE\LIB\libCH58xBLE.a(l2cap_input.o)
                0x000000000000d8b4                l2capParseDisconnectRsp
 .text.L2CAP_ParseParamUpdateReq
                0x000000000000d8e2       0x4e c:\Users\v.tsaregorodtsev\Documents\vch\VCH_BLE\LIB\libCH58xBLE.a(l2cap_input.o)
                0x000000000000d8e2                L2CAP_ParseParamUpdateReq
 .text.l2capParseParamUpdateRsp
                0x000000000000d930       0x1e c:\Users\v.tsaregorodtsev\Documents\vch\VCH_BLE\LIB\libCH58xBLE.a(l2cap_input.o)
                0x000000000000d930                l2capParseParamUpdateRsp
 .text.l2capProcessConnectReq
                0x000000000000d94e       0xfc c:\Users\v.tsaregorodtsev\Documents\vch\VCH_BLE\LIB\libCH58xBLE.a(l2cap_input.o)
                0x000000000000d94e                l2capProcessConnectReq
 .text.l2capParseConnectRsp
                0x000000000000da4a       0x5e c:\Users\v.tsaregorodtsev\Documents\vch\VCH_BLE\LIB\libCH58xBLE.a(l2cap_input.o)
                0x000000000000da4a                l2capParseConnectRsp
 .text.l2capParseSignalHdr
                0x000000000000daa8       0x22 c:\Users\v.tsaregorodtsev\Documents\vch\VCH_BLE\LIB\libCH58xBLE.a(l2cap_input.o)
                0x000000000000daa8                l2capParseSignalHdr
 .text.l2capParsePacket
                0x000000000000daca       0x8c c:\Users\v.tsaregorodtsev\Documents\vch\VCH_BLE\LIB\libCH58xBLE.a(l2cap_input.o)
                0x000000000000daca                l2capParsePacket
 .text.l2capProcessReq
                0x000000000000db56      0x15a c:\Users\v.tsaregorodtsev\Documents\vch\VCH_BLE\LIB\libCH58xBLE.a(l2cap_input.o)
                0x000000000000db56                l2capProcessReq
 .text.l2capProcessRsp
                0x000000000000dcb0      0x150 c:\Users\v.tsaregorodtsev\Documents\vch\VCH_BLE\LIB\libCH58xBLE.a(l2cap_input.o)
                0x000000000000dcb0                l2capProcessRsp
 .text.l2capProcessRxData
                0x000000000000de00       0xf8 c:\Users\v.tsaregorodtsev\Documents\vch\VCH_BLE\LIB\libCH58xBLE.a(l2cap_input.o)
                0x000000000000de00                l2capProcessRxData
 .text.l2capNotifyData
                0x000000000000def8       0x5e c:\Users\v.tsaregorodtsev\Documents\vch\VCH_BLE\LIB\libCH58xBLE.a(l2cap_output.o)
                0x000000000000def8                l2capNotifyData
 .text.l2capNotifySignal
                0x000000000000df56       0x7a c:\Users\v.tsaregorodtsev\Documents\vch\VCH_BLE\LIB\libCH58xBLE.a(l2cap_output.o)
                0x000000000000df56                l2capNotifySignal
 .text.l2capNotifyCreditEvt
                0x000000000000dfd0       0xa0 c:\Users\v.tsaregorodtsev\Documents\vch\VCH_BLE\LIB\libCH58xBLE.a(l2cap_output.o)
                0x000000000000dfd0                l2capNotifyCreditEvt
 .text.l2capNotifyChannelEstEvt
                0x000000000000e070       0x5c c:\Users\v.tsaregorodtsev\Documents\vch\VCH_BLE\LIB\libCH58xBLE.a(l2cap_output.o)
                0x000000000000e070                l2capNotifyChannelEstEvt
 .text.l2capNotifyChannelTermEvt
                0x000000000000e0cc       0x3e c:\Users\v.tsaregorodtsev\Documents\vch\VCH_BLE\LIB\libCH58xBLE.a(l2cap_output.o)
                0x000000000000e0cc                l2capNotifyChannelTermEvt
 .text.l2capNotifyEvent
                0x000000000000e10a       0x66 c:\Users\v.tsaregorodtsev\Documents\vch\VCH_BLE\LIB\libCH58xBLE.a(l2cap_output.o)
                0x000000000000e10a                l2capNotifyEvent
 .text.l2capStoreFCPkt
                0x000000000000e170       0x32 c:\Users\v.tsaregorodtsev\Documents\vch\VCH_BLE\LIB\libCH58xBLE.a(l2cap_output.o)
                0x000000000000e170                l2capStoreFCPkt
 .text.l2capFreeTxSDU
                0x000000000000e1a2       0x9e c:\Users\v.tsaregorodtsev\Documents\vch\VCH_BLE\LIB\libCH58xBLE.a(l2cap_output.o)
                0x000000000000e1a2                l2capFreeTxSDU
 .text.l2capReassembleSegment
                0x000000000000e240      0x174 c:\Users\v.tsaregorodtsev\Documents\vch\VCH_BLE\LIB\libCH58xBLE.a(l2cap_output.o)
                0x000000000000e240                l2capReassembleSegment
 .text.l2capEncapSendData
                0x000000000000e3b4       0xec c:\Users\v.tsaregorodtsev\Documents\vch\VCH_BLE\LIB\libCH58xBLE.a(l2cap_output.o)
                0x000000000000e3b4                l2capEncapSendData
 .text.l2capSendFCPkt.part.3
                0x000000000000e4a0       0x70 c:\Users\v.tsaregorodtsev\Documents\vch\VCH_BLE\LIB\libCH58xBLE.a(l2cap_output.o)
 .text.l2capSendSegment
                0x000000000000e510      0x108 c:\Users\v.tsaregorodtsev\Documents\vch\VCH_BLE\LIB\libCH58xBLE.a(l2cap_output.o)
                0x000000000000e510                l2capSendSegment
 .text.l2capSendNextSegment
                0x000000000000e618       0xb4 c:\Users\v.tsaregorodtsev\Documents\vch\VCH_BLE\LIB\libCH58xBLE.a(l2cap_output.o)
                0x000000000000e618                l2capSendNextSegment
 .text.l2capSendPkt
                0x000000000000e6cc       0x3a c:\Users\v.tsaregorodtsev\Documents\vch\VCH_BLE\LIB\libCH58xBLE.a(l2cap_output.o)
                0x000000000000e6cc                l2capSendPkt
 .text.L2CAP_SendData
                0x000000000000e706       0x82 c:\Users\v.tsaregorodtsev\Documents\vch\VCH_BLE\LIB\libCH58xBLE.a(l2cap_output.o)
                0x000000000000e706                L2CAP_SendData
 .text.l2capSendCmd
                0x000000000000e788       0x8a c:\Users\v.tsaregorodtsev\Documents\vch\VCH_BLE\LIB\libCH58xBLE.a(l2cap_output.o)
                0x000000000000e788                l2capSendCmd
 .text.l2capSendReq
                0x000000000000e812       0xbc c:\Users\v.tsaregorodtsev\Documents\vch\VCH_BLE\LIB\libCH58xBLE.a(l2cap_output.o)
                0x000000000000e812                l2capSendReq
 .text.l2capBuildDisconnectReq
                0x000000000000e8ce       0x28 c:\Users\v.tsaregorodtsev\Documents\vch\VCH_BLE\LIB\libCH58xBLE.a(l2cap_sdu.o)
 .text.l2capBuildParamUpdateReq
                0x000000000000e8f6       0x4c c:\Users\v.tsaregorodtsev\Documents\vch\VCH_BLE\LIB\libCH58xBLE.a(l2cap_sdu.o)
 .text.l2capBuildParamUpdateRsp
                0x000000000000e942       0x16 c:\Users\v.tsaregorodtsev\Documents\vch\VCH_BLE\LIB\libCH58xBLE.a(l2cap_sdu.o)
 .text.l2capBuildConnectRsp
                0x000000000000e958       0x5e c:\Users\v.tsaregorodtsev\Documents\vch\VCH_BLE\LIB\libCH58xBLE.a(l2cap_sdu.o)
 .text.l2capBuildCmdReject
                0x000000000000e9b6       0x62 c:\Users\v.tsaregorodtsev\Documents\vch\VCH_BLE\LIB\libCH58xBLE.a(l2cap_sdu.o)
                0x000000000000e9b6                l2capBuildCmdReject
 .text.l2capBuildDisconnectRsp
                0x000000000000ea18       0x28 c:\Users\v.tsaregorodtsev\Documents\vch\VCH_BLE\LIB\libCH58xBLE.a(l2cap_sdu.o)
                0x000000000000ea18                l2capBuildDisconnectRsp
 .text.l2capSendConnectRsp
                0x000000000000ea40       0xa6 c:\Users\v.tsaregorodtsev\Documents\vch\VCH_BLE\LIB\libCH58xBLE.a(l2cap_sdu.o)
                0x000000000000ea40                l2capSendConnectRsp
 .text.L2CAP_CmdReject
                0x000000000000eae6       0x12 c:\Users\v.tsaregorodtsev\Documents\vch\VCH_BLE\LIB\libCH58xBLE.a(l2cap_sdu.o)
                0x000000000000eae6                L2CAP_CmdReject
 .text.L2CAP_DisconnectReq
                0x000000000000eaf8       0x2a c:\Users\v.tsaregorodtsev\Documents\vch\VCH_BLE\LIB\libCH58xBLE.a(l2cap_sdu.o)
                0x000000000000eaf8                L2CAP_DisconnectReq
 .text.L2CAP_ConnParamUpdateReq
                0x000000000000eb22       0x16 c:\Users\v.tsaregorodtsev\Documents\vch\VCH_BLE\LIB\libCH58xBLE.a(l2cap_sdu.o)
                0x000000000000eb22                L2CAP_ConnParamUpdateReq
 .text.L2CAP_ConnParamUpdateRsp
                0x000000000000eb38       0x12 c:\Users\v.tsaregorodtsev\Documents\vch\VCH_BLE\LIB\libCH58xBLE.a(l2cap_sdu.o)
                0x000000000000eb38                L2CAP_ConnParamUpdateRsp
 .text.reportStatusChange
                0x000000000000eb4a       0x3e c:\Users\v.tsaregorodtsev\Documents\vch\VCH_BLE\LIB\libCH58xBLE.a(linkdb.o)
 .text.linkDB_Init
                0x000000000000eb88       0xa0 c:\Users\v.tsaregorodtsev\Documents\vch\VCH_BLE\LIB\libCH58xBLE.a(linkdb.o)
                0x000000000000eb88                linkDB_Init
 .text.linkDB_Find
                0x000000000000ec28       0x30 c:\Users\v.tsaregorodtsev\Documents\vch\VCH_BLE\LIB\libCH58xBLE.a(linkdb.o)
                0x000000000000ec28                linkDB_Find
 .text.linkDB_Authen
                0x000000000000ec58       0x5c c:\Users\v.tsaregorodtsev\Documents\vch\VCH_BLE\LIB\libCH58xBLE.a(linkdb.o)
                0x000000000000ec58                linkDB_Authen
 .text.linkDB_FindByAddr
                0x000000000000ecb4       0x7e c:\Users\v.tsaregorodtsev\Documents\vch\VCH_BLE\LIB\libCH58xBLE.a(linkdb.o)
                0x000000000000ecb4                linkDB_FindByAddr
 .text.linkDB_FindFirst
                0x000000000000ed32       0x3c c:\Users\v.tsaregorodtsev\Documents\vch\VCH_BLE\LIB\libCH58xBLE.a(linkdb.o)
                0x000000000000ed32                linkDB_FindFirst
 .text.linkDB_MTU
                0x000000000000ed6e       0x18 c:\Users\v.tsaregorodtsev\Documents\vch\VCH_BLE\LIB\libCH58xBLE.a(linkdb.o)
                0x000000000000ed6e                linkDB_MTU
 .text.linkDB_NumActive